../Drivers/STM32WBxx_HAL_Driver/Inc/stm32wbxx_ll_system.h:2223:26:LL_FLASH_GetUDN	4	static
../Drivers/STM32WBxx_HAL_Driver/Inc/stm32wbxx_ll_system.h:2235:26:LL_FLASH_GetDeviceID	4	static
../Drivers/STM32WBxx_HAL_Driver/Inc/stm32wbxx_ll_system.h:2247:26:LL_FLASH_GetSTCompanyID	4	static
../STM32_WPAN/App/app_ble.c:253:6:APP_BLE_Init	80	static
../STM32_WPAN/App/app_ble.c:390:13:Process_Advertising_Report	80	static
../STM32_WPAN/App/app_ble.c:467:28:SVCCTL_App_Notification	168	static
../STM32_WPAN/App/app_ble.c:788:22:APP_BLE_Get_Client_Connection_Status	16	static
../STM32_WPAN/App/app_ble.c:804:13:Ble_Tl_Init	16	static
../STM32_WPAN/App/app_ble.c:815:13:Ble_Hci_Gap_Gatt_Init	72	static
../STM32_WPAN/App/app_ble.c:1029:13:Scan_Request	24	static
../STM32_WPAN/App/app_ble.c:1063:13:Connect_Request	48	static
../STM32_WPAN/App/app_ble.c:1108:13:Switch_OFF_GPIO	4	static
../STM32_WPAN/App/app_ble.c:1115:16:BleGetBdAddress	32	static
../STM32_WPAN/App/app_ble.c:1172:6:hci_notify_asynch_evt	16	static
../STM32_WPAN/App/app_ble.c:1178:6:hci_cmd_resp_release	16	static
../STM32_WPAN/App/app_ble.c:1184:6:hci_cmd_resp_wait	16	static
../STM32_WPAN/App/app_ble.c:1190:13:BLE_UserEvtRx	24	static
../STM32_WPAN/App/app_ble.c:1210:13:BLE_StatusNot	24	static
../STM32_WPAN/App/app_ble.c:1239:6:SVCCTL_ResumeUserEventFlow	8	static
