Archive member included to satisfy reference by file (symbol)

/Applications/STM32CubeIDE.app/Contents/Eclipse/plugins/com.st.stm32cube.ide.mcu.externaltools.gnu-tools-for-stm32.13.3.rel1.macos64_1.0.0.202411102158/tools/bin/../lib/gcc/arm-none-eabi/13.3.1/../../../../arm-none-eabi/lib/thumb/v7e-m+fp/hard/libc_nano.a(libc_a-atoi.o)
                              ./STM32_WPAN/App/app_ble.o (atoi)
/Applications/STM32CubeIDE.app/Contents/Eclipse/plugins/com.st.stm32cube.ide.mcu.externaltools.gnu-tools-for-stm32.13.3.rel1.macos64_1.0.0.202411102158/tools/bin/../lib/gcc/arm-none-eabi/13.3.1/../../../../arm-none-eabi/lib/thumb/v7e-m+fp/hard/libc_nano.a(libc_a-exit.o)
                              /Applications/STM32CubeIDE.app/Contents/Eclipse/plugins/com.st.stm32cube.ide.mcu.externaltools.gnu-tools-for-stm32.13.3.rel1.macos64_1.0.0.202411102158/tools/bin/../lib/gcc/arm-none-eabi/13.3.1/../../../../arm-none-eabi/lib/thumb/v7e-m+fp/hard/crt0.o (exit)
/Applications/STM32CubeIDE.app/Contents/Eclipse/plugins/com.st.stm32cube.ide.mcu.externaltools.gnu-tools-for-stm32.13.3.rel1.macos64_1.0.0.202411102158/tools/bin/../lib/gcc/arm-none-eabi/13.3.1/../../../../arm-none-eabi/lib/thumb/v7e-m+fp/hard/libc_nano.a(libc_a-findfp.o)
                              /Applications/STM32CubeIDE.app/Contents/Eclipse/plugins/com.st.stm32cube.ide.mcu.externaltools.gnu-tools-for-stm32.13.3.rel1.macos64_1.0.0.202411102158/tools/bin/../lib/gcc/arm-none-eabi/13.3.1/../../../../arm-none-eabi/lib/thumb/v7e-m+fp/hard/libc_nano.a(libc_a-exit.o) (__stdio_exit_handler)
/Applications/STM32CubeIDE.app/Contents/Eclipse/plugins/com.st.stm32cube.ide.mcu.externaltools.gnu-tools-for-stm32.13.3.rel1.macos64_1.0.0.202411102158/tools/bin/../lib/gcc/arm-none-eabi/13.3.1/../../../../arm-none-eabi/lib/thumb/v7e-m+fp/hard/libc_nano.a(libc_a-vprintf.o)
                              ./Middlewares/ST/STM32_WPAN/utilities/dbg_trace.o (vprintf)
/Applications/STM32CubeIDE.app/Contents/Eclipse/plugins/com.st.stm32cube.ide.mcu.externaltools.gnu-tools-for-stm32.13.3.rel1.macos64_1.0.0.202411102158/tools/bin/../lib/gcc/arm-none-eabi/13.3.1/../../../../arm-none-eabi/lib/thumb/v7e-m+fp/hard/libc_nano.a(libc_a-strtol.o)
                              /Applications/STM32CubeIDE.app/Contents/Eclipse/plugins/com.st.stm32cube.ide.mcu.externaltools.gnu-tools-for-stm32.13.3.rel1.macos64_1.0.0.202411102158/tools/bin/../lib/gcc/arm-none-eabi/13.3.1/../../../../arm-none-eabi/lib/thumb/v7e-m+fp/hard/libc_nano.a(libc_a-atoi.o) (_strtol_r)
/Applications/STM32CubeIDE.app/Contents/Eclipse/plugins/com.st.stm32cube.ide.mcu.externaltools.gnu-tools-for-stm32.13.3.rel1.macos64_1.0.0.202411102158/tools/bin/../lib/gcc/arm-none-eabi/13.3.1/../../../../arm-none-eabi/lib/thumb/v7e-m+fp/hard/libc_nano.a(libc_a-fwalk.o)
                              /Applications/STM32CubeIDE.app/Contents/Eclipse/plugins/com.st.stm32cube.ide.mcu.externaltools.gnu-tools-for-stm32.13.3.rel1.macos64_1.0.0.202411102158/tools/bin/../lib/gcc/arm-none-eabi/13.3.1/../../../../arm-none-eabi/lib/thumb/v7e-m+fp/hard/libc_nano.a(libc_a-findfp.o) (_fwalk_sglue)
/Applications/STM32CubeIDE.app/Contents/Eclipse/plugins/com.st.stm32cube.ide.mcu.externaltools.gnu-tools-for-stm32.13.3.rel1.macos64_1.0.0.202411102158/tools/bin/../lib/gcc/arm-none-eabi/13.3.1/../../../../arm-none-eabi/lib/thumb/v7e-m+fp/hard/libc_nano.a(libc_a-printf.o)
                              ./Core/Src/app_entry.o (printf)
/Applications/STM32CubeIDE.app/Contents/Eclipse/plugins/com.st.stm32cube.ide.mcu.externaltools.gnu-tools-for-stm32.13.3.rel1.macos64_1.0.0.202411102158/tools/bin/../lib/gcc/arm-none-eabi/13.3.1/../../../../arm-none-eabi/lib/thumb/v7e-m+fp/hard/libc_nano.a(libc_a-putchar.o)
                              ./STM32_WPAN/App/app_ble.o (putchar)
/Applications/STM32CubeIDE.app/Contents/Eclipse/plugins/com.st.stm32cube.ide.mcu.externaltools.gnu-tools-for-stm32.13.3.rel1.macos64_1.0.0.202411102158/tools/bin/../lib/gcc/arm-none-eabi/13.3.1/../../../../arm-none-eabi/lib/thumb/v7e-m+fp/hard/libc_nano.a(libc_a-puts.o)
                              ./Core/Src/app_entry.o (puts)
/Applications/STM32CubeIDE.app/Contents/Eclipse/plugins/com.st.stm32cube.ide.mcu.externaltools.gnu-tools-for-stm32.13.3.rel1.macos64_1.0.0.202411102158/tools/bin/../lib/gcc/arm-none-eabi/13.3.1/../../../../arm-none-eabi/lib/thumb/v7e-m+fp/hard/libc_nano.a(libc_a-memcmp.o)
                              ./Middlewares/ST/STM32_WPAN/ble/core/template/osal.o (memcmp)
/Applications/STM32CubeIDE.app/Contents/Eclipse/plugins/com.st.stm32cube.ide.mcu.externaltools.gnu-tools-for-stm32.13.3.rel1.macos64_1.0.0.202411102158/tools/bin/../lib/gcc/arm-none-eabi/13.3.1/../../../../arm-none-eabi/lib/thumb/v7e-m+fp/hard/libc_nano.a(libc_a-memset.o)
[...]
Memory Configuration

Name             Origin             Length             Attributes
FLASH            0x08000000         0x00080000         xr
RAM              0x20000008         0x0002fff8         xrw
RAM_SHARED       0x20030000         0x00002800         xrw
*default*        0x00000000         0xffffffff

Linker script and memory map

LOAD /Applications/STM32CubeIDE.app/Contents/Eclipse/plugins/com.st.stm32cube.ide.mcu.externaltools.gnu-tools-for-stm32.13.3.rel1.macos64_1.0.0.202411102158/tools/bin/../lib/gcc/arm-none-eabi/13.3.1/thumb/v7e-m+fp/hard/crti.o
LOAD /Applications/STM32CubeIDE.app/Contents/Eclipse/plugins/com.st.stm32cube.ide.mcu.externaltools.gnu-tools-for-stm32.13.3.rel1.macos64_1.0.0.202411102158/tools/bin/../lib/gcc/arm-none-eabi/13.3.1/thumb/v7e-m+fp/hard/crtbegin.o
LOAD /Applications/STM32CubeIDE.app/Contents/Eclipse/plugins/com.st.stm32cube.ide.mcu.externaltools.gnu-tools-for-stm32.13.3.rel1.macos64_1.0.0.202411102158/tools/bin/../lib/gcc/arm-none-eabi/13.3.1/../../../../arm-none-eabi/lib/thumb/v7e-m+fp/hard/crt0.o
LOAD ./Core/Src/app_debug.o
LOAD ./Core/Src/app_entry.o
LOAD ./Core/Src/hw_timerserver.o
LOAD ./Core/Src/hw_uart.o
LOAD ./Core/Src/main.o
LOAD ./Core/Src/stm32_lpm_if.o
LOAD ./Core/Src/stm32wbxx_hal_msp.o
LOAD ./Core/Src/stm32wbxx_it.o
LOAD ./Core/Src/syscalls.o
LOAD ./Core/Src/sysmem.o
LOAD ./Core/Src/system_stm32wbxx.o
LOAD ./Core/Startup/startup_stm32wb55rgvx.o
LOAD ./Drivers/STM32WBxx_HAL_Driver/Src/stm32wbxx_hal.o
LOAD ./Drivers/STM32WBxx_HAL_Driver/Src/stm32wbxx_hal_cortex.o
LOAD ./Drivers/STM32WBxx_HAL_Driver/Src/stm32wbxx_hal_dma.o
LOAD ./Drivers/STM32WBxx_HAL_Driver/Src/stm32wbxx_hal_dma_ex.o
LOAD ./Drivers/STM32WBxx_HAL_Driver/Src/stm32wbxx_hal_exti.o
LOAD ./Drivers/STM32WBxx_HAL_Driver/Src/stm32wbxx_hal_flash.o
LOAD ./Drivers/STM32WBxx_HAL_Driver/Src/stm32wbxx_hal_flash_ex.o
LOAD ./Drivers/STM32WBxx_HAL_Driver/Src/stm32wbxx_hal_gpio.o
LOAD ./Drivers/STM32WBxx_HAL_Driver/Src/stm32wbxx_hal_hsem.o
LOAD ./Drivers/STM32WBxx_HAL_Driver/Src/stm32wbxx_hal_ipcc.o
LOAD ./Drivers/STM32WBxx_HAL_Driver/Src/stm32wbxx_hal_pwr.o
LOAD ./Drivers/STM32WBxx_HAL_Driver/Src/stm32wbxx_hal_pwr_ex.o
LOAD ./Drivers/STM32WBxx_HAL_Driver/Src/stm32wbxx_hal_rcc.o
LOAD ./Drivers/STM32WBxx_HAL_Driver/Src/stm32wbxx_hal_rcc_ex.o
LOAD ./Drivers/STM32WBxx_HAL_Driver/Src/stm32wbxx_hal_rtc.o
LOAD ./Drivers/STM32WBxx_HAL_Driver/Src/stm32wbxx_hal_rtc_ex.o
LOAD ./Drivers/STM32WBxx_HAL_Driver/Src/stm32wbxx_hal_uart.o
LOAD ./Drivers/STM32WBxx_HAL_Driver/Src/stm32wbxx_hal_uart_ex.o
LOAD ./Drivers/STM32WBxx_HAL_Driver/Src/stm32wbxx_ll_rcc.o
LOAD ./Middlewares/ST/STM32_WPAN/ble/core/auto/ble_gap_aci.o
LOAD ./Middlewares/ST/STM32_WPAN/ble/core/auto/ble_gatt_aci.o
LOAD ./Middlewares/ST/STM32_WPAN/ble/core/auto/ble_hal_aci.o
LOAD ./Middlewares/ST/STM32_WPAN/ble/core/auto/ble_hci_le.o
LOAD ./Middlewares/ST/STM32_WPAN/ble/core/auto/ble_l2cap_aci.o
LOAD ./Middlewares/ST/STM32_WPAN/ble/core/template/osal.o
LOAD ./Middlewares/ST/STM32_WPAN/ble/svc/Src/svc_ctl.o
LOAD ./Middlewares/ST/STM32_WPAN/interface/patterns/ble_thread/shci/shci.o
LOAD ./Middlewares/ST/STM32_WPAN/interface/patterns/ble_thread/tl/hci_tl.o
LOAD ./Middlewares/ST/STM32_WPAN/interface/patterns/ble_thread/tl/hci_tl_if.o
LOAD ./Middlewares/ST/STM32_WPAN/interface/patterns/ble_thread/tl/shci_tl.o
LOAD ./Middlewares/ST/STM32_WPAN/interface/patterns/ble_thread/tl/shci_tl_if.o
LOAD ./Middlewares/ST/STM32_WPAN/interface/patterns/ble_thread/tl/tl_mbox.o
LOAD ./Middlewares/ST/STM32_WPAN/utilities/dbg_trace.o
LOAD ./Middlewares/ST/STM32_WPAN/utilities/otp.o
LOAD ./Middlewares/ST/STM32_WPAN/utilities/stm_list.o
LOAD ./Middlewares/ST/STM32_WPAN/utilities/stm_queue.o
LOAD ./STM32_WPAN/App/app_ble.o
LOAD ./STM32_WPAN/App/p2p_client_app.o
LOAD ./STM32_WPAN/Target/hw_ipcc.o
LOAD ./Utilities/lpm/tiny_lpm/stm32_lpm.o
LOAD ./Utilities/sequencer/stm32_seq.o
START GROUP
LOAD /Applications/STM32CubeIDE.app/Contents/Eclipse/plugins/com.st.stm32cube.ide.mcu.externaltools.gnu-tools-for-stm32.13.3.rel1.macos64_1.0.0.202411102158/tools/bin/../lib/gcc/arm-none-eabi/13.3.1/../../../../arm-none-eabi/lib/thumb/v7e-m+fp/hard/libc_nano.a
LOAD /Applications/STM32CubeIDE.app/Contents/Eclipse/plugins/com.st.stm32cube.ide.mcu.externaltools.gnu-tools-for-stm32.13.3.rel1.macos64_1.0.0.202411102158/tools/bin/../lib/gcc/arm-none-eabi/13.3.1/../../../../arm-none-eabi/lib/thumb/v7e-m+fp/hard/libm.a
END GROUP
START GROUP
LOAD /Applications/STM32CubeIDE.app/Contents/Eclipse/plugins/com.st.stm32cube.ide.mcu.externaltools.gnu-tools-for-stm32.13.3.rel1.macos64_1.0.0.202411102158/tools/bin/../lib/gcc/arm-none-eabi/13.3.1/thumb/v7e-m+fp/hard/libgcc.a
LOAD /Applications/STM32CubeIDE.app/Contents/Eclipse/plugins/com.st.stm32cube.ide.mcu.externaltools.gnu-tools-for-stm32.13.3.rel1.macos64_1.0.0.202411102158/tools/bin/../lib/gcc/arm-none-eabi/13.3.1/../../../../arm-none-eabi/lib/thumb/v7e-m+fp/hard/libc_nano.a
END GROUP
START GROUP
LOAD /Applications/STM32CubeIDE.app/Contents/Eclipse/plugins/com.st.stm32cube.ide.mcu.externaltools.gnu-tools-for-stm32.13.3.rel1.macos64_1.0.0.202411102158/tools/bin/../lib/gcc/arm-none-eabi/13.3.1/thumb/v7e-m+fp/hard/libgcc.a
LOAD /Applications/STM32CubeIDE.app/Contents/Eclipse/plugins/com.st.stm32cube.ide.mcu.externaltools.gnu-tools-for-stm32.13.3.rel1.macos64_1.0.0.202411102158/tools/bin/../lib/gcc/arm-none-eabi/13.3.1/../../../../arm-none-eabi/lib/thumb/v7e-m+fp/hard/libc_nano.a
LOAD /Applications/STM32CubeIDE.app/Contents/Eclipse/plugins/com.st.stm32cube.ide.mcu.externaltools.gnu-tools-for-stm32.13.3.rel1.macos64_1.0.0.202411102158/tools/bin/../lib/gcc/arm-none-eabi/13.3.1/../../../../arm-none-eabi/lib/thumb/v7e-m+fp/hard/libnosys.a
END GROUP
START GROUP
LOAD /Applications/STM32CubeIDE.app/Contents/Eclipse/plugins/com.st.stm32cube.ide.mcu.externaltools.gnu-tools-for-stm32.13.3.rel1.macos64_1.0.0.202411102158/tools/bin/../lib/gcc/arm-none-eabi/13.3.1/thumb/v7e-m+fp/hard/libgcc.a
LOAD /Applications/STM32CubeIDE.app/Contents/Eclipse/plugins/com.st.stm32cube.ide.mcu.externaltools.gnu-tools-for-stm32.13.3.rel1.macos64_1.0.0.202411102158/tools/bin/../lib/gcc/arm-none-eabi/13.3.1/../../../../arm-none-eabi/lib/thumb/v7e-m+fp/hard/libc_nano.a
LOAD /Applications/STM32CubeIDE.app/Contents/Eclipse/plugins/com.st.stm32cube.ide.mcu.externaltools.gnu-tools-for-stm32.13.3.rel1.macos64_1.0.0.202411102158/tools/bin/../lib/gcc/arm-none-eabi/13.3.1/../../../../arm-none-eabi/lib/thumb/v7e-m+fp/hard/libnosys.a
END GROUP
LOAD /Applications/STM32CubeIDE.app/Contents/Eclipse/plugins/com.st.stm32cube.ide.mcu.externaltools.gnu-tools-for-stm32.13.3.rel1.macos64_1.0.0.202411102158/tools/bin/../lib/gcc/arm-none-eabi/13.3.1/thumb/v7e-m+fp/hard/crtend.o
LOAD /Applications/STM32CubeIDE.app/Contents/Eclipse/plugins/com.st.stm32cube.ide.mcu.externaltools.gnu-tools-for-stm32.13.3.rel1.macos64_1.0.0.202411102158/tools/bin/../lib/gcc/arm-none-eabi/13.3.1/thumb/v7e-m+fp/hard/crtn.o
                0x20030000                        _estack = (ORIGIN (RAM) + LENGTH (RAM))
                0x00000400                        _Min_Heap_Size = 0x400
                0x00001000                        _Min_Stack_Size = 0x1000

.isr_vector     0x08000000      0x13c
                0x08000000                        . = ALIGN (0x4)
 *(.isr_vector)
 .isr_vector    0x08000000      0x13c ./Core/Startup/startup_stm32wb55rgvx.o
                0x08000000                g_pfnVectors
                0x0800013c                        . = ALIGN (0x4)

.text           0x08000140     0xc3b0
                0x08000140                        . = ALIGN (0x4)
 *(.text)
 .text          0x08000140       0x40 /Applications/STM32CubeIDE.app/Contents/Eclipse/plugins/com.st.stm32cube.ide.mcu.externaltools.gnu-tools-for-stm32.13.3.rel1.macos64_1.0.0.202411102158/tools/bin/../lib/gcc/arm-none-eabi/13.3.1/thumb/v7e-m+fp/hard/crtbegin.o
 .text          0x08000180       0x14 /Applications/STM32CubeIDE.app/Contents/Eclipse/plugins/com.st.stm32cube.ide.mcu.externaltools.gnu-tools-for-stm32.13.3.rel1.macos64_1.0.0.202411102158/tools/bin/../lib/gcc/arm-none-eabi/13.3.1/../../../../arm-none-eabi/lib/thumb/v7e-m+fp/hard/libc_nano.a(libc_a-strcmp.o)
                0x08000180                strcmp
 .text          0x08000194       0x10 /Applications/STM32CubeIDE.app/Contents/Eclipse/plugins/com.st.stm32cube.ide.mcu.externaltools.gnu-tools-for-stm32.13.3.rel1.macos64_1.0.0.202411102158/tools/bin/../lib/gcc/arm-none-eabi/13.3.1/../../../../arm-none-eabi/lib/thumb/v7e-m+fp/hard/libc_nano.a(libc_a-strlen.o)
                0x08000194                strlen
 *fill*         0x080001a4        0xc 
 .text          0x080001b0       0xa0 /Applications/STM32CubeIDE.app/Contents/Eclipse/plugins/com.st.stm32cube.ide.mcu.externaltools.gnu-tools-for-stm32.13.3.rel1.macos64_1.0.0.202411102158/tools/bin/../lib/gcc/arm-none-eabi/13.3.1/../../../../arm-none-eabi/lib/thumb/v7e-m+fp/hard/libc_nano.a(libc_a-memchr.o)
                0x080001b0                memchr
 .text          0x08000250       0x30 /Applications/STM32CubeIDE.app/Contents/Eclipse/plugins/com.st.stm32cube.ide.mcu.externaltools.gnu-tools-for-stm32.13.3.rel1.macos64_1.0.0.202411102158/tools/bin/../lib/gcc/arm-none-eabi/13.3.1/thumb/v7e-m+fp/hard/libgcc.a(_aeabi_uldivmod.o)
                0x08000250                __aeabi_uldivmod
 .text          0x08000280      0x2f8 /Applications/STM32CubeIDE.app/Contents/Eclipse/plugins/com.st.stm32cube.ide.mcu.externaltools.gnu-tools-for-stm32.13.3.rel1.macos64_1.0.0.202411102158/tools/bin/../lib/gcc/arm-none-eabi/13.3.1/thumb/v7e-m+fp/hard/libgcc.a(_udivmoddi4.o)
                0x08000280                __udivmoddi4
 .text          0x08000578        0x4 /Applications/STM32CubeIDE.app/Contents/Eclipse/plugins/com.st.stm32cube.ide.mcu.externaltools.gnu-tools-for-stm32.13.3.rel1.macos64_1.0.0.202411102158/tools/bin/../lib/gcc/arm-none-eabi/13.3.1/thumb/v7e-m+fp/hard/libgcc.a(_dvmd_tls.o)
                0x08000578                __aeabi_ldiv0
                0x08000578                __aeabi_idiv0
 *(.text*)
 .text.LL_EXTI_EnableIT_32_63
                0x0800057c       0x28 ./Core/Src/app_debug.o
 .text.LL_AHB2_GRP1_EnableClock
                0x080005a4       0x32 ./Core/Src/app_debug.o
 .text.LL_C2_AHB2_GRP1_EnableClock
                0x080005d6       0x38 ./Core/Src/app_debug.o
 .text.APPD_Init
                0x0800060e       0x24 ./Core/Src/app_debug.o
                0x0800060e                APPD_Init
 *fill*         0x08000632        0x2 
 .text.APPD_EnableCPU2
                0x08000634       0x38 ./Core/Src/app_debug.o
                0x08000634                APPD_EnableCPU2
 .text.APPD_SetCPU2GpioConfig
                0x0800066c      0x144 ./Core/Src/app_debug.o
 .text.APPD_BleDtbCfg
                0x080007b0        0xe ./Core/Src/app_debug.o
 .text.DbgOutputInit
                0x080007be        0xc ./Core/Src/app_debug.o
                0x080007be                DbgOutputInit
 .text.DbgOutputTraces
                0x080007ca       0x22 ./Core/Src/app_debug.o
                0x080007ca                DbgOutputTraces
 .text.LL_C2_PWR_SetPowerMode
                0x080007ec       0x2c ./Core/Src/app_entry.o
 .text.LL_EXTI_EnableIT_32_63
                0x08000818       0x28 ./Core/Src/app_entry.o
 .text.LL_RCC_HSE_SetCapacitorTuning
                0x08000840       0x3c ./Core/Src/app_entry.o
 .text.LL_RCC_SetClkAfterWakeFromStop
                0x0800087c       0x28 ./Core/Src/app_entry.o
 .text.LL_RCC_ForceBackupDomainReset
                0x080008a4       0x22 ./Core/Src/app_entry.o
 .text.LL_RCC_ReleaseBackupDomainReset
                0x080008c6       0x22 ./Core/Src/app_entry.o
 .text.LL_RCC_IsActiveFlag_PINRST
                0x080008e8       0x26 ./Core/Src/app_entry.o
 .text.LL_RCC_IsActiveFlag_SFTRST
                0x0800090e       0x26 ./Core/Src/app_entry.o
 .text.LL_AHB3_GRP1_EnableClock
                0x08000934       0x32 ./Core/Src/app_entry.o
 *fill*         0x08000966        0x2 
 .text.LL_DBGMCU_GetDeviceID
                0x08000968       0x1c ./Core/Src/app_entry.o
 .text.LL_DBGMCU_GetRevisionID
                0x08000984       0x1c ./Core/Src/app_entry.o
 .text.LL_C1_IPCC_DisableTransmitChannel
                0x080009a0       0x24 ./Core/Src/app_entry.o
 .text.LL_C1_IPCC_DisableReceiveChannel
                0x080009c4       0x22 ./Core/Src/app_entry.o
 .text.LL_C2_IPCC_DisableTransmitChannel
                0x080009e6       0x24 ./Core/Src/app_entry.o
 .text.LL_C2_IPCC_DisableReceiveChannel
                0x08000a0a       0x22 ./Core/Src/app_entry.o
 .text.LL_C1_IPCC_ClearFlag_CHx
                0x08000a2c       0x1c ./Core/Src/app_entry.o
 .text.LL_C2_IPCC_ClearFlag_CHx
                0x08000a48       0x1c ./Core/Src/app_entry.o
 .text.LL_RTC_EnableWriteProtection
                0x08000a64       0x1a ./Core/Src/app_entry.o
 .text.LL_RTC_DisableWriteProtection
                0x08000a7e       0x20 ./Core/Src/app_entry.o
 .text.LL_RTC_WAKEUP_SetClock
                0x08000a9e       0x26 ./Core/Src/app_entry.o
 .text.MX_APPE_Config
                0x08000ac4       0x1c ./Core/Src/app_entry.o
                0x08000ac4                MX_APPE_Config
 .text.MX_APPE_Init
                0x08000ae0       0x24 ./Core/Src/app_entry.o
                0x08000ae0                MX_APPE_Init
 .text.Init_Smps
                0x08000b04        0xe ./Core/Src/app_entry.o
                0x08000b04                Init_Smps
 .text.Init_Exti
                0x08000b12        0xe ./Core/Src/app_entry.o
                0x08000b12                Init_Exti
 .text.Reset_Device
                0x08000b20       0x10 ./Core/Src/app_entry.o
 .text.Reset_BackupDomain
                0x08000b30       0x2e ./Core/Src/app_entry.o
 *fill*         0x08000b5e        0x2 
 .text.Reset_IPCC
                0x08000b60       0x44 ./Core/Src/app_entry.o
 .text.Config_HSE
                0x08000ba4       0x28 ./Core/Src/app_entry.o
 .text.System_Init
                0x08000bcc       0x14 ./Core/Src/app_entry.o
 .text.Init_Rtc
                0x08000be0       0x20 ./Core/Src/app_entry.o
 .text.SystemPower_Config
                0x08000c00       0x1a ./Core/Src/app_entry.o
 *fill*         0x08000c1a        0x2 
 .text.appe_Tl_Init
                0x08000c1c       0x6c ./Core/Src/app_entry.o
 .text.APPE_SysStatusNot
                0x08000c88       0x16 ./Core/Src/app_entry.o
 *fill*         0x08000c9e        0x2 
 .text.APPE_SysUserEvtRx
                0x08000ca0      0x118 ./Core/Src/app_entry.o
 .text.APPE_SysEvtError
                0x08000db8       0x4c ./Core/Src/app_entry.o
 .text.APPE_SysEvtReadyProcessing
                0x08000e04       0xc0 ./Core/Src/app_entry.o
 .text.MX_APPE_Process
                0x08000ec4       0x10 ./Core/Src/app_entry.o
                0x08000ec4                MX_APPE_Process
 .text.UTIL_SEQ_Idle
                0x08000ed4        0xe ./Core/Src/app_entry.o
                0x08000ed4                UTIL_SEQ_Idle
 .text.shci_notify_asynch_evt
                0x08000ee2       0x18 ./Core/Src/app_entry.o
                0x08000ee2                shci_notify_asynch_evt
 .text.shci_cmd_resp_release
                0x08000efa       0x16 ./Core/Src/app_entry.o
                0x08000efa                shci_cmd_resp_release
 .text.shci_cmd_resp_wait
                0x08000f10       0x16 ./Core/Src/app_entry.o
                0x08000f10                shci_cmd_resp_wait
 *fill*         0x08000f26        0x2 
 .text.LL_EXTI_EnableIT_0_31
                0x08000f28       0x28 ./Core/Src/hw_timerserver.o
 .text.LL_EXTI_EnableRisingTrig_0_31
                0x08000f50       0x24 ./Core/Src/hw_timerserver.o
 .text.ReadRtcSsrValue
                0x08000f74       0x40 ./Core/Src/hw_timerserver.o
 .text.LinkTimerAfter
                0x08000fb4       0x8c ./Core/Src/hw_timerserver.o
 .text.LinkTimerBefore
                0x08001040       0xc0 ./Core/Src/hw_timerserver.o
 .text.linkTimer
                0x08001100      0x154 ./Core/Src/hw_timerserver.o
 .text.UnlinkTimer
                0x08001254      0x108 ./Core/Src/hw_timerserver.o
 .text.ReturnTimeElapsed
                0x0800135c       0x80 ./Core/Src/hw_timerserver.o
 .text.RestartWakeupCounter
                0x080013dc       0xb0 ./Core/Src/hw_timerserver.o
 .text.RescheduleTimerList
                0x0800148c      0x134 ./Core/Src/hw_timerserver.o
 .text.HW_TS_RTC_Wakeup_Handler
                0x080015c0      0x190 ./Core/Src/hw_timerserver.o
                0x080015c0                HW_TS_RTC_Wakeup_Handler
 .text.HW_TS_Init
                0x08001750      0x1b4 ./Core/Src/hw_timerserver.o
                0x08001750                HW_TS_Init
 .text.HW_TS_Create
                0x08001904       0xf4 ./Core/Src/hw_timerserver.o
                0x08001904                HW_TS_Create
 .text.HW_TS_Stop
                0x080019f8      0x108 ./Core/Src/hw_timerserver.o
                0x080019f8                HW_TS_Stop
 .text.HW_TS_Start
                0x08001b00      0x10c ./Core/Src/hw_timerserver.o
                0x08001b00                HW_TS_Start
 .text.HW_TS_RTC_Int_AppNot
                0x08001c0c       0x1a ./Core/Src/hw_timerserver.o
                0x08001c0c                HW_TS_RTC_Int_AppNot
 *fill*         0x08001c26        0x2 
 .text.HW_UART_Transmit_DMA
                0x08001c28       0xbc ./Core/Src/hw_uart.o
                0x08001c28                HW_UART_Transmit_DMA
 .text.HAL_UART_TxCpltCallback
                0x08001ce4       0x5c ./Core/Src/hw_uart.o
                0x08001ce4                HAL_UART_TxCpltCallback
 .text.LL_RCC_LSE_SetDriveCapability
                0x08001d40       0x2c ./Core/Src/main.o
 .text.LL_AHB1_GRP1_EnableClock
                0x08001d6c       0x32 ./Core/Src/main.o
 .text.LL_AHB2_GRP1_EnableClock
                0x08001d9e       0x32 ./Core/Src/main.o
 .text.classify_knn
                0x08001dd0      0x21c ./Core/Src/main.o
                0x08001dd0                classify_knn
 .text.main     0x08001fec       0xf0 ./Core/Src/main.o
                0x08001fec                main
 .text.SystemClock_Config
                0x080020dc       0xb8 ./Core/Src/main.o
                0x080020dc                SystemClock_Config
 .text.PeriphCommonClock_Config
                0x08002194       0x40 ./Core/Src/main.o
                0x08002194                PeriphCommonClock_Config
 .text.MX_IPCC_Init
                0x080021d4       0x28 ./Core/Src/main.o
 .text.MX_USART1_UART_Init
                0x080021fc       0x9c ./Core/Src/main.o
                0x080021fc                MX_USART1_UART_Init
 .text.MX_RF_Init
                0x08002298        0xe ./Core/Src/main.o
 *fill*         0x080022a6        0x2 
 .text.MX_RTC_Init
                0x080022a8       0x68 ./Core/Src/main.o
 .text.MX_DMA_Init
                0x08002310       0x3a ./Core/Src/main.o
 *fill*         0x0800234a        0x2 
 .text.MX_GPIO_Init
                0x0800234c       0x58 ./Core/Src/main.o
 .text.Error_Handler
                0x080023a4        0xc ./Core/Src/main.o
                0x080023a4                Error_Handler
 .text.LL_RCC_EnableRTC
                0x080023b0       0x22 ./Core/Src/stm32wbxx_hal_msp.o
 .text.LL_AHB2_GRP1_EnableClock
                0x080023d2       0x32 ./Core/Src/stm32wbxx_hal_msp.o
 .text.LL_AHB3_GRP1_EnableClock
                0x08002404       0x32 ./Core/Src/stm32wbxx_hal_msp.o
 .text.LL_APB1_GRP1_EnableClock
                0x08002436       0x32 ./Core/Src/stm32wbxx_hal_msp.o
 .text.LL_APB1_GRP2_EnableClock
                0x08002468       0x32 ./Core/Src/stm32wbxx_hal_msp.o
 .text.LL_APB2_GRP1_EnableClock
                0x0800249a       0x32 ./Core/Src/stm32wbxx_hal_msp.o
 .text.HAL_MspInit
                0x080024cc       0x20 ./Core/Src/stm32wbxx_hal_msp.o
                0x080024cc                HAL_MspInit
 .text.HAL_IPCC_MspInit
                0x080024ec       0x48 ./Core/Src/stm32wbxx_hal_msp.o
                0x080024ec                HAL_IPCC_MspInit
 .text.HAL_UART_MspInit
                0x08002534      0x1e8 ./Core/Src/stm32wbxx_hal_msp.o
                0x08002534                HAL_UART_MspInit
 .text.HAL_RTC_MspInit
                0x0800271c       0x68 ./Core/Src/stm32wbxx_hal_msp.o
                0x0800271c                HAL_RTC_MspInit
 .text.NMI_Handler
                0x08002784        0x8 ./Core/Src/stm32wbxx_it.o
                0x08002784                NMI_Handler
 .text.HardFault_Handler
                0x0800278c        0x8 ./Core/Src/stm32wbxx_it.o
                0x0800278c                HardFault_Handler
 .text.MemManage_Handler
                0x08002794        0x8 ./Core/Src/stm32wbxx_it.o
                0x08002794                MemManage_Handler
 .text.BusFault_Handler
                0x0800279c        0x8 ./Core/Src/stm32wbxx_it.o
                0x0800279c                BusFault_Handler
 .text.UsageFault_Handler
                0x080027a4        0x8 ./Core/Src/stm32wbxx_it.o
                0x080027a4                UsageFault_Handler
 .text.SVC_Handler
                0x080027ac        0xe ./Core/Src/stm32wbxx_it.o
                0x080027ac                SVC_Handler
 .text.DebugMon_Handler
                0x080027ba        0xe ./Core/Src/stm32wbxx_it.o
                0x080027ba                DebugMon_Handler
 .text.PendSV_Handler
                0x080027c8        0xe ./Core/Src/stm32wbxx_it.o
                0x080027c8                PendSV_Handler
 .text.SysTick_Handler
                0x080027d6        0xc ./Core/Src/stm32wbxx_it.o
                0x080027d6                SysTick_Handler
 .text.RTC_WKUP_IRQHandler
                0x080027e2        0xc ./Core/Src/stm32wbxx_it.o
                0x080027e2                RTC_WKUP_IRQHandler
 *fill*         0x080027ee        0x2 
 .text.DMA1_Channel4_IRQHandler
                0x080027f0       0x14 ./Core/Src/stm32wbxx_it.o
                0x080027f0                DMA1_Channel4_IRQHandler
 .text.USART1_IRQHandler
                0x08002804       0x14 ./Core/Src/stm32wbxx_it.o
                0x08002804                USART1_IRQHandler
 .text.LPUART1_IRQHandler
                0x08002818       0x14 ./Core/Src/stm32wbxx_it.o
                0x08002818                LPUART1_IRQHandler
 .text.IPCC_C1_RX_IRQHandler
                0x0800282c        0xc ./Core/Src/stm32wbxx_it.o
                0x0800282c                IPCC_C1_RX_IRQHandler
 .text.IPCC_C1_TX_IRQHandler
                0x08002838        0xc ./Core/Src/stm32wbxx_it.o
                0x08002838                IPCC_C1_TX_IRQHandler
 .text.HSEM_IRQHandler
                0x08002844        0xc ./Core/Src/stm32wbxx_it.o
                0x08002844                HSEM_IRQHandler
 .text.DMA2_Channel4_IRQHandler
                0x08002850       0x14 ./Core/Src/stm32wbxx_it.o
                0x08002850                DMA2_Channel4_IRQHandler
 .text._read    0x08002864       0x3a ./Core/Src/syscalls.o
                0x08002864                _read
 .text._close   0x0800289e       0x18 ./Core/Src/syscalls.o
                0x0800289e                _close
 .text._fstat   0x080028b6       0x20 ./Core/Src/syscalls.o
                0x080028b6                _fstat
 .text._isatty  0x080028d6       0x16 ./Core/Src/syscalls.o
                0x080028d6                _isatty
 .text._lseek   0x080028ec       0x1a ./Core/Src/syscalls.o
                0x080028ec                _lseek
 *fill*         0x08002906        0x2 
 .text._sbrk    0x08002908       0x6c ./Core/Src/sysmem.o
                0x08002908                _sbrk
 .text.SystemInit
                0x08002974       0xa4 ./Core/Src/system_stm32wbxx.o
                0x08002974                SystemInit
 .text.data_initializers
                0x08002a18       0x18 ./Core/Startup/startup_stm32wb55rgvx.o
 .text.Reset_Handler
                0x08002a30       0x58 ./Core/Startup/startup_stm32wb55rgvx.o
                0x08002a30                Reset_Handler
 .text.Default_Handler
                0x08002a88        0x2 ./Core/Startup/startup_stm32wb55rgvx.o
                0x08002a88                DMA2_Channel3_IRQHandler
                0x08002a88                EXTI2_IRQHandler
                0x08002a88                TIM1_CC_IRQHandler
                0x08002a88                TSC_IRQHandler
                0x08002a88                USB_HP_IRQHandler
                0x08002a88                EXTI3_IRQHandler
                0x08002a88                LPTIM2_IRQHandler
                0x08002a88                I2C3_ER_IRQHandler
                0x08002a88                EXTI0_IRQHandler
                0x08002a88                FPU_IRQHandler
                0x08002a88                TIM1_UP_TIM16_IRQHandler
                0x08002a88                AES1_IRQHandler
                0x08002a88                SPI1_IRQHandler
                0x08002a88                PWR_SOTF_BLEACT_802ACT_RFPHASE_IRQHandler
                0x08002a88                DMA2_Channel2_IRQHandler
                0x08002a88                ADC1_IRQHandler
                0x08002a88                PKA_IRQHandler
                0x08002a88                DMA1_Channel7_IRQHandler
                0x08002a88                LCD_IRQHandler
                0x08002a88                DMA2_Channel1_IRQHandler
                0x08002a88                QUADSPI_IRQHandler
                0x08002a88                I2C1_EV_IRQHandler
                0x08002a88                DMAMUX1_OVR_IRQHandler
                0x08002a88                DMA1_Channel6_IRQHandler
                0x08002a88                RCC_IRQHandler
                0x08002a88                DMA1_Channel1_IRQHandler
                0x08002a88                Default_Handler
                0x08002a88                DMA2_Channel7_IRQHandler
                0x08002a88                EXTI15_10_IRQHandler
                0x08002a88                C2SEV_PWR_C2H_IRQHandler
                0x08002a88                AES2_IRQHandler
                0x08002a88                I2C3_EV_IRQHandler
                0x08002a88                EXTI9_5_IRQHandler
                0x08002a88                PVD_PVM_IRQHandler
                0x08002a88                SPI2_IRQHandler
                0x08002a88                DMA2_Channel5_IRQHandler
                0x08002a88                CRS_IRQHandler
                0x08002a88                DMA1_Channel5_IRQHandler
                0x08002a88                USB_LP_IRQHandler
                0x08002a88                EXTI4_IRQHandler
                0x08002a88                RNG_IRQHandler
                0x08002a88                TIM1_TRG_COM_TIM17_IRQHandler
                0x08002a88                TAMP_STAMP_LSECSS_IRQHandler
                0x08002a88                DMA1_Channel3_IRQHandler
                0x08002a88                COMP_IRQHandler
                0x08002a88                WWDG_IRQHandler
                0x08002a88                DMA2_Channel6_IRQHandler
                0x08002a88                TIM2_IRQHandler
                0x08002a88                TIM1_BRK_IRQHandler
                0x08002a88                EXTI1_IRQHandler
                0x08002a88                DMA1_Channel2_IRQHandler
                0x08002a88                FLASH_IRQHandler
                0x08002a88                I2C1_ER_IRQHandler
                0x08002a88                LPTIM1_IRQHandler
                0x08002a88                SAI1_IRQHandler
                0x08002a88                RTC_Alarm_IRQHandler
 *fill*         0x08002a8a        0x2 
 .text.LL_DBGMCU_EnableDBGSleepMode
                0x08002a8c       0x20 ./Drivers/STM32WBxx_HAL_Driver/Src/stm32wbxx_hal.o
 .text.LL_DBGMCU_EnableDBGStopMode
                0x08002aac       0x20 ./Drivers/STM32WBxx_HAL_Driver/Src/stm32wbxx_hal.o
 .text.HAL_Init
                0x08002acc       0x40 ./Drivers/STM32WBxx_HAL_Driver/Src/stm32wbxx_hal.o
                0x08002acc                HAL_Init
 .text.HAL_InitTick
                0x08002b0c       0x74 ./Drivers/STM32WBxx_HAL_Driver/Src/stm32wbxx_hal.o
                0x08002b0c                HAL_InitTick
 .text.HAL_IncTick
                0x08002b80       0x28 ./Drivers/STM32WBxx_HAL_Driver/Src/stm32wbxx_hal.o
                0x08002b80                HAL_IncTick
 .text.HAL_GetTick
                0x08002ba8       0x18 ./Drivers/STM32WBxx_HAL_Driver/Src/stm32wbxx_hal.o
                0x08002ba8                HAL_GetTick
 .text.HAL_GetTickPrio
                0x08002bc0       0x18 ./Drivers/STM32WBxx_HAL_Driver/Src/stm32wbxx_hal.o
                0x08002bc0                HAL_GetTickPrio
 .text.HAL_DBGMCU_EnableDBGSleepMode
                0x08002bd8        0xc ./Drivers/STM32WBxx_HAL_Driver/Src/stm32wbxx_hal.o
                0x08002bd8                HAL_DBGMCU_EnableDBGSleepMode
 .text.HAL_DBGMCU_EnableDBGStopMode
                0x08002be4        0xc ./Drivers/STM32WBxx_HAL_Driver/Src/stm32wbxx_hal.o
                0x08002be4                HAL_DBGMCU_EnableDBGStopMode
 .text.__NVIC_SetPriorityGrouping
                0x08002bf0       0x48 ./Drivers/STM32WBxx_HAL_Driver/Src/stm32wbxx_hal_cortex.o
 .text.__NVIC_GetPriorityGrouping
                0x08002c38       0x1c ./Drivers/STM32WBxx_HAL_Driver/Src/stm32wbxx_hal_cortex.o
 .text.__NVIC_EnableIRQ
                0x08002c54       0x3c ./Drivers/STM32WBxx_HAL_Driver/Src/stm32wbxx_hal_cortex.o
 .text.__NVIC_DisableIRQ
                0x08002c90       0x48 ./Drivers/STM32WBxx_HAL_Driver/Src/stm32wbxx_hal_cortex.o
 .text.__NVIC_SetPendingIRQ
                0x08002cd8       0x3c ./Drivers/STM32WBxx_HAL_Driver/Src/stm32wbxx_hal_cortex.o
 .text.__NVIC_ClearPendingIRQ
                0x08002d14       0x3c ./Drivers/STM32WBxx_HAL_Driver/Src/stm32wbxx_hal_cortex.o
 .text.__NVIC_SetPriority
                0x08002d50       0x54 ./Drivers/STM32WBxx_HAL_Driver/Src/stm32wbxx_hal_cortex.o
 .text.NVIC_EncodePriority
                0x08002da4       0x66 ./Drivers/STM32WBxx_HAL_Driver/Src/stm32wbxx_hal_cortex.o
 *fill*         0x08002e0a        0x2 
 .text.SysTick_Config
                0x08002e0c       0x44 ./Drivers/STM32WBxx_HAL_Driver/Src/stm32wbxx_hal_cortex.o
 .text.HAL_NVIC_SetPriorityGrouping
                0x08002e50       0x16 ./Drivers/STM32WBxx_HAL_Driver/Src/stm32wbxx_hal_cortex.o
                0x08002e50                HAL_NVIC_SetPriorityGrouping
 .text.HAL_NVIC_SetPriority
                0x08002e66       0x34 ./Drivers/STM32WBxx_HAL_Driver/Src/stm32wbxx_hal_cortex.o
                0x08002e66                HAL_NVIC_SetPriority
 .text.HAL_NVIC_EnableIRQ
                0x08002e9a       0x1c ./Drivers/STM32WBxx_HAL_Driver/Src/stm32wbxx_hal_cortex.o
                0x08002e9a                HAL_NVIC_EnableIRQ
 .text.HAL_NVIC_DisableIRQ
                0x08002eb6       0x1c ./Drivers/STM32WBxx_HAL_Driver/Src/stm32wbxx_hal_cortex.o
                0x08002eb6                HAL_NVIC_DisableIRQ
 .text.HAL_SYSTICK_Config
                0x08002ed2       0x18 ./Drivers/STM32WBxx_HAL_Driver/Src/stm32wbxx_hal_cortex.o
                0x08002ed2                HAL_SYSTICK_Config
 .text.HAL_NVIC_SetPendingIRQ
                0x08002eea       0x1c ./Drivers/STM32WBxx_HAL_Driver/Src/stm32wbxx_hal_cortex.o
                0x08002eea                HAL_NVIC_SetPendingIRQ
 .text.HAL_NVIC_ClearPendingIRQ
                0x08002f06       0x1c ./Drivers/STM32WBxx_HAL_Driver/Src/stm32wbxx_hal_cortex.o
                0x08002f06                HAL_NVIC_ClearPendingIRQ
 *fill*         0x08002f22        0x2 
 .text.HAL_DMA_Init
                0x08002f24      0x150 ./Drivers/STM32WBxx_HAL_Driver/Src/stm32wbxx_hal_dma.o
                0x08002f24                HAL_DMA_Init
 .text.HAL_DMA_Start_IT
                0x08003074       0xf6 ./Drivers/STM32WBxx_HAL_Driver/Src/stm32wbxx_hal_dma.o
                0x08003074                HAL_DMA_Start_IT
 .text.HAL_DMA_Abort
                0x0800316a       0xbe ./Drivers/STM32WBxx_HAL_Driver/Src/stm32wbxx_hal_dma.o
                0x0800316a                HAL_DMA_Abort
 .text.HAL_DMA_Abort_IT
                0x08003228       0xbe ./Drivers/STM32WBxx_HAL_Driver/Src/stm32wbxx_hal_dma.o
                0x08003228                HAL_DMA_Abort_IT
 .text.HAL_DMA_IRQHandler
                0x080032e6      0x15e ./Drivers/STM32WBxx_HAL_Driver/Src/stm32wbxx_hal_dma.o
                0x080032e6                HAL_DMA_IRQHandler
 .text.DMA_SetConfig
                0x08003444       0x7c ./Drivers/STM32WBxx_HAL_Driver/Src/stm32wbxx_hal_dma.o
 .text.DMA_CalcDMAMUXChannelBaseAndMask
                0x080034c0       0x7c ./Drivers/STM32WBxx_HAL_Driver/Src/stm32wbxx_hal_dma.o
 .text.DMA_CalcDMAMUXRequestGenBaseAndMask
                0x0800353c       0x4c ./Drivers/STM32WBxx_HAL_Driver/Src/stm32wbxx_hal_dma.o
 .text.HAL_DMAEx_ConfigMuxSync
                0x08003588       0x80 ./Drivers/STM32WBxx_HAL_Driver/Src/stm32wbxx_hal_dma_ex.o
                0x08003588                HAL_DMAEx_ConfigMuxSync
 .text.HAL_GPIO_Init
                0x08003608      0x2e0 ./Drivers/STM32WBxx_HAL_Driver/Src/stm32wbxx_hal_gpio.o
                0x08003608                HAL_GPIO_Init
 .text.HAL_GPIO_WritePin
                0x080038e8       0x30 ./Drivers/STM32WBxx_HAL_Driver/Src/stm32wbxx_hal_gpio.o
                0x080038e8                HAL_GPIO_WritePin
 .text.HAL_HSEM_IRQHandler
                0x08003918       0x34 ./Drivers/STM32WBxx_HAL_Driver/Src/stm32wbxx_hal_hsem.o
                0x08003918                HAL_HSEM_IRQHandler
 .text.HAL_HSEM_FreeCallback
                0x0800394c       0x14 ./Drivers/STM32WBxx_HAL_Driver/Src/stm32wbxx_hal_hsem.o
                0x0800394c                HAL_HSEM_FreeCallback
 .text.HAL_IPCC_Init
                0x08003960       0x64 ./Drivers/STM32WBxx_HAL_Driver/Src/stm32wbxx_hal_ipcc.o
                0x08003960                HAL_IPCC_Init
 .text.HAL_IPCC_RxCallback
                0x080039c4       0x1a ./Drivers/STM32WBxx_HAL_Driver/Src/stm32wbxx_hal_ipcc.o
                0x080039c4                HAL_IPCC_RxCallback
 .text.HAL_IPCC_TxCallback
                0x080039de       0x1a ./Drivers/STM32WBxx_HAL_Driver/Src/stm32wbxx_hal_ipcc.o
                0x080039de                HAL_IPCC_TxCallback
 .text.IPCC_SetDefaultCallbacks
                0x080039f8       0x4c ./Drivers/STM32WBxx_HAL_Driver/Src/stm32wbxx_hal_ipcc.o
                0x080039f8                IPCC_SetDefaultCallbacks
 .text.IPCC_Reset_Register
                0x08003a44       0x28 ./Drivers/STM32WBxx_HAL_Driver/Src/stm32wbxx_hal_ipcc.o
                0x08003a44                IPCC_Reset_Register
 .text.HAL_PWR_EnableBkUpAccess
                0x08003a6c       0x20 ./Drivers/STM32WBxx_HAL_Driver/Src/stm32wbxx_hal_pwr.o
                0x08003a6c                HAL_PWR_EnableBkUpAccess
 .text.HAL_PWREx_GetVoltageRange
                0x08003a8c       0x1c ./Drivers/STM32WBxx_HAL_Driver/Src/stm32wbxx_hal_pwr_ex.o
                0x08003a8c                HAL_PWREx_GetVoltageRange
 .text.LL_RCC_HSE_IsEnabledDiv2
                0x08003aa8       0x24 ./Drivers/STM32WBxx_HAL_Driver/Src/stm32wbxx_hal_rcc.o
 .text.LL_RCC_HSE_Enable
                0x08003acc       0x1e ./Drivers/STM32WBxx_HAL_Driver/Src/stm32wbxx_hal_rcc.o
 .text.LL_RCC_HSE_Disable
                0x08003aea       0x1e ./Drivers/STM32WBxx_HAL_Driver/Src/stm32wbxx_hal_rcc.o
 .text.LL_RCC_HSE_IsReady
                0x08003b08       0x24 ./Drivers/STM32WBxx_HAL_Driver/Src/stm32wbxx_hal_rcc.o
 .text.LL_RCC_HSI_Enable
                0x08003b2c       0x1e ./Drivers/STM32WBxx_HAL_Driver/Src/stm32wbxx_hal_rcc.o
 .text.LL_RCC_HSI_Disable
                0x08003b4a       0x1e ./Drivers/STM32WBxx_HAL_Driver/Src/stm32wbxx_hal_rcc.o
 .text.LL_RCC_HSI_IsReady
                0x08003b68       0x24 ./Drivers/STM32WBxx_HAL_Driver/Src/stm32wbxx_hal_rcc.o
 .text.LL_RCC_HSI_SetCalibTrimming
                0x08003b8c       0x2a ./Drivers/STM32WBxx_HAL_Driver/Src/stm32wbxx_hal_rcc.o
 .text.LL_RCC_HSI48_Enable
                0x08003bb6       0x22 ./Drivers/STM32WBxx_HAL_Driver/Src/stm32wbxx_hal_rcc.o
 .text.LL_RCC_HSI48_Disable
                0x08003bd8       0x22 ./Drivers/STM32WBxx_HAL_Driver/Src/stm32wbxx_hal_rcc.o
 .text.LL_RCC_HSI48_IsReady
                0x08003bfa       0x24 ./Drivers/STM32WBxx_HAL_Driver/Src/stm32wbxx_hal_rcc.o
 .text.LL_RCC_LSE_Enable
                0x08003c1e       0x22 ./Drivers/STM32WBxx_HAL_Driver/Src/stm32wbxx_hal_rcc.o
 .text.LL_RCC_LSE_Disable
                0x08003c40       0x22 ./Drivers/STM32WBxx_HAL_Driver/Src/stm32wbxx_hal_rcc.o
 .text.LL_RCC_LSE_EnableBypass
                0x08003c62       0x22 ./Drivers/STM32WBxx_HAL_Driver/Src/stm32wbxx_hal_rcc.o
 .text.LL_RCC_LSE_DisableBypass
                0x08003c84       0x22 ./Drivers/STM32WBxx_HAL_Driver/Src/stm32wbxx_hal_rcc.o
 .text.LL_RCC_LSE_IsReady
                0x08003ca6       0x24 ./Drivers/STM32WBxx_HAL_Driver/Src/stm32wbxx_hal_rcc.o
 .text.LL_RCC_LSI1_Enable
                0x08003cca       0x22 ./Drivers/STM32WBxx_HAL_Driver/Src/stm32wbxx_hal_rcc.o
 .text.LL_RCC_LSI1_Disable
                0x08003cec       0x22 ./Drivers/STM32WBxx_HAL_Driver/Src/stm32wbxx_hal_rcc.o
 .text.LL_RCC_LSI1_IsReady
                0x08003d0e       0x24 ./Drivers/STM32WBxx_HAL_Driver/Src/stm32wbxx_hal_rcc.o
 .text.LL_RCC_LSI2_Enable
                0x08003d32       0x22 ./Drivers/STM32WBxx_HAL_Driver/Src/stm32wbxx_hal_rcc.o
 .text.LL_RCC_LSI2_Disable
                0x08003d54       0x22 ./Drivers/STM32WBxx_HAL_Driver/Src/stm32wbxx_hal_rcc.o
 .text.LL_RCC_LSI2_IsReady
                0x08003d76       0x24 ./Drivers/STM32WBxx_HAL_Driver/Src/stm32wbxx_hal_rcc.o
 .text.LL_RCC_LSI2_SetTrimming
                0x08003d9a       0x2e ./Drivers/STM32WBxx_HAL_Driver/Src/stm32wbxx_hal_rcc.o
 .text.LL_RCC_MSI_Enable
                0x08003dc8       0x1e ./Drivers/STM32WBxx_HAL_Driver/Src/stm32wbxx_hal_rcc.o
 .text.LL_RCC_MSI_Disable
                0x08003de6       0x1e ./Drivers/STM32WBxx_HAL_Driver/Src/stm32wbxx_hal_rcc.o
 .text.LL_RCC_MSI_IsReady
                0x08003e04       0x22 ./Drivers/STM32WBxx_HAL_Driver/Src/stm32wbxx_hal_rcc.o
 .text.LL_RCC_MSI_SetRange
                0x08003e26       0x28 ./Drivers/STM32WBxx_HAL_Driver/Src/stm32wbxx_hal_rcc.o
 .text.LL_RCC_MSI_GetRange
                0x08003e4e       0x2a ./Drivers/STM32WBxx_HAL_Driver/Src/stm32wbxx_hal_rcc.o
 .text.LL_RCC_MSI_SetCalibTrimming
                0x08003e78       0x2a ./Drivers/STM32WBxx_HAL_Driver/Src/stm32wbxx_hal_rcc.o
 .text.LL_RCC_SetSysClkSource
                0x08003ea2       0x28 ./Drivers/STM32WBxx_HAL_Driver/Src/stm32wbxx_hal_rcc.o
 .text.LL_RCC_GetSysClkSource
                0x08003eca       0x18 ./Drivers/STM32WBxx_HAL_Driver/Src/stm32wbxx_hal_rcc.o
 .text.LL_RCC_SetAHBPrescaler
                0x08003ee2       0x28 ./Drivers/STM32WBxx_HAL_Driver/Src/stm32wbxx_hal_rcc.o
 .text.LL_C2_RCC_SetAHBPrescaler
                0x08003f0a       0x2c ./Drivers/STM32WBxx_HAL_Driver/Src/stm32wbxx_hal_rcc.o
 .text.LL_RCC_SetAHB4Prescaler
                0x08003f36       0x2e ./Drivers/STM32WBxx_HAL_Driver/Src/stm32wbxx_hal_rcc.o
 .text.LL_RCC_SetAPB1Prescaler
                0x08003f64       0x28 ./Drivers/STM32WBxx_HAL_Driver/Src/stm32wbxx_hal_rcc.o
 .text.LL_RCC_SetAPB2Prescaler
                0x08003f8c       0x28 ./Drivers/STM32WBxx_HAL_Driver/Src/stm32wbxx_hal_rcc.o
 .text.LL_RCC_GetAHBPrescaler
                0x08003fb4       0x18 ./Drivers/STM32WBxx_HAL_Driver/Src/stm32wbxx_hal_rcc.o
 .text.LL_RCC_GetAHB4Prescaler
                0x08003fcc       0x1c ./Drivers/STM32WBxx_HAL_Driver/Src/stm32wbxx_hal_rcc.o
 .text.LL_RCC_GetAPB1Prescaler
                0x08003fe8       0x18 ./Drivers/STM32WBxx_HAL_Driver/Src/stm32wbxx_hal_rcc.o
 .text.LL_RCC_GetAPB2Prescaler
                0x08004000       0x18 ./Drivers/STM32WBxx_HAL_Driver/Src/stm32wbxx_hal_rcc.o
 .text.LL_RCC_PLL_Enable
                0x08004018       0x1e ./Drivers/STM32WBxx_HAL_Driver/Src/stm32wbxx_hal_rcc.o
 .text.LL_RCC_PLL_Disable
                0x08004036       0x1e ./Drivers/STM32WBxx_HAL_Driver/Src/stm32wbxx_hal_rcc.o
 .text.LL_RCC_PLL_IsReady
                0x08004054       0x24 ./Drivers/STM32WBxx_HAL_Driver/Src/stm32wbxx_hal_rcc.o
 .text.LL_RCC_PLL_GetN
                0x08004078       0x1a ./Drivers/STM32WBxx_HAL_Driver/Src/stm32wbxx_hal_rcc.o
 .text.LL_RCC_PLL_GetR
                0x08004092       0x18 ./Drivers/STM32WBxx_HAL_Driver/Src/stm32wbxx_hal_rcc.o
 .text.LL_RCC_PLL_GetDivider
                0x080040aa       0x18 ./Drivers/STM32WBxx_HAL_Driver/Src/stm32wbxx_hal_rcc.o
 .text.LL_RCC_PLL_GetMainSource
                0x080040c2       0x18 ./Drivers/STM32WBxx_HAL_Driver/Src/stm32wbxx_hal_rcc.o
 .text.LL_RCC_IsActiveFlag_HPRE
                0x080040da       0x24 ./Drivers/STM32WBxx_HAL_Driver/Src/stm32wbxx_hal_rcc.o
 .text.LL_RCC_IsActiveFlag_C2HPRE
                0x080040fe       0x26 ./Drivers/STM32WBxx_HAL_Driver/Src/stm32wbxx_hal_rcc.o
 .text.LL_RCC_IsActiveFlag_SHDHPRE
                0x08004124       0x26 ./Drivers/STM32WBxx_HAL_Driver/Src/stm32wbxx_hal_rcc.o
 .text.LL_RCC_IsActiveFlag_PPRE1
                0x0800414a       0x24 ./Drivers/STM32WBxx_HAL_Driver/Src/stm32wbxx_hal_rcc.o
 .text.LL_RCC_IsActiveFlag_PPRE2
                0x0800416e       0x24 ./Drivers/STM32WBxx_HAL_Driver/Src/stm32wbxx_hal_rcc.o
 *fill*         0x08004192        0x2 
 .text.HAL_RCC_OscConfig
                0x08004194      0x6e8 ./Drivers/STM32WBxx_HAL_Driver/Src/stm32wbxx_hal_rcc.o
                0x08004194                HAL_RCC_OscConfig
 .text.HAL_RCC_ClockConfig
                0x0800487c      0x280 ./Drivers/STM32WBxx_HAL_Driver/Src/stm32wbxx_hal_rcc.o
                0x0800487c                HAL_RCC_ClockConfig
 .text.HAL_RCC_GetSysClockFreq
                0x08004afc       0xd8 ./Drivers/STM32WBxx_HAL_Driver/Src/stm32wbxx_hal_rcc.o
                0x08004afc                HAL_RCC_GetSysClockFreq
 .text.HAL_RCC_GetHCLKFreq
                0x08004bd4       0x28 ./Drivers/STM32WBxx_HAL_Driver/Src/stm32wbxx_hal_rcc.o
                0x08004bd4                HAL_RCC_GetHCLKFreq
 .text.HAL_RCC_GetPCLK1Freq
                0x08004bfc       0x2c ./Drivers/STM32WBxx_HAL_Driver/Src/stm32wbxx_hal_rcc.o
                0x08004bfc                HAL_RCC_GetPCLK1Freq
 .text.HAL_RCC_GetPCLK2Freq
                0x08004c28       0x2c ./Drivers/STM32WBxx_HAL_Driver/Src/stm32wbxx_hal_rcc.o
                0x08004c28                HAL_RCC_GetPCLK2Freq
 .text.RCC_SetFlashLatencyFromMSIRange
                0x08004c54       0x70 ./Drivers/STM32WBxx_HAL_Driver/Src/stm32wbxx_hal_rcc.o
 .text.RCC_SetFlashLatency
                0x08004cc4       0xf8 ./Drivers/STM32WBxx_HAL_Driver/Src/stm32wbxx_hal_rcc.o
 .text.LL_RCC_LSE_IsEnabled
                0x08004dbc       0x24 ./Drivers/STM32WBxx_HAL_Driver/Src/stm32wbxx_hal_rcc_ex.o
 .text.LL_RCC_LSE_IsReady
                0x08004de0       0x24 ./Drivers/STM32WBxx_HAL_Driver/Src/stm32wbxx_hal_rcc_ex.o
 .text.LL_RCC_SetRFWKPClockSource
                0x08004e04       0x2c ./Drivers/STM32WBxx_HAL_Driver/Src/stm32wbxx_hal_rcc_ex.o
 .text.LL_RCC_SetSMPSClockSource
                0x08004e30       0x28 ./Drivers/STM32WBxx_HAL_Driver/Src/stm32wbxx_hal_rcc_ex.o
 .text.LL_RCC_SetSMPSPrescaler
                0x08004e58       0x28 ./Drivers/STM32WBxx_HAL_Driver/Src/stm32wbxx_hal_rcc_ex.o
 .text.LL_RCC_SetUSARTClockSource
                0x08004e80       0x2c ./Drivers/STM32WBxx_HAL_Driver/Src/stm32wbxx_hal_rcc_ex.o
 .text.LL_RCC_SetLPUARTClockSource
                0x08004eac       0x2c ./Drivers/STM32WBxx_HAL_Driver/Src/stm32wbxx_hal_rcc_ex.o
 .text.LL_RCC_SetI2CClockSource
                0x08004ed8       0x3a ./Drivers/STM32WBxx_HAL_Driver/Src/stm32wbxx_hal_rcc_ex.o
 .text.LL_RCC_SetLPTIMClockSource
                0x08004f12       0x34 ./Drivers/STM32WBxx_HAL_Driver/Src/stm32wbxx_hal_rcc_ex.o
 .text.LL_RCC_SetSAIClockSource
                0x08004f46       0x2c ./Drivers/STM32WBxx_HAL_Driver/Src/stm32wbxx_hal_rcc_ex.o
 .text.LL_RCC_SetRNGClockSource
                0x08004f72       0x2c ./Drivers/STM32WBxx_HAL_Driver/Src/stm32wbxx_hal_rcc_ex.o
 .text.LL_RCC_SetCLK48ClockSource
                0x08004f9e       0x2c ./Drivers/STM32WBxx_HAL_Driver/Src/stm32wbxx_hal_rcc_ex.o
 .text.LL_RCC_SetUSBClockSource
                0x08004fca       0x16 ./Drivers/STM32WBxx_HAL_Driver/Src/stm32wbxx_hal_rcc_ex.o
 .text.LL_RCC_SetADCClockSource
                0x08004fe0       0x2c ./Drivers/STM32WBxx_HAL_Driver/Src/stm32wbxx_hal_rcc_ex.o
 .text.LL_RCC_SetRTCClockSource
                0x0800500c       0x2c ./Drivers/STM32WBxx_HAL_Driver/Src/stm32wbxx_hal_rcc_ex.o
 .text.LL_RCC_GetRTCClockSource
                0x08005038       0x1a ./Drivers/STM32WBxx_HAL_Driver/Src/stm32wbxx_hal_rcc_ex.o
 .text.LL_RCC_ForceBackupDomainReset
                0x08005052       0x22 ./Drivers/STM32WBxx_HAL_Driver/Src/stm32wbxx_hal_rcc_ex.o
 .text.LL_RCC_ReleaseBackupDomainReset
                0x08005074       0x22 ./Drivers/STM32WBxx_HAL_Driver/Src/stm32wbxx_hal_rcc_ex.o
 .text.LL_RCC_PLLSAI1_Enable
                0x08005096       0x1e ./Drivers/STM32WBxx_HAL_Driver/Src/stm32wbxx_hal_rcc_ex.o
 .text.LL_RCC_PLLSAI1_Disable
                0x080050b4       0x1e ./Drivers/STM32WBxx_HAL_Driver/Src/stm32wbxx_hal_rcc_ex.o
 .text.LL_RCC_PLLSAI1_IsReady
                0x080050d2       0x24 ./Drivers/STM32WBxx_HAL_Driver/Src/stm32wbxx_hal_rcc_ex.o
 .text.HAL_RCCEx_PeriphCLKConfig
                0x080050f6      0x2ec ./Drivers/STM32WBxx_HAL_Driver/Src/stm32wbxx_hal_rcc_ex.o
                0x080050f6                HAL_RCCEx_PeriphCLKConfig
 .text.RCCEx_PLLSAI1_ConfigNP
                0x080053e2       0xb6 ./Drivers/STM32WBxx_HAL_Driver/Src/stm32wbxx_hal_rcc_ex.o
 .text.RCCEx_PLLSAI1_ConfigNQ
                0x08005498       0xb6 ./Drivers/STM32WBxx_HAL_Driver/Src/stm32wbxx_hal_rcc_ex.o
 .text.RCCEx_PLLSAI1_ConfigNR
                0x0800554e       0xb6 ./Drivers/STM32WBxx_HAL_Driver/Src/stm32wbxx_hal_rcc_ex.o
 .text.HAL_RTC_Init
                0x08005604      0x110 ./Drivers/STM32WBxx_HAL_Driver/Src/stm32wbxx_hal_rtc.o
                0x08005604                HAL_RTC_Init
 .text.HAL_RTC_WaitForSynchro
                0x08005714       0x4c ./Drivers/STM32WBxx_HAL_Driver/Src/stm32wbxx_hal_rtc.o
                0x08005714                HAL_RTC_WaitForSynchro
 .text.RTC_EnterInitMode
                0x08005760       0x70 ./Drivers/STM32WBxx_HAL_Driver/Src/stm32wbxx_hal_rtc.o
                0x08005760                RTC_EnterInitMode
 .text.RTC_ExitInitMode
                0x080057d0       0x4c ./Drivers/STM32WBxx_HAL_Driver/Src/stm32wbxx_hal_rtc.o
                0x080057d0                RTC_ExitInitMode
 .text.HAL_RTCEx_SetWakeUpTimer_IT
                0x0800581c      0x198 ./Drivers/STM32WBxx_HAL_Driver/Src/stm32wbxx_hal_rtc_ex.o
                0x0800581c                HAL_RTCEx_SetWakeUpTimer_IT
 .text.LL_RCC_GetUSARTClockSource
                0x080059b4       0x20 ./Drivers/STM32WBxx_HAL_Driver/Src/stm32wbxx_hal_uart.o
 .text.LL_RCC_GetLPUARTClockSource
                0x080059d4       0x20 ./Drivers/STM32WBxx_HAL_Driver/Src/stm32wbxx_hal_uart.o
 .text.HAL_UART_Init
                0x080059f4       0xa0 ./Drivers/STM32WBxx_HAL_Driver/Src/stm32wbxx_hal_uart.o
                0x080059f4                HAL_UART_Init
 .text.HAL_UART_Transmit_DMA
                0x08005a94      0x100 ./Drivers/STM32WBxx_HAL_Driver/Src/stm32wbxx_hal_uart.o
                0x08005a94                HAL_UART_Transmit_DMA
 .text.HAL_UART_IRQHandler
                0x08005b94      0x684 ./Drivers/STM32WBxx_HAL_Driver/Src/stm32wbxx_hal_uart.o
                0x08005b94                HAL_UART_IRQHandler
 .text.HAL_UART_TxHalfCpltCallback
                0x08006218       0x14 ./Drivers/STM32WBxx_HAL_Driver/Src/stm32wbxx_hal_uart.o
                0x08006218                HAL_UART_TxHalfCpltCallback
 .text.HAL_UART_ErrorCallback
                0x0800622c       0x14 ./Drivers/STM32WBxx_HAL_Driver/Src/stm32wbxx_hal_uart.o
                0x0800622c                HAL_UART_ErrorCallback
 .text.HAL_UARTEx_RxEventCallback
                0x08006240       0x18 ./Drivers/STM32WBxx_HAL_Driver/Src/stm32wbxx_hal_uart.o
                0x08006240                HAL_UARTEx_RxEventCallback
 .text.UART_SetConfig
                0x08006258      0x450 ./Drivers/STM32WBxx_HAL_Driver/Src/stm32wbxx_hal_uart.o
                0x08006258                UART_SetConfig
 .text.UART_AdvFeatureConfig
                0x080066a8      0x144 ./Drivers/STM32WBxx_HAL_Driver/Src/stm32wbxx_hal_uart.o
                0x080066a8                UART_AdvFeatureConfig
 .text.UART_CheckIdleState
                0x080067ec      0x154 ./Drivers/STM32WBxx_HAL_Driver/Src/stm32wbxx_hal_uart.o
                0x080067ec                UART_CheckIdleState
 .text.UART_WaitOnFlagUntilTimeout
                0x08006940       0xda ./Drivers/STM32WBxx_HAL_Driver/Src/stm32wbxx_hal_uart.o
                0x08006940                UART_WaitOnFlagUntilTimeout
 .text.UART_EndTxTransfer
                0x08006a1a       0x82 ./Drivers/STM32WBxx_HAL_Driver/Src/stm32wbxx_hal_uart.o
 .text.UART_EndRxTransfer
                0x08006a9c       0xcc ./Drivers/STM32WBxx_HAL_Driver/Src/stm32wbxx_hal_uart.o
 .text.UART_DMATransmitCplt
                0x08006b68       0x9a ./Drivers/STM32WBxx_HAL_Driver/Src/stm32wbxx_hal_uart.o
 .text.UART_DMATxHalfCplt
                0x08006c02       0x1c ./Drivers/STM32WBxx_HAL_Driver/Src/stm32wbxx_hal_uart.o
 .text.UART_DMAError
                0x08006c1e       0x80 ./Drivers/STM32WBxx_HAL_Driver/Src/stm32wbxx_hal_uart.o
 .text.UART_DMAAbortOnError
                0x08006c9e       0x24 ./Drivers/STM32WBxx_HAL_Driver/Src/stm32wbxx_hal_uart.o
 .text.UART_EndTransmit_IT
                0x08006cc2       0x56 ./Drivers/STM32WBxx_HAL_Driver/Src/stm32wbxx_hal_uart.o
 .text.HAL_UARTEx_WakeupCallback
                0x08006d18       0x14 ./Drivers/STM32WBxx_HAL_Driver/Src/stm32wbxx_hal_uart_ex.o
                0x08006d18                HAL_UARTEx_WakeupCallback
 .text.HAL_UARTEx_RxFifoFullCallback
                0x08006d2c       0x14 ./Drivers/STM32WBxx_HAL_Driver/Src/stm32wbxx_hal_uart_ex.o
                0x08006d2c                HAL_UARTEx_RxFifoFullCallback
 .text.HAL_UARTEx_TxFifoEmptyCallback
                0x08006d40       0x14 ./Drivers/STM32WBxx_HAL_Driver/Src/stm32wbxx_hal_uart_ex.o
                0x08006d40                HAL_UARTEx_TxFifoEmptyCallback
 .text.HAL_UARTEx_DisableFifoMode
                0x08006d54       0x72 ./Drivers/STM32WBxx_HAL_Driver/Src/stm32wbxx_hal_uart_ex.o
                0x08006d54                HAL_UARTEx_DisableFifoMode
 .text.HAL_UARTEx_SetTxFifoThreshold
                0x08006dc6       0x7c ./Drivers/STM32WBxx_HAL_Driver/Src/stm32wbxx_hal_uart_ex.o
                0x08006dc6                HAL_UARTEx_SetTxFifoThreshold
 .text.HAL_UARTEx_SetRxFifoThreshold
                0x08006e42       0x7c ./Drivers/STM32WBxx_HAL_Driver/Src/stm32wbxx_hal_uart_ex.o
                0x08006e42                HAL_UARTEx_SetRxFifoThreshold
 *fill*         0x08006ebe        0x2 
 .text.UARTEx_SetNbDataToProcess
                0x08006ec0       0x9c ./Drivers/STM32WBxx_HAL_Driver/Src/stm32wbxx_hal_uart_ex.o
 .text.aci_gap_set_io_capability
                0x08006f5c       0xa8 ./Middlewares/ST/STM32_WPAN/ble/core/auto/ble_gap_aci.o
                0x08006f5c                aci_gap_set_io_capability
 .text.aci_gap_set_authentication_requirement
                0x08007004      0x188 ./Middlewares/ST/STM32_WPAN/ble/core/auto/ble_gap_aci.o
                0x08007004                aci_gap_set_authentication_requirement
 .text.aci_gap_init
                0x0800718c      0x15a ./Middlewares/ST/STM32_WPAN/ble/core/auto/ble_gap_aci.o
                0x0800718c                aci_gap_init
 .text.aci_gap_configure_filter_accept_list
                0x080072e6       0x48 ./Middlewares/ST/STM32_WPAN/ble/core/auto/ble_gap_aci.o
                0x080072e6                aci_gap_configure_filter_accept_list
 .text.aci_gap_create_connection
                0x0800732e      0x1b6 ./Middlewares/ST/STM32_WPAN/ble/core/auto/ble_gap_aci.o
                0x0800732e                aci_gap_create_connection
 .text.aci_gap_start_observation_proc
                0x080074e4      0x150 ./Middlewares/ST/STM32_WPAN/ble/core/auto/ble_gap_aci.o
                0x080074e4                aci_gap_start_observation_proc
 .text.aci_gatt_init
                0x08007634       0x4a ./Middlewares/ST/STM32_WPAN/ble/core/auto/ble_gatt_aci.o
                0x08007634                aci_gatt_init
 .text.aci_gatt_update_char_value
                0x0800767e      0x152 ./Middlewares/ST/STM32_WPAN/ble/core/auto/ble_gatt_aci.o
                0x0800767e                aci_gatt_update_char_value
 .text.aci_gatt_disc_all_primary_services
                0x080077d0       0xb0 ./Middlewares/ST/STM32_WPAN/ble/core/auto/ble_gatt_aci.o
                0x080077d0                aci_gatt_disc_all_primary_services
 .text.aci_hal_write_config_data
                0x08007880      0x10a ./Middlewares/ST/STM32_WPAN/ble/core/auto/ble_hal_aci.o
                0x08007880                aci_hal_write_config_data
 .text.aci_hal_set_tx_power_level
                0x0800798a       0xce ./Middlewares/ST/STM32_WPAN/ble/core/auto/ble_hal_aci.o
                0x0800798a                aci_hal_set_tx_power_level
 .text.aci_hal_set_radio_activity_mask
                0x08007a58       0xa8 ./Middlewares/ST/STM32_WPAN/ble/core/auto/ble_hal_aci.o
                0x08007a58                aci_hal_set_radio_activity_mask
 .text.hci_reset
                0x08007b00       0x48 ./Middlewares/ST/STM32_WPAN/ble/core/auto/ble_hci_le.o
                0x08007b00                hci_reset
 .text.aci_l2cap_connection_parameter_update_resp
                0x08007b48      0x188 ./Middlewares/ST/STM32_WPAN/ble/core/auto/ble_l2cap_aci.o
                0x08007b48                aci_l2cap_connection_parameter_update_resp
 .text.Osal_MemCpy
                0x08007cd0       0x20 ./Middlewares/ST/STM32_WPAN/ble/core/template/osal.o
                0x08007cd0                Osal_MemCpy
 .text.Osal_MemSet
                0x08007cf0       0x20 ./Middlewares/ST/STM32_WPAN/ble/core/template/osal.o
                0x08007cf0                Osal_MemSet
 .text.BAS_Init
                0x08007d10        0xe ./Middlewares/ST/STM32_WPAN/ble/svc/Src/svc_ctl.o
                0x08007d10                BAS_Init
 .text.BLS_Init
                0x08007d1e        0xe ./Middlewares/ST/STM32_WPAN/ble/svc/Src/svc_ctl.o
                0x08007d1e                BLS_Init
 .text.CRS_STM_Init
                0x08007d2c        0xe ./Middlewares/ST/STM32_WPAN/ble/svc/Src/svc_ctl.o
                0x08007d2c                CRS_STM_Init
 .text.DIS_Init
                0x08007d3a        0xe ./Middlewares/ST/STM32_WPAN/ble/svc/Src/svc_ctl.o
                0x08007d3a                DIS_Init
 .text.EDS_STM_Init
                0x08007d48        0xe ./Middlewares/ST/STM32_WPAN/ble/svc/Src/svc_ctl.o
                0x08007d48                EDS_STM_Init
 .text.HIDS_Init
                0x08007d56        0xe ./Middlewares/ST/STM32_WPAN/ble/svc/Src/svc_ctl.o
                0x08007d56                HIDS_Init
 .text.HRS_Init
                0x08007d64        0xe ./Middlewares/ST/STM32_WPAN/ble/svc/Src/svc_ctl.o
                0x08007d64                HRS_Init
 .text.HTS_Init
                0x08007d72        0xe ./Middlewares/ST/STM32_WPAN/ble/svc/Src/svc_ctl.o
                0x08007d72                HTS_Init
 .text.IAS_Init
                0x08007d80        0xe ./Middlewares/ST/STM32_WPAN/ble/svc/Src/svc_ctl.o
                0x08007d80                IAS_Init
 .text.LLS_Init
                0x08007d8e        0xe ./Middlewares/ST/STM32_WPAN/ble/svc/Src/svc_ctl.o
                0x08007d8e                LLS_Init
 .text.TPS_Init
                0x08007d9c        0xe ./Middlewares/ST/STM32_WPAN/ble/svc/Src/svc_ctl.o
                0x08007d9c                TPS_Init
 .text.MOTENV_STM_Init
                0x08007daa        0xe ./Middlewares/ST/STM32_WPAN/ble/svc/Src/svc_ctl.o
                0x08007daa                MOTENV_STM_Init
 .text.P2PS_STM_Init
                0x08007db8        0xe ./Middlewares/ST/STM32_WPAN/ble/svc/Src/svc_ctl.o
                0x08007db8                P2PS_STM_Init
 .text.ZDD_STM_Init
                0x08007dc6        0xe ./Middlewares/ST/STM32_WPAN/ble/svc/Src/svc_ctl.o
                0x08007dc6                ZDD_STM_Init
 .text.OTAS_STM_Init
                0x08007dd4        0xe ./Middlewares/ST/STM32_WPAN/ble/svc/Src/svc_ctl.o
                0x08007dd4                OTAS_STM_Init
 .text.MESH_Init
                0x08007de2        0xe ./Middlewares/ST/STM32_WPAN/ble/svc/Src/svc_ctl.o
                0x08007de2                MESH_Init
 .text.BVOPUS_STM_Init
                0x08007df0        0xe ./Middlewares/ST/STM32_WPAN/ble/svc/Src/svc_ctl.o
                0x08007df0                BVOPUS_STM_Init
 .text.SVCCTL_InitCustomSvc
                0x08007dfe        0xe ./Middlewares/ST/STM32_WPAN/ble/svc/Src/svc_ctl.o
                0x08007dfe                SVCCTL_InitCustomSvc
 .text.SVCCTL_Init
                0x08007e0c       0x20 ./Middlewares/ST/STM32_WPAN/ble/svc/Src/svc_ctl.o
                0x08007e0c                SVCCTL_Init
 .text.SVCCTL_SvcInit
                0x08007e2c       0x50 ./Middlewares/ST/STM32_WPAN/ble/svc/Src/svc_ctl.o
                0x08007e2c                SVCCTL_SvcInit
 .text.SVCCTL_RegisterCltHandler
                0x08007e7c       0x34 ./Middlewares/ST/STM32_WPAN/ble/svc/Src/svc_ctl.o
                0x08007e7c                SVCCTL_RegisterCltHandler
 .text.SVCCTL_UserEvtRx
                0x08007eb0       0xe0 ./Middlewares/ST/STM32_WPAN/ble/svc/Src/svc_ctl.o
                0x08007eb0                SVCCTL_UserEvtRx
 .text.SHCI_C2_BLE_Init
                0x08007f90       0x2e ./Middlewares/ST/STM32_WPAN/interface/patterns/ble_thread/shci/shci.o
                0x08007f90                SHCI_C2_BLE_Init
 .text.SHCI_C2_DEBUG_Init
                0x08007fbe       0x2e ./Middlewares/ST/STM32_WPAN/interface/patterns/ble_thread/shci/shci.o
                0x08007fbe                SHCI_C2_DEBUG_Init
 .text.SHCI_C2_Config
                0x08007fec       0x2a ./Middlewares/ST/STM32_WPAN/interface/patterns/ble_thread/shci/shci.o
                0x08007fec                SHCI_C2_Config
 *fill*         0x08008016        0x2 
 .text.SHCI_GetWirelessFwInfo
                0x08008018      0x15c ./Middlewares/ST/STM32_WPAN/interface/patterns/ble_thread/shci/shci.o
                0x08008018                SHCI_GetWirelessFwInfo
 .text.hci_init
                0x08008174       0x38 ./Middlewares/ST/STM32_WPAN/interface/patterns/ble_thread/tl/hci_tl.o
                0x08008174                hci_init
 .text.hci_user_evt_proc
                0x080081ac       0x9c ./Middlewares/ST/STM32_WPAN/interface/patterns/ble_thread/tl/hci_tl.o
                0x080081ac                hci_user_evt_proc
 .text.hci_send_req
                0x08008248      0x108 ./Middlewares/ST/STM32_WPAN/interface/patterns/ble_thread/tl/hci_tl.o
                0x08008248                hci_send_req
 .text.TlInit   0x08008350       0x60 ./Middlewares/ST/STM32_WPAN/interface/patterns/ble_thread/tl/hci_tl.o
 .text.SendCmd  0x080083b0       0x4c ./Middlewares/ST/STM32_WPAN/interface/patterns/ble_thread/tl/hci_tl.o
 .text.NotifyCmdStatus
                0x080083fc       0x40 ./Middlewares/ST/STM32_WPAN/interface/patterns/ble_thread/tl/hci_tl.o
 .text.TlEvtReceived
                0x0800843c       0x48 ./Middlewares/ST/STM32_WPAN/interface/patterns/ble_thread/tl/hci_tl.o
 .text.hci_register_io_bus
                0x08008484       0x28 ./Middlewares/ST/STM32_WPAN/interface/patterns/ble_thread/tl/hci_tl_if.o
                0x08008484                hci_register_io_bus
 .text.shci_init
                0x080084ac       0x38 ./Middlewares/ST/STM32_WPAN/interface/patterns/ble_thread/tl/shci_tl.o
                0x080084ac                shci_init
 .text.shci_user_evt_proc
                0x080084e4       0x9c ./Middlewares/ST/STM32_WPAN/interface/patterns/ble_thread/tl/shci_tl.o
                0x080084e4                shci_user_evt_proc
 .text.shci_send
                0x08008580       0x84 ./Middlewares/ST/STM32_WPAN/interface/patterns/ble_thread/tl/shci_tl.o
                0x08008580                shci_send
 .text.TlInit   0x08008604       0x64 ./Middlewares/ST/STM32_WPAN/interface/patterns/ble_thread/tl/shci_tl.o
 .text.Cmd_SetStatus
                0x08008668       0x50 ./Middlewares/ST/STM32_WPAN/interface/patterns/ble_thread/tl/shci_tl.o
 .text.TlCmdEvtReceived
                0x080086b8       0x16 ./Middlewares/ST/STM32_WPAN/interface/patterns/ble_thread/tl/shci_tl.o
 *fill*         0x080086ce        0x2 
 .text.TlUserEvtReceived
                0x080086d0       0x24 ./Middlewares/ST/STM32_WPAN/interface/patterns/ble_thread/tl/shci_tl.o
 .text.shci_register_io_bus
                0x080086f4       0x28 ./Middlewares/ST/STM32_WPAN/interface/patterns/ble_thread/tl/shci_tl_if.o
                0x080086f4                shci_register_io_bus
 .text.TL_Enable
                0x0800871c        0xc ./Middlewares/ST/STM32_WPAN/interface/patterns/ble_thread/tl/tl_mbox.o
                0x0800871c                TL_Enable
 .text.TL_Init  0x08008728       0x74 ./Middlewares/ST/STM32_WPAN/interface/patterns/ble_thread/tl/tl_mbox.o
                0x08008728                TL_Init
 .text.TL_BLE_Init
                0x0800879c       0x68 ./Middlewares/ST/STM32_WPAN/interface/patterns/ble_thread/tl/tl_mbox.o
                0x0800879c                TL_BLE_Init
 .text.TL_BLE_SendCmd
                0x08008804       0x38 ./Middlewares/ST/STM32_WPAN/interface/patterns/ble_thread/tl/tl_mbox.o
                0x08008804                TL_BLE_SendCmd
 .text.HW_IPCC_BLE_RxEvtNot
                0x0800883c       0x60 ./Middlewares/ST/STM32_WPAN/interface/patterns/ble_thread/tl/tl_mbox.o
                0x0800883c                HW_IPCC_BLE_RxEvtNot
 .text.HW_IPCC_BLE_AclDataAckNot
                0x0800889c       0x1c ./Middlewares/ST/STM32_WPAN/interface/patterns/ble_thread/tl/tl_mbox.o
                0x0800889c                HW_IPCC_BLE_AclDataAckNot
 .text.TL_SYS_Init
                0x080088b8       0x54 ./Middlewares/ST/STM32_WPAN/interface/patterns/ble_thread/tl/tl_mbox.o
                0x080088b8                TL_SYS_Init
 .text.TL_SYS_SendCmd
                0x0800890c       0x38 ./Middlewares/ST/STM32_WPAN/interface/patterns/ble_thread/tl/tl_mbox.o
                0x0800890c                TL_SYS_SendCmd
 .text.HW_IPCC_SYS_CmdEvtNot
                0x08008944       0x2c ./Middlewares/ST/STM32_WPAN/interface/patterns/ble_thread/tl/tl_mbox.o
                0x08008944                HW_IPCC_SYS_CmdEvtNot
 .text.HW_IPCC_SYS_EvtNot
                0x08008970       0x44 ./Middlewares/ST/STM32_WPAN/interface/patterns/ble_thread/tl/tl_mbox.o
                0x08008970                HW_IPCC_SYS_EvtNot
 .text.TL_MM_Init
                0x080089b4       0x78 ./Middlewares/ST/STM32_WPAN/interface/patterns/ble_thread/tl/tl_mbox.o
                0x080089b4                TL_MM_Init
 .text.TL_MM_EvtDone
                0x08008a2c       0x30 ./Middlewares/ST/STM32_WPAN/interface/patterns/ble_thread/tl/tl_mbox.o
                0x08008a2c                TL_MM_EvtDone
 .text.SendFreeBuf
                0x08008a5c       0x40 ./Middlewares/ST/STM32_WPAN/interface/patterns/ble_thread/tl/tl_mbox.o
 .text.TL_TRACES_Init
                0x08008a9c       0x24 ./Middlewares/ST/STM32_WPAN/interface/patterns/ble_thread/tl/tl_mbox.o
                0x08008a9c                TL_TRACES_Init
 .text.HW_IPCC_TRACES_EvtNot
                0x08008ac0       0x34 ./Middlewares/ST/STM32_WPAN/interface/patterns/ble_thread/tl/tl_mbox.o
                0x08008ac0                HW_IPCC_TRACES_EvtNot
 .text.TL_TRACES_EvtReceived
                0x08008af4       0x14 ./Middlewares/ST/STM32_WPAN/interface/patterns/ble_thread/tl/tl_mbox.o
                0x08008af4                TL_TRACES_EvtReceived
 .text.OutputDbgTrace
                0x08008b08       0xbc ./Middlewares/ST/STM32_WPAN/interface/patterns/ble_thread/tl/tl_mbox.o
 .text.DbgTrace_TxCpltCallback
                0x08008bc4       0x70 ./Middlewares/ST/STM32_WPAN/utilities/dbg_trace.o
 .text.DbgTraceInit
                0x08008c34       0x2c ./Middlewares/ST/STM32_WPAN/utilities/dbg_trace.o
                0x08008c34                DbgTraceInit
 .text._write   0x08008c60       0x20 ./Middlewares/ST/STM32_WPAN/utilities/dbg_trace.o
                0x08008c60                _write
 .text.DbgTraceWrite
                0x08008c80       0xb0 ./Middlewares/ST/STM32_WPAN/utilities/dbg_trace.o
                0x08008c80                DbgTraceWrite
 .text.OTP_Read
                0x08008d30       0x50 ./Middlewares/ST/STM32_WPAN/utilities/otp.o
                0x08008d30                OTP_Read
 .text.LST_init_head
                0x08008d80       0x20 ./Middlewares/ST/STM32_WPAN/utilities/stm_list.o
                0x08008d80                LST_init_head
 .text.LST_is_empty
                0x08008da0       0x44 ./Middlewares/ST/STM32_WPAN/utilities/stm_list.o
                0x08008da0                LST_is_empty
 .text.LST_insert_head
                0x08008de4       0x4c ./Middlewares/ST/STM32_WPAN/utilities/stm_list.o
                0x08008de4                LST_insert_head
 .text.LST_insert_tail
                0x08008e30       0x4c ./Middlewares/ST/STM32_WPAN/utilities/stm_list.o
                0x08008e30                LST_insert_tail
 .text.LST_remove_node
                0x08008e7c       0x42 ./Middlewares/ST/STM32_WPAN/utilities/stm_list.o
                0x08008e7c                LST_remove_node
 .text.LST_remove_head
                0x08008ebe       0x3e ./Middlewares/ST/STM32_WPAN/utilities/stm_list.o
                0x08008ebe                LST_remove_head
 .text.CircularQueue_Init
                0x08008efc       0x64 ./Middlewares/ST/STM32_WPAN/utilities/stm_queue.o
                0x08008efc                CircularQueue_Init
 .text.CircularQueue_Add
                0x08008f60      0x44c ./Middlewares/ST/STM32_WPAN/utilities/stm_queue.o
                0x08008f60                CircularQueue_Add
 .text.CircularQueue_Remove
                0x080093ac      0x1de ./Middlewares/ST/STM32_WPAN/utilities/stm_queue.o
                0x080093ac                CircularQueue_Remove
 .text.CircularQueue_Sense
                0x0800958a      0x16a ./Middlewares/ST/STM32_WPAN/utilities/stm_queue.o
                0x0800958a                CircularQueue_Sense
 .text.LL_FLASH_GetUDN
                0x080096f4       0x18 ./STM32_WPAN/App/app_ble.o
 .text.LL_FLASH_GetDeviceID
                0x0800970c       0x18 ./STM32_WPAN/App/app_ble.o
 .text.LL_FLASH_GetSTCompanyID
                0x08009724       0x18 ./STM32_WPAN/App/app_ble.o
 .text.APP_BLE_Init
                0x0800973c      0x10c ./STM32_WPAN/App/app_ble.o
                0x0800973c                APP_BLE_Init
 .text.SVCCTL_App_Notification
                0x08009848      0x52c ./STM32_WPAN/App/app_ble.o
                0x08009848                SVCCTL_App_Notification
 .text.APP_BLE_Get_Client_Connection_Status
                0x08009d74       0x30 ./STM32_WPAN/App/app_ble.o
                0x08009d74                APP_BLE_Get_Client_Connection_Status
 .text.Ble_Tl_Init
                0x08009da4       0x2c ./STM32_WPAN/App/app_ble.o
 .text.Ble_Hci_Gap_Gatt_Init
                0x08009dd0      0x2f0 ./STM32_WPAN/App/app_ble.o
 .text.Scan_Request
                0x0800a0c0       0x70 ./STM32_WPAN/App/app_ble.o
 .text.Connect_Request
                0x0800a130       0x7c ./STM32_WPAN/App/app_ble.o
 .text.Switch_OFF_GPIO
                0x0800a1ac        0xe ./STM32_WPAN/App/app_ble.o
 *fill*         0x0800a1ba        0x2 
 .text.BleGetBdAddress
                0x0800a1bc       0x88 ./STM32_WPAN/App/app_ble.o
 .text.hci_notify_asynch_evt
                0x0800a244       0x18 ./STM32_WPAN/App/app_ble.o
                0x0800a244                hci_notify_asynch_evt
 .text.hci_cmd_resp_release
                0x0800a25c       0x16 ./STM32_WPAN/App/app_ble.o
                0x0800a25c                hci_cmd_resp_release
 .text.hci_cmd_resp_wait
                0x0800a272       0x16 ./STM32_WPAN/App/app_ble.o
                0x0800a272                hci_cmd_resp_wait
 .text.BLE_UserEvtRx
                0x0800a288       0x38 ./STM32_WPAN/App/app_ble.o
 .text.BLE_StatusNot
                0x0800a2c0       0x36 ./STM32_WPAN/App/app_ble.o
 *fill*         0x0800a2f6        0x2 
 .text.P2PC_APP_Init
                0x0800a2f8       0x48 ./STM32_WPAN/App/p2p_client_app.o
                0x0800a2f8                P2PC_APP_Init
 .text.P2PC_APP_Notification
                0x0800a340       0x54 ./STM32_WPAN/App/p2p_client_app.o
                0x0800a340                P2PC_APP_Notification
 .text.Event_Handler
                0x0800a394      0x594 ./STM32_WPAN/App/p2p_client_app.o
 .text.Gatt_Notification
                0x0800a928       0x1c ./STM32_WPAN/App/p2p_client_app.o
 .text.LL_PWR_EnableBootC2
                0x0800a944       0x20 ./STM32_WPAN/Target/hw_ipcc.o
 .text.LL_C2_EXTI_EnableEvent_32_63
                0x0800a964       0x28 ./STM32_WPAN/Target/hw_ipcc.o
 .text.LL_EXTI_EnableRisingTrig_32_63
                0x0800a98c       0x24 ./STM32_WPAN/Target/hw_ipcc.o
 .text.LL_AHB3_GRP1_EnableClock
                0x0800a9b0       0x32 ./STM32_WPAN/Target/hw_ipcc.o
 .text.LL_C2_AHB3_GRP1_EnableClock
                0x0800a9e2       0x38 ./STM32_WPAN/Target/hw_ipcc.o
 .text.LL_C1_IPCC_EnableIT_TXF
                0x0800aa1a       0x20 ./STM32_WPAN/Target/hw_ipcc.o
 .text.LL_C1_IPCC_EnableIT_RXO
                0x0800aa3a       0x20 ./STM32_WPAN/Target/hw_ipcc.o
 .text.LL_C1_IPCC_EnableTransmitChannel
                0x0800aa5a       0x26 ./STM32_WPAN/Target/hw_ipcc.o
 .text.LL_C1_IPCC_DisableTransmitChannel
                0x0800aa80       0x24 ./STM32_WPAN/Target/hw_ipcc.o
 .text.LL_C1_IPCC_EnableReceiveChannel
                0x0800aaa4       0x24 ./STM32_WPAN/Target/hw_ipcc.o
 .text.LL_C1_IPCC_ClearFlag_CHx
                0x0800aac8       0x1c ./STM32_WPAN/Target/hw_ipcc.o
 .text.LL_C1_IPCC_SetFlag_CHx
                0x0800aae4       0x1e ./STM32_WPAN/Target/hw_ipcc.o
 .text.LL_C1_IPCC_IsActiveFlag_CHx
                0x0800ab02       0x2a ./STM32_WPAN/Target/hw_ipcc.o
 .text.LL_C2_IPCC_IsActiveFlag_CHx
                0x0800ab2c       0x2a ./STM32_WPAN/Target/hw_ipcc.o
 *fill*         0x0800ab56        0x2 
 .text.HW_IPCC_Rx_Handler
                0x0800ab58       0x6c ./STM32_WPAN/Target/hw_ipcc.o
                0x0800ab58                HW_IPCC_Rx_Handler
 .text.HW_IPCC_Tx_Handler
                0x0800abc4       0x6c ./STM32_WPAN/Target/hw_ipcc.o
                0x0800abc4                HW_IPCC_Tx_Handler
 .text.HW_IPCC_Enable
                0x0800ac30       0x28 ./STM32_WPAN/Target/hw_ipcc.o
                0x0800ac30                HW_IPCC_Enable
 .text.HW_IPCC_Init
                0x0800ac58       0x2c ./STM32_WPAN/Target/hw_ipcc.o
                0x0800ac58                HW_IPCC_Init
 .text.HW_IPCC_BLE_Init
                0x0800ac84       0x34 ./STM32_WPAN/Target/hw_ipcc.o
                0x0800ac84                HW_IPCC_BLE_Init
 .text.HW_IPCC_BLE_SendCmd
                0x0800acb8       0x14 ./STM32_WPAN/Target/hw_ipcc.o
                0x0800acb8                HW_IPCC_BLE_SendCmd
 .text.HW_IPCC_BLE_EvtHandler
                0x0800accc       0x18 ./STM32_WPAN/Target/hw_ipcc.o
 .text.HW_IPCC_BLE_AclDataEvtHandler
                0x0800ace4       0x38 ./STM32_WPAN/Target/hw_ipcc.o
 .text.HW_IPCC_SYS_Init
                0x0800ad1c       0x34 ./STM32_WPAN/Target/hw_ipcc.o
                0x0800ad1c                HW_IPCC_SYS_Init
 .text.HW_IPCC_SYS_SendCmd
                0x0800ad50       0x3c ./STM32_WPAN/Target/hw_ipcc.o
                0x0800ad50                HW_IPCC_SYS_SendCmd
 .text.HW_IPCC_SYS_CmdEvtHandler
                0x0800ad8c       0x38 ./STM32_WPAN/Target/hw_ipcc.o
 .text.HW_IPCC_SYS_EvtHandler
                0x0800adc4       0x18 ./STM32_WPAN/Target/hw_ipcc.o
 .text.HW_IPCC_MM_SendFreeBuf
                0x0800addc       0x5c ./STM32_WPAN/Target/hw_ipcc.o
                0x0800addc                HW_IPCC_MM_SendFreeBuf
 .text.HW_IPCC_MM_FreeBufHandler
                0x0800ae38       0x48 ./STM32_WPAN/Target/hw_ipcc.o
 .text.HW_IPCC_TRACES_Init
                0x0800ae80       0x34 ./STM32_WPAN/Target/hw_ipcc.o
                0x0800ae80                HW_IPCC_TRACES_Init
 .text.HW_IPCC_TRACES_EvtHandler
                0x0800aeb4       0x18 ./STM32_WPAN/Target/hw_ipcc.o
 .text.UTIL_LPM_Init
                0x0800aecc       0x24 ./Utilities/lpm/tiny_lpm/stm32_lpm.o
                0x0800aecc                UTIL_LPM_Init
 .text.UTIL_LPM_SetOffMode
                0x0800aef0       0x60 ./Utilities/lpm/tiny_lpm/stm32_lpm.o
                0x0800aef0                UTIL_LPM_SetOffMode
 .text.UTIL_SEQ_Run
                0x0800af50      0x304 ./Utilities/sequencer/stm32_seq.o
                0x0800af50                UTIL_SEQ_Run
 .text.UTIL_SEQ_RegTask
                0x0800b254       0x44 ./Utilities/sequencer/stm32_seq.o
                0x0800b254                UTIL_SEQ_RegTask
 .text.UTIL_SEQ_SetTask
                0x0800b298       0x58 ./Utilities/sequencer/stm32_seq.o
                0x0800b298                UTIL_SEQ_SetTask
 .text.UTIL_SEQ_PauseTask
                0x0800b2f0       0x40 ./Utilities/sequencer/stm32_seq.o
                0x0800b2f0                UTIL_SEQ_PauseTask
 .text.UTIL_SEQ_ResumeTask
                0x0800b330       0x40 ./Utilities/sequencer/stm32_seq.o
                0x0800b330                UTIL_SEQ_ResumeTask
 .text.UTIL_SEQ_SetEvt
                0x0800b370       0x40 ./Utilities/sequencer/stm32_seq.o
                0x0800b370                UTIL_SEQ_SetEvt
 .text.UTIL_SEQ_WaitEvt
                0x0800b3b0       0x94 ./Utilities/sequencer/stm32_seq.o
                0x0800b3b0                UTIL_SEQ_WaitEvt
 .text.UTIL_SEQ_EvtIdle
                0x0800b444       0x1c ./Utilities/sequencer/stm32_seq.o
                0x0800b444                UTIL_SEQ_EvtIdle
 .text.UTIL_SEQ_PreIdle
                0x0800b460        0xe ./Utilities/sequencer/stm32_seq.o
                0x0800b460                UTIL_SEQ_PreIdle
 .text.UTIL_SEQ_PostIdle
                0x0800b46e        0xe ./Utilities/sequencer/stm32_seq.o
                0x0800b46e                UTIL_SEQ_PostIdle
 .text.UTIL_SEQ_PreTask
                0x0800b47c       0x14 ./Utilities/sequencer/stm32_seq.o
                0x0800b47c                UTIL_SEQ_PreTask
 .text.UTIL_SEQ_PostTask
                0x0800b490       0x14 ./Utilities/sequencer/stm32_seq.o
                0x0800b490                UTIL_SEQ_PostTask
 .text.UTIL_SEQ_CatchWarning
                0x0800b4a4       0x16 ./Utilities/sequencer/stm32_seq.o
                0x0800b4a4                UTIL_SEQ_CatchWarning
 .text.SEQ_BitPosition
                0x0800b4ba       0x30 ./Utilities/sequencer/stm32_seq.o
                0x0800b4ba                SEQ_BitPosition
 *fill*         0x0800b4ea        0x2 
 .text.std      0x0800b4ec       0x6c /Applications/STM32CubeIDE.app/Contents/Eclipse/plugins/com.st.stm32cube.ide.mcu.externaltools.gnu-tools-for-stm32.13.3.rel1.macos64_1.0.0.202411102158/tools/bin/../lib/gcc/arm-none-eabi/13.3.1/../../../../arm-none-eabi/lib/thumb/v7e-m+fp/hard/libc_nano.a(libc_a-findfp.o)
 .text.stdio_exit_handler
                0x0800b558       0x18 /Applications/STM32CubeIDE.app/Contents/Eclipse/plugins/com.st.stm32cube.ide.mcu.externaltools.gnu-tools-for-stm32.13.3.rel1.macos64_1.0.0.202411102158/tools/bin/../lib/gcc/arm-none-eabi/13.3.1/../../../../arm-none-eabi/lib/thumb/v7e-m+fp/hard/libc_nano.a(libc_a-findfp.o)
 .text.cleanup_stdio
                0x0800b570       0x40 /Applications/STM32CubeIDE.app/Contents/Eclipse/plugins/com.st.stm32cube.ide.mcu.externaltools.gnu-tools-for-stm32.13.3.rel1.macos64_1.0.0.202411102158/tools/bin/../lib/gcc/arm-none-eabi/13.3.1/../../../../arm-none-eabi/lib/thumb/v7e-m+fp/hard/libc_nano.a(libc_a-findfp.o)
 .text.global_stdio_init.part.0
                0x0800b5b0       0x3c /Applications/STM32CubeIDE.app/Contents/Eclipse/plugins/com.st.stm32cube.ide.mcu.externaltools.gnu-tools-for-stm32.13.3.rel1.macos64_1.0.0.202411102158/tools/bin/../lib/gcc/arm-none-eabi/13.3.1/../../../../arm-none-eabi/lib/thumb/v7e-m+fp/hard/libc_nano.a(libc_a-findfp.o)
 .text.__sfp_lock_acquire
                0x0800b5ec        0xc /Applications/STM32CubeIDE.app/Contents/Eclipse/plugins/com.st.stm32cube.ide.mcu.externaltools.gnu-tools-for-stm32.13.3.rel1.macos64_1.0.0.202411102158/tools/bin/../lib/gcc/arm-none-eabi/13.3.1/../../../../arm-none-eabi/lib/thumb/v7e-m+fp/hard/libc_nano.a(libc_a-findfp.o)
                0x0800b5ec                __sfp_lock_acquire
 .text.__sfp_lock_release
                0x0800b5f8        0xc /Applications/STM32CubeIDE.app/Contents/Eclipse/plugins/com.st.stm32cube.ide.mcu.externaltools.gnu-tools-for-stm32.13.3.rel1.macos64_1.0.0.202411102158/tools/bin/../lib/gcc/arm-none-eabi/13.3.1/../../../../arm-none-eabi/lib/thumb/v7e-m+fp/hard/libc_nano.a(libc_a-findfp.o)
                0x0800b5f8                __sfp_lock_release
 .text.__sinit  0x0800b604       0x30 /Applications/STM32CubeIDE.app/Contents/Eclipse/plugins/com.st.stm32cube.ide.mcu.externaltools.gnu-tools-for-stm32.13.3.rel1.macos64_1.0.0.202411102158/tools/bin/../lib/gcc/arm-none-eabi/13.3.1/../../../../arm-none-eabi/lib/thumb/v7e-m+fp/hard/libc_nano.a(libc_a-findfp.o)
                0x0800b604                __sinit
 .text._fwalk_sglue
                0x0800b634       0x3c /Applications/STM32CubeIDE.app/Contents/Eclipse/plugins/com.st.stm32cube.ide.mcu.externaltools.gnu-tools-for-stm32.13.3.rel1.macos64_1.0.0.202411102158/tools/bin/../lib/gcc/arm-none-eabi/13.3.1/../../../../arm-none-eabi/lib/thumb/v7e-m+fp/hard/libc_nano.a(libc_a-fwalk.o)
                0x0800b634                _fwalk_sglue
 .text.printf   0x0800b670       0x24 /Applications/STM32CubeIDE.app/Contents/Eclipse/plugins/com.st.stm32cube.ide.mcu.externaltools.gnu-tools-for-stm32.13.3.rel1.macos64_1.0.0.202411102158/tools/bin/../lib/gcc/arm-none-eabi/13.3.1/../../../../arm-none-eabi/lib/thumb/v7e-m+fp/hard/libc_nano.a(libc_a-printf.o)
                0x0800b670                printf
                0x0800b670                iprintf
 .text.putchar  0x0800b694       0x10 /Applications/STM32CubeIDE.app/Contents/Eclipse/plugins/com.st.stm32cube.ide.mcu.externaltools.gnu-tools-for-stm32.13.3.rel1.macos64_1.0.0.202411102158/tools/bin/../lib/gcc/arm-none-eabi/13.3.1/../../../../arm-none-eabi/lib/thumb/v7e-m+fp/hard/libc_nano.a(libc_a-putchar.o)
                0x0800b694                putchar
 .text._puts_r  0x0800b6a4       0xaa /Applications/STM32CubeIDE.app/Contents/Eclipse/plugins/com.st.stm32cube.ide.mcu.externaltools.gnu-tools-for-stm32.13.3.rel1.macos64_1.0.0.202411102158/tools/bin/../lib/gcc/arm-none-eabi/13.3.1/../../../../arm-none-eabi/lib/thumb/v7e-m+fp/hard/libc_nano.a(libc_a-puts.o)
                0x0800b6a4                _puts_r
 *fill*         0x0800b74e        0x2 
 .text.puts     0x0800b750       0x10 /Applications/STM32CubeIDE.app/Contents/Eclipse/plugins/com.st.stm32cube.ide.mcu.externaltools.gnu-tools-for-stm32.13.3.rel1.macos64_1.0.0.202411102158/tools/bin/../lib/gcc/arm-none-eabi/13.3.1/../../../../arm-none-eabi/lib/thumb/v7e-m+fp/hard/libc_nano.a(libc_a-puts.o)
                0x0800b750                puts
 .text.memset   0x0800b760       0x10 /Applications/STM32CubeIDE.app/Contents/Eclipse/plugins/com.st.stm32cube.ide.mcu.externaltools.gnu-tools-for-stm32.13.3.rel1.macos64_1.0.0.202411102158/tools/bin/../lib/gcc/arm-none-eabi/13.3.1/../../../../arm-none-eabi/lib/thumb/v7e-m+fp/hard/libc_nano.a(libc_a-memset.o)
                0x0800b760                memset
 .text.__errno  0x0800b770        0xc /Applications/STM32CubeIDE.app/Contents/Eclipse/plugins/com.st.stm32cube.ide.mcu.externaltools.gnu-tools-for-stm32.13.3.rel1.macos64_1.0.0.202411102158/tools/bin/../lib/gcc/arm-none-eabi/13.3.1/../../../../arm-none-eabi/lib/thumb/v7e-m+fp/hard/libc_nano.a(libc_a-errno.o)
                0x0800b770                __errno
 .text.__libc_init_array
                0x0800b77c       0x48 /Applications/STM32CubeIDE.app/Contents/Eclipse/plugins/com.st.stm32cube.ide.mcu.externaltools.gnu-tools-for-stm32.13.3.rel1.macos64_1.0.0.202411102158/tools/bin/../lib/gcc/arm-none-eabi/13.3.1/../../../../arm-none-eabi/lib/thumb/v7e-m+fp/hard/libc_nano.a(libc_a-init.o)
                0x0800b77c                __libc_init_array
 .text.__retarget_lock_init_recursive
                0x0800b7c4        0x2 /Applications/STM32CubeIDE.app/Contents/Eclipse/plugins/com.st.stm32cube.ide.mcu.externaltools.gnu-tools-for-stm32.13.3.rel1.macos64_1.0.0.202411102158/tools/bin/../lib/gcc/arm-none-eabi/13.3.1/../../../../arm-none-eabi/lib/thumb/v7e-m+fp/hard/libc_nano.a(libc_a-lock.o)
                0x0800b7c4                __retarget_lock_init_recursive
 .text.__retarget_lock_acquire_recursive
                0x0800b7c6        0x2 /Applications/STM32CubeIDE.app/Contents/Eclipse/plugins/com.st.stm32cube.ide.mcu.externaltools.gnu-tools-for-stm32.13.3.rel1.macos64_1.0.0.202411102158/tools/bin/../lib/gcc/arm-none-eabi/13.3.1/../../../../arm-none-eabi/lib/thumb/v7e-m+fp/hard/libc_nano.a(libc_a-lock.o)
                0x0800b7c6                __retarget_lock_acquire_recursive
 .text.__retarget_lock_release_recursive
                0x0800b7c8        0x2 /Applications/STM32CubeIDE.app/Contents/Eclipse/plugins/com.st.stm32cube.ide.mcu.externaltools.gnu-tools-for-stm32.13.3.rel1.macos64_1.0.0.202411102158/tools/bin/../lib/gcc/arm-none-eabi/13.3.1/../../../../arm-none-eabi/lib/thumb/v7e-m+fp/hard/libc_nano.a(libc_a-lock.o)
                0x0800b7c8                __retarget_lock_release_recursive
 .text.memcpy   0x0800b7ca       0x1c /Applications/STM32CubeIDE.app/Contents/Eclipse/plugins/com.st.stm32cube.ide.mcu.externaltools.gnu-tools-for-stm32.13.3.rel1.macos64_1.0.0.202411102158/tools/bin/../lib/gcc/arm-none-eabi/13.3.1/../../../../arm-none-eabi/lib/thumb/v7e-m+fp/hard/libc_nano.a(libc_a-memcpy-stub.o)
                0x0800b7ca                memcpy
 .text.__sfputc_r
                0x0800b7e6       0x2e /Applications/STM32CubeIDE.app/Contents/Eclipse/plugins/com.st.stm32cube.ide.mcu.externaltools.gnu-tools-for-stm32.13.3.rel1.macos64_1.0.0.202411102158/tools/bin/../lib/gcc/arm-none-eabi/13.3.1/../../../../arm-none-eabi/lib/thumb/v7e-m+fp/hard/libc_nano.a(libc_a-nano-vfprintf.o)
 .text.__sfputs_r
                0x0800b814       0x24 /Applications/STM32CubeIDE.app/Contents/Eclipse/plugins/com.st.stm32cube.ide.mcu.externaltools.gnu-tools-for-stm32.13.3.rel1.macos64_1.0.0.202411102158/tools/bin/../lib/gcc/arm-none-eabi/13.3.1/../../../../arm-none-eabi/lib/thumb/v7e-m+fp/hard/libc_nano.a(libc_a-nano-vfprintf.o)
                0x0800b814                __sfputs_r
 .text._vfprintf_r
                0x0800b838      0x230 /Applications/STM32CubeIDE.app/Contents/Eclipse/plugins/com.st.stm32cube.ide.mcu.externaltools.gnu-tools-for-stm32.13.3.rel1.macos64_1.0.0.202411102158/tools/bin/../lib/gcc/arm-none-eabi/13.3.1/../../../../arm-none-eabi/lib/thumb/v7e-m+fp/hard/libc_nano.a(libc_a-nano-vfprintf.o)
                0x0800b838                _vfiprintf_r
                0x0800b838                _vfprintf_r
 .text.sbrk_aligned
                0x0800ba68       0x44 /Applications/STM32CubeIDE.app/Contents/Eclipse/plugins/com.st.stm32cube.ide.mcu.externaltools.gnu-tools-for-stm32.13.3.rel1.macos64_1.0.0.202411102158/tools/bin/../lib/gcc/arm-none-eabi/13.3.1/../../../../arm-none-eabi/lib/thumb/v7e-m+fp/hard/libc_nano.a(libc_a-mallocr.o)
 .text._malloc_r
                0x0800baac      0x100 /Applications/STM32CubeIDE.app/Contents/Eclipse/plugins/com.st.stm32cube.ide.mcu.externaltools.gnu-tools-for-stm32.13.3.rel1.macos64_1.0.0.202411102158/tools/bin/../lib/gcc/arm-none-eabi/13.3.1/../../../../arm-none-eabi/lib/thumb/v7e-m+fp/hard/libc_nano.a(libc_a-mallocr.o)
                0x0800baac                _malloc_r
 .text._printf_common
                0x0800bbac       0xda /Applications/STM32CubeIDE.app/Contents/Eclipse/plugins/com.st.stm32cube.ide.mcu.externaltools.gnu-tools-for-stm32.13.3.rel1.macos64_1.0.0.202411102158/tools/bin/../lib/gcc/arm-none-eabi/13.3.1/../../../../arm-none-eabi/lib/thumb/v7e-m+fp/hard/libc_nano.a(libc_a-nano-vfprintf_i.o)
                0x0800bbac                _printf_common
 *fill*         0x0800bc86        0x2 
 .text._printf_i
                0x0800bc88      0x23c /Applications/STM32CubeIDE.app/Contents/Eclipse/plugins/com.st.stm32cube.ide.mcu.externaltools.gnu-tools-for-stm32.13.3.rel1.macos64_1.0.0.202411102158/tools/bin/../lib/gcc/arm-none-eabi/13.3.1/../../../../arm-none-eabi/lib/thumb/v7e-m+fp/hard/libc_nano.a(libc_a-nano-vfprintf_i.o)
                0x0800bc88                _printf_i
 .text.__sflush_r
                0x0800bec4      0x108 /Applications/STM32CubeIDE.app/Contents/Eclipse/plugins/com.st.stm32cube.ide.mcu.externaltools.gnu-tools-for-stm32.13.3.rel1.macos64_1.0.0.202411102158/tools/bin/../lib/gcc/arm-none-eabi/13.3.1/../../../../arm-none-eabi/lib/thumb/v7e-m+fp/hard/libc_nano.a(libc_a-fflush.o)
                0x0800bec4                __sflush_r
 .text._fflush_r
                0x0800bfcc       0x50 /Applications/STM32CubeIDE.app/Contents/Eclipse/plugins/com.st.stm32cube.ide.mcu.externaltools.gnu-tools-for-stm32.13.3.rel1.macos64_1.0.0.202411102158/tools/bin/../lib/gcc/arm-none-eabi/13.3.1/../../../../arm-none-eabi/lib/thumb/v7e-m+fp/hard/libc_nano.a(libc_a-fflush.o)
                0x0800bfcc                _fflush_r
 .text.__malloc_lock
                0x0800c01c        0xc /Applications/STM32CubeIDE.app/Contents/Eclipse/plugins/com.st.stm32cube.ide.mcu.externaltools.gnu-tools-for-stm32.13.3.rel1.macos64_1.0.0.202411102158/tools/bin/../lib/gcc/arm-none-eabi/13.3.1/../../../../arm-none-eabi/lib/thumb/v7e-m+fp/hard/libc_nano.a(libc_a-mlock.o)
                0x0800c01c                __malloc_lock
 .text.__malloc_unlock
                0x0800c028        0xc /Applications/STM32CubeIDE.app/Contents/Eclipse/plugins/com.st.stm32cube.ide.mcu.externaltools.gnu-tools-for-stm32.13.3.rel1.macos64_1.0.0.202411102158/tools/bin/../lib/gcc/arm-none-eabi/13.3.1/../../../../arm-none-eabi/lib/thumb/v7e-m+fp/hard/libc_nano.a(libc_a-mlock.o)
                0x0800c028                __malloc_unlock
 .text.__sread  0x0800c034       0x22 /Applications/STM32CubeIDE.app/Contents/Eclipse/plugins/com.st.stm32cube.ide.mcu.externaltools.gnu-tools-for-stm32.13.3.rel1.macos64_1.0.0.202411102158/tools/bin/../lib/gcc/arm-none-eabi/13.3.1/../../../../arm-none-eabi/lib/thumb/v7e-m+fp/hard/libc_nano.a(libc_a-stdio.o)
                0x0800c034                __sread
 .text.__swrite
                0x0800c056       0x38 /Applications/STM32CubeIDE.app/Contents/Eclipse/plugins/com.st.stm32cube.ide.mcu.externaltools.gnu-tools-for-stm32.13.3.rel1.macos64_1.0.0.202411102158/tools/bin/../lib/gcc/arm-none-eabi/13.3.1/../../../../arm-none-eabi/lib/thumb/v7e-m+fp/hard/libc_nano.a(libc_a-stdio.o)
                0x0800c056                __swrite
 .text.__sseek  0x0800c08e       0x24 /Applications/STM32CubeIDE.app/Contents/Eclipse/plugins/com.st.stm32cube.ide.mcu.externaltools.gnu-tools-for-stm32.13.3.rel1.macos64_1.0.0.202411102158/tools/bin/../lib/gcc/arm-none-eabi/13.3.1/../../../../arm-none-eabi/lib/thumb/v7e-m+fp/hard/libc_nano.a(libc_a-stdio.o)
                0x0800c08e                __sseek
 .text.__sclose
                0x0800c0b2        0x8 /Applications/STM32CubeIDE.app/Contents/Eclipse/plugins/com.st.stm32cube.ide.mcu.externaltools.gnu-tools-for-stm32.13.3.rel1.macos64_1.0.0.202411102158/tools/bin/../lib/gcc/arm-none-eabi/13.3.1/../../../../arm-none-eabi/lib/thumb/v7e-m+fp/hard/libc_nano.a(libc_a-stdio.o)
                0x0800c0b2                __sclose
 .text.__swbuf_r
                0x0800c0ba       0x7c /Applications/STM32CubeIDE.app/Contents/Eclipse/plugins/com.st.stm32cube.ide.mcu.externaltools.gnu-tools-for-stm32.13.3.rel1.macos64_1.0.0.202411102158/tools/bin/../lib/gcc/arm-none-eabi/13.3.1/../../../../arm-none-eabi/lib/thumb/v7e-m+fp/hard/libc_nano.a(libc_a-wbuf.o)
                0x0800c0ba                __swbuf_r
 *fill*         0x0800c136        0x2 
 .text.__swsetup_r
                0x0800c138       0xac /Applications/STM32CubeIDE.app/Contents/Eclipse/plugins/com.st.stm32cube.ide.mcu.externaltools.gnu-tools-for-stm32.13.3.rel1.macos64_1.0.0.202411102158/tools/bin/../lib/gcc/arm-none-eabi/13.3.1/../../../../arm-none-eabi/lib/thumb/v7e-m+fp/hard/libc_nano.a(libc_a-wsetup.o)
                0x0800c138                __swsetup_r
 .text.__swhatbuf_r
                0x0800c1e4       0x4c /Applications/STM32CubeIDE.app/Contents/Eclipse/plugins/com.st.stm32cube.ide.mcu.externaltools.gnu-tools-for-stm32.13.3.rel1.macos64_1.0.0.202411102158/tools/bin/../lib/gcc/arm-none-eabi/13.3.1/../../../../arm-none-eabi/lib/thumb/v7e-m+fp/hard/libc_nano.a(libc_a-makebuf.o)
                0x0800c1e4                __swhatbuf_r
 .text.__smakebuf_r
                0x0800c230       0x78 /Applications/STM32CubeIDE.app/Contents/Eclipse/plugins/com.st.stm32cube.ide.mcu.externaltools.gnu-tools-for-stm32.13.3.rel1.macos64_1.0.0.202411102158/tools/bin/../lib/gcc/arm-none-eabi/13.3.1/../../../../arm-none-eabi/lib/thumb/v7e-m+fp/hard/libc_nano.a(libc_a-makebuf.o)
                0x0800c230                __smakebuf_r
 .text._putc_r  0x0800c2a8       0x68 /Applications/STM32CubeIDE.app/Contents/Eclipse/plugins/com.st.stm32cube.ide.mcu.externaltools.gnu-tools-for-stm32.13.3.rel1.macos64_1.0.0.202411102158/tools/bin/../lib/gcc/arm-none-eabi/13.3.1/../../../../arm-none-eabi/lib/thumb/v7e-m+fp/hard/libc_nano.a(libc_a-putc.o)
                0x0800c2a8                _putc_r
 .text._isatty_r
                0x0800c310       0x20 /Applications/STM32CubeIDE.app/Contents/Eclipse/plugins/com.st.stm32cube.ide.mcu.externaltools.gnu-tools-for-stm32.13.3.rel1.macos64_1.0.0.202411102158/tools/bin/../lib/gcc/arm-none-eabi/13.3.1/../../../../arm-none-eabi/lib/thumb/v7e-m+fp/hard/libc_nano.a(libc_a-isattyr.o)
                0x0800c310                _isatty_r
 .text._lseek_r
                0x0800c330       0x24 /Applications/STM32CubeIDE.app/Contents/Eclipse/plugins/com.st.stm32cube.ide.mcu.externaltools.gnu-tools-for-stm32.13.3.rel1.macos64_1.0.0.202411102158/tools/bin/../lib/gcc/arm-none-eabi/13.3.1/../../../../arm-none-eabi/lib/thumb/v7e-m+fp/hard/libc_nano.a(libc_a-lseekr.o)
                0x0800c330                _lseek_r
 .text._read_r  0x0800c354       0x24 /Applications/STM32CubeIDE.app/Contents/Eclipse/plugins/com.st.stm32cube.ide.mcu.externaltools.gnu-tools-for-stm32.13.3.rel1.macos64_1.0.0.202411102158/tools/bin/../lib/gcc/arm-none-eabi/13.3.1/../../../../arm-none-eabi/lib/thumb/v7e-m+fp/hard/libc_nano.a(libc_a-readr.o)
                0x0800c354                _read_r
 .text._sbrk_r  0x0800c378       0x20 /Applications/STM32CubeIDE.app/Contents/Eclipse/plugins/com.st.stm32cube.ide.mcu.externaltools.gnu-tools-for-stm32.13.3.rel1.macos64_1.0.0.202411102158/tools/bin/../lib/gcc/arm-none-eabi/13.3.1/../../../../arm-none-eabi/lib/thumb/v7e-m+fp/hard/libc_nano.a(libc_a-sbrkr.o)
                0x0800c378                _sbrk_r
 .text._write_r
                0x0800c398       0x24 /Applications/STM32CubeIDE.app/Contents/Eclipse/plugins/com.st.stm32cube.ide.mcu.externaltools.gnu-tools-for-stm32.13.3.rel1.macos64_1.0.0.202411102158/tools/bin/../lib/gcc/arm-none-eabi/13.3.1/../../../../arm-none-eabi/lib/thumb/v7e-m+fp/hard/libc_nano.a(libc_a-writer.o)
                0x0800c398                _write_r
 .text._close_r
                0x0800c3bc       0x20 /Applications/STM32CubeIDE.app/Contents/Eclipse/plugins/com.st.stm32cube.ide.mcu.externaltools.gnu-tools-for-stm32.13.3.rel1.macos64_1.0.0.202411102158/tools/bin/../lib/gcc/arm-none-eabi/13.3.1/../../../../arm-none-eabi/lib/thumb/v7e-m+fp/hard/libc_nano.a(libc_a-closer.o)
                0x0800c3bc                _close_r
 .text._fstat_r
                0x0800c3dc       0x24 /Applications/STM32CubeIDE.app/Contents/Eclipse/plugins/com.st.stm32cube.ide.mcu.externaltools.gnu-tools-for-stm32.13.3.rel1.macos64_1.0.0.202411102158/tools/bin/../lib/gcc/arm-none-eabi/13.3.1/../../../../arm-none-eabi/lib/thumb/v7e-m+fp/hard/libc_nano.a(libc_a-fstatr.o)
                0x0800c3dc                _fstat_r
 .text._free_r  0x0800c400       0x94 /Applications/STM32CubeIDE.app/Contents/Eclipse/plugins/com.st.stm32cube.ide.mcu.externaltools.gnu-tools-for-stm32.13.3.rel1.macos64_1.0.0.202411102158/tools/bin/../lib/gcc/arm-none-eabi/13.3.1/../../../../arm-none-eabi/lib/thumb/v7e-m+fp/hard/libc_nano.a(libc_a-freer.o)
                0x0800c400                _free_r
 .text.sqrtf    0x0800c494       0x3c /Applications/STM32CubeIDE.app/Contents/Eclipse/plugins/com.st.stm32cube.ide.mcu.externaltools.gnu-tools-for-stm32.13.3.rel1.macos64_1.0.0.202411102158/tools/bin/../lib/gcc/arm-none-eabi/13.3.1/../../../../arm-none-eabi/lib/thumb/v7e-m+fp/hard/libm.a(libm_a-wf_sqrt.o)
                0x0800c494                sqrtf
 .text.__ieee754_sqrtf
                0x0800c4d0        0x6 /Applications/STM32CubeIDE.app/Contents/Eclipse/plugins/com.st.stm32cube.ide.mcu.externaltools.gnu-tools-for-stm32.13.3.rel1.macos64_1.0.0.202411102158/tools/bin/../lib/gcc/arm-none-eabi/13.3.1/../../../../arm-none-eabi/lib/thumb/v7e-m+fp/hard/libm.a(libm_a-ef_sqrt.o)
                0x0800c4d0                __ieee754_sqrtf
 *(.glue_7)
 .glue_7        0x0800c4d6        0x0 linker stubs
 *(.glue_7t)
 .glue_7t       0x0800c4d6        0x0 linker stubs
 *(.eh_frame)
 *fill*         0x0800c4d6        0x2 
 .eh_frame      0x0800c4d8        0x0 /Applications/STM32CubeIDE.app/Contents/Eclipse/plugins/com.st.stm32cube.ide.mcu.externaltools.gnu-tools-for-stm32.13.3.rel1.macos64_1.0.0.202411102158/tools/bin/../lib/gcc/arm-none-eabi/13.3.1/thumb/v7e-m+fp/hard/crtbegin.o
 *(.init)
 .init          0x0800c4d8        0x4 /Applications/STM32CubeIDE.app/Contents/Eclipse/plugins/com.st.stm32cube.ide.mcu.externaltools.gnu-tools-for-stm32.13.3.rel1.macos64_1.0.0.202411102158/tools/bin/../lib/gcc/arm-none-eabi/13.3.1/thumb/v7e-m+fp/hard/crti.o
                0x0800c4d8                _init