Archive member included to satisfy reference by file (symbol)

/Applications/STM32CubeIDE.app/Contents/Eclipse/plugins/com.st.stm32cube.ide.mcu.externaltools.gnu-tools-for-stm32.13.3.rel1.macos64_1.0.0.202411102158/tools/bin/../lib/gcc/arm-none-eabi/13.3.1/../../../../arm-none-eabi/lib/thumb/v7e-m+fp/hard/libc_nano.a(libc_a-exit.o)
                              /Applications/STM32CubeIDE.app/Contents/Eclipse/plugins/com.st.stm32cube.ide.mcu.externaltools.gnu-tools-for-stm32.13.3.rel1.macos64_1.0.0.202411102158/tools/bin/../lib/gcc/arm-none-eabi/13.3.1/../../../../arm-none-eabi/lib/thumb/v7e-m+fp/hard/crt0.o (exit)
/Applications/STM32CubeIDE.app/Contents/Eclipse/plugins/com.st.stm32cube.ide.mcu.externaltools.gnu-tools-for-stm32.13.3.rel1.macos64_1.0.0.202411102158/tools/bin/../lib/gcc/arm-none-eabi/13.3.1/../../../../arm-none-eabi/lib/thumb/v7e-m+fp/hard/libc_nano.a(libc_a-nano-vfprintf_float.o)
                              (_printf_float)
/Applications/STM32CubeIDE.app/Contents/Eclipse/plugins/com.st.stm32cube.ide.mcu.externaltools.gnu-tools-for-stm32.13.3.rel1.macos64_1.0.0.202411102158/tools/bin/../lib/gcc/arm-none-eabi/13.3.1/../../../../arm-none-eabi/lib/thumb/v7e-m+fp/hard/libc_nano.a(libc_a-nano-vfprintf_i.o)
                              /Applications/STM32CubeIDE.app/Contents/Eclipse/plugins/com.st.stm32cube.ide.mcu.externaltools.gnu-tools-for-stm32.13.3.rel1.macos64_1.0.0.202411102158/tools/bin/../lib/gcc/arm-none-eabi/13.3.1/../../../../arm-none-eabi/lib/thumb/v7e-m+fp/hard/libc_nano.a(libc_a-nano-vfprintf_float.o) (_printf_common)
/Applications/STM32CubeIDE.app/Contents/Eclipse/plugins/com.st.stm32cube.ide.mcu.externaltools.gnu-tools-for-stm32.13.3.rel1.macos64_1.0.0.202411102158/tools/bin/../lib/gcc/arm-none-eabi/13.3.1/../../../../arm-none-eabi/lib/thumb/v7e-m+fp/hard/libc_nano.a(libc_a-findfp.o)
                              /Applications/STM32CubeIDE.app/Contents/Eclipse/plugins/com.st.stm32cube.ide.mcu.externaltools.gnu-tools-for-stm32.13.3.rel1.macos64_1.0.0.202411102158/tools/bin/../lib/gcc/arm-none-eabi/13.3.1/../../../../arm-none-eabi/lib/thumb/v7e-m+fp/hard/libc_nano.a(libc_a-exit.o) (__stdio_exit_handler)
/Applications/STM32CubeIDE.app/Contents/Eclipse/plugins/com.st.stm32cube.ide.mcu.externaltools.gnu-tools-for-stm32.13.3.rel1.macos64_1.0.0.202411102158/tools/bin/../lib/gcc/arm-none-eabi/13.3.1/../../../../arm-none-eabi/lib/thumb/v7e-m+fp/hard/libc_nano.a(libc_a-vprintf.o)
                              ./Middlewares/STM32_WPAN/dbg_trace.o (vprintf)
/Applications/STM32CubeIDE.app/Contents/Eclipse/plugins/com.st.stm32cube.ide.mcu.externaltools.gnu-tools-for-stm32.13.3.rel1.macos64_1.0.0.202411102158/tools/bin/../lib/gcc/arm-none-eabi/13.3.1/../../../../arm-none-eabi/lib/thumb/v7e-m+fp/hard/libc_nano.a(libc_a-fwalk.o)
                              /Applications/STM32CubeIDE.app/Contents/Eclipse/plugins/com.st.stm32cube.ide.mcu.externaltools.gnu-tools-for-stm32.13.3.rel1.macos64_1.0.0.202411102158/tools/bin/../lib/gcc/arm-none-eabi/13.3.1/../../../../arm-none-eabi/lib/thumb/v7e-m+fp/hard/libc_nano.a(libc_a-findfp.o) (_fwalk_sglue)
/Applications/STM32CubeIDE.app/Contents/Eclipse/plugins/com.st.stm32cube.ide.mcu.externaltools.gnu-tools-for-stm32.13.3.rel1.macos64_1.0.0.202411102158/tools/bin/../lib/gcc/arm-none-eabi/13.3.1/../../../../arm-none-eabi/lib/thumb/v7e-m+fp/hard/libc_nano.a(libc_a-printf.o)
                              ./Application/User/Core/app_entry.o (printf)
/Applications/STM32CubeIDE.app/Contents/Eclipse/plugins/com.st.stm32cube.ide.mcu.externaltools.gnu-tools-for-stm32.13.3.rel1.macos64_1.0.0.202411102158/tools/bin/../lib/gcc/arm-none-eabi/13.3.1/../../../../arm-none-eabi/lib/thumb/v7e-m+fp/hard/libc_nano.a(libc_a-puts.o)
                              ./Application/User/Core/app_entry.o (puts)
/Applications/STM32CubeIDE.app/Contents/Eclipse/plugins/com.st.stm32cube.ide.mcu.externaltools.gnu-tools-for-stm32.13.3.rel1.macos64_1.0.0.202411102158/tools/bin/../lib/gcc/arm-none-eabi/13.3.1/../../../../arm-none-eabi/lib/thumb/v7e-m+fp/hard/libc_nano.a(libc_a-memcmp.o)
                              ./Middlewares/STM32_WPAN/osal.o (memcmp)
/Applications/STM32CubeIDE.app/Contents/Eclipse/plugins/com.st.stm32cube.ide.mcu.externaltools.gnu-tools-for-stm32.13.3.rel1.macos64_1.0.0.202411102158/tools/bin/../lib/gcc/arm-none-eabi/13.3.1/../../../../arm-none-eabi/lib/thumb/v7e-m+fp/hard/libc_nano.a(libc_a-memset.o)
                              /Applications/STM32CubeIDE.app/Contents/Eclipse/plugins/com.st.stm32cube.ide.mcu.externaltools.gnu-tools-for-stm32.13.3.rel1.macos64_1.0.0.202411102158/tools/bin/../lib/gcc/arm-none-eabi/13.3.1/../../../../arm-none-eabi/lib/thumb/v7e-m+fp/hard/crt0.o (memset)
/Applications/STM32CubeIDE.app/Contents/Eclipse/plugins/com.st.stm32cube.ide.mcu.externaltools.gnu-tools-for-stm32.13.3.rel1.macos64_1.0.0.202411102158/tools/bin/../lib/gcc/arm-none-eabi/13.3.1/../../../../arm-none-eabi/lib/thumb/v7e-m+fp/hard/libc_nano.a(libc_a-strrchr.o)
[...]
Memory Configuration

Name             Origin             Length             Attributes
FLASH            0x08000000         0x00080000         xr
RAM1             0x20000008         0x0002fff8         xrw
RAM_SHARED       0x20030000         0x00002800         xrw
*default*        0x00000000         0xffffffff

Linker script and memory map

LOAD /Applications/STM32CubeIDE.app/Contents/Eclipse/plugins/com.st.stm32cube.ide.mcu.externaltools.gnu-tools-for-stm32.13.3.rel1.macos64_1.0.0.202411102158/tools/bin/../lib/gcc/arm-none-eabi/13.3.1/thumb/v7e-m+fp/hard/crti.o
LOAD /Applications/STM32CubeIDE.app/Contents/Eclipse/plugins/com.st.stm32cube.ide.mcu.externaltools.gnu-tools-for-stm32.13.3.rel1.macos64_1.0.0.202411102158/tools/bin/../lib/gcc/arm-none-eabi/13.3.1/thumb/v7e-m+fp/hard/crtbegin.o
LOAD /Applications/STM32CubeIDE.app/Contents/Eclipse/plugins/com.st.stm32cube.ide.mcu.externaltools.gnu-tools-for-stm32.13.3.rel1.macos64_1.0.0.202411102158/tools/bin/../lib/gcc/arm-none-eabi/13.3.1/../../../../arm-none-eabi/lib/thumb/v7e-m+fp/hard/crt0.o
LOAD ./Application/User/Core/app_debug.o
LOAD ./Application/User/Core/app_entry.o
LOAD ./Application/User/Core/hw_timerserver.o
LOAD ./Application/User/Core/hw_uart.o
LOAD ./Application/User/Core/main.o
LOAD ./Application/User/Core/stm32_lpm_if.o
LOAD ./Application/User/Core/stm32wbxx_hal_msp.o
LOAD ./Application/User/Core/stm32wbxx_it.o
LOAD ./Application/User/Core/syscalls.o
LOAD ./Application/User/Core/sysmem.o
LOAD ./Application/User/STM32_WPAN/App/app_ble.o
LOAD ./Application/User/STM32_WPAN/App/p2p_client_app.o
LOAD ./Application/User/STM32_WPAN/Target/hw_ipcc.o
LOAD ./Application/User/Startup/startup_stm32wb55rgvx.o
LOAD ./Drivers/BSP/P-NUCLEO-WB55.Nucleo/stm32wbxx_nucleo.o
LOAD ./Drivers/CMSIS/system_stm32wbxx.o
LOAD ./Drivers/STM32WBxx_HAL_Driver/stm32wbxx_hal.o
LOAD ./Drivers/STM32WBxx_HAL_Driver/stm32wbxx_hal_cortex.o
LOAD ./Drivers/STM32WBxx_HAL_Driver/stm32wbxx_hal_dma.o
LOAD ./Drivers/STM32WBxx_HAL_Driver/stm32wbxx_hal_dma_ex.o
LOAD ./Drivers/STM32WBxx_HAL_Driver/stm32wbxx_hal_exti.o
LOAD ./Drivers/STM32WBxx_HAL_Driver/stm32wbxx_hal_flash.o
LOAD ./Drivers/STM32WBxx_HAL_Driver/stm32wbxx_hal_flash_ex.o
LOAD ./Drivers/STM32WBxx_HAL_Driver/stm32wbxx_hal_gpio.o
LOAD ./Drivers/STM32WBxx_HAL_Driver/stm32wbxx_hal_hsem.o
LOAD ./Drivers/STM32WBxx_HAL_Driver/stm32wbxx_hal_ipcc.o
LOAD ./Drivers/STM32WBxx_HAL_Driver/stm32wbxx_hal_pwr.o
LOAD ./Drivers/STM32WBxx_HAL_Driver/stm32wbxx_hal_pwr_ex.o
LOAD ./Drivers/STM32WBxx_HAL_Driver/stm32wbxx_hal_rcc.o
LOAD ./Drivers/STM32WBxx_HAL_Driver/stm32wbxx_hal_rcc_ex.o
LOAD ./Drivers/STM32WBxx_HAL_Driver/stm32wbxx_hal_rtc.o
LOAD ./Drivers/STM32WBxx_HAL_Driver/stm32wbxx_hal_rtc_ex.o
LOAD ./Drivers/STM32WBxx_HAL_Driver/stm32wbxx_hal_tim.o
LOAD ./Drivers/STM32WBxx_HAL_Driver/stm32wbxx_hal_tim_ex.o
LOAD ./Drivers/STM32WBxx_HAL_Driver/stm32wbxx_hal_uart.o
LOAD ./Drivers/STM32WBxx_HAL_Driver/stm32wbxx_hal_uart_ex.o
LOAD ./Middlewares/STM32_WPAN/ble_gap_aci.o
LOAD ./Middlewares/STM32_WPAN/ble_gatt_aci.o
LOAD ./Middlewares/STM32_WPAN/ble_hal_aci.o
LOAD ./Middlewares/STM32_WPAN/ble_hci_le.o
LOAD ./Middlewares/STM32_WPAN/ble_l2cap_aci.o
LOAD ./Middlewares/STM32_WPAN/dbg_trace.o
LOAD ./Middlewares/STM32_WPAN/hci_tl.o
LOAD ./Middlewares/STM32_WPAN/hci_tl_if.o
LOAD ./Middlewares/STM32_WPAN/osal.o
LOAD ./Middlewares/STM32_WPAN/otp.o
LOAD ./Middlewares/STM32_WPAN/shci.o
LOAD ./Middlewares/STM32_WPAN/shci_tl.o
LOAD ./Middlewares/STM32_WPAN/shci_tl_if.o
LOAD ./Middlewares/STM32_WPAN/stm_list.o
LOAD ./Middlewares/STM32_WPAN/stm_queue.o
LOAD ./Middlewares/STM32_WPAN/svc_ctl.o
LOAD ./Middlewares/STM32_WPAN/tl_mbox.o
LOAD ./Utilities/stm32_lpm.o
LOAD ./Utilities/stm32_seq.o
START GROUP
LOAD /Applications/STM32CubeIDE.app/Contents/Eclipse/plugins/com.st.stm32cube.ide.mcu.externaltools.gnu-tools-for-stm32.13.3.rel1.macos64_1.0.0.202411102158/tools/bin/../lib/gcc/arm-none-eabi/13.3.1/../../../../arm-none-eabi/lib/thumb/v7e-m+fp/hard/libc_nano.a
LOAD /Applications/STM32CubeIDE.app/Contents/Eclipse/plugins/com.st.stm32cube.ide.mcu.externaltools.gnu-tools-for-stm32.13.3.rel1.macos64_1.0.0.202411102158/tools/bin/../lib/gcc/arm-none-eabi/13.3.1/../../../../arm-none-eabi/lib/thumb/v7e-m+fp/hard/libm.a
END GROUP
START GROUP
LOAD /Applications/STM32CubeIDE.app/Contents/Eclipse/plugins/com.st.stm32cube.ide.mcu.externaltools.gnu-tools-for-stm32.13.3.rel1.macos64_1.0.0.202411102158/tools/bin/../lib/gcc/arm-none-eabi/13.3.1/thumb/v7e-m+fp/hard/libgcc.a
LOAD /Applications/STM32CubeIDE.app/Contents/Eclipse/plugins/com.st.stm32cube.ide.mcu.externaltools.gnu-tools-for-stm32.13.3.rel1.macos64_1.0.0.202411102158/tools/bin/../lib/gcc/arm-none-eabi/13.3.1/../../../../arm-none-eabi/lib/thumb/v7e-m+fp/hard/libc_nano.a
END GROUP
START GROUP
LOAD /Applications/STM32CubeIDE.app/Contents/Eclipse/plugins/com.st.stm32cube.ide.mcu.externaltools.gnu-tools-for-stm32.13.3.rel1.macos64_1.0.0.202411102158/tools/bin/../lib/gcc/arm-none-eabi/13.3.1/thumb/v7e-m+fp/hard/libgcc.a
LOAD /Applications/STM32CubeIDE.app/Contents/Eclipse/plugins/com.st.stm32cube.ide.mcu.externaltools.gnu-tools-for-stm32.13.3.rel1.macos64_1.0.0.202411102158/tools/bin/../lib/gcc/arm-none-eabi/13.3.1/../../../../arm-none-eabi/lib/thumb/v7e-m+fp/hard/libc_nano.a
LOAD /Applications/STM32CubeIDE.app/Contents/Eclipse/plugins/com.st.stm32cube.ide.mcu.externaltools.gnu-tools-for-stm32.13.3.rel1.macos64_1.0.0.202411102158/tools/bin/../lib/gcc/arm-none-eabi/13.3.1/../../../../arm-none-eabi/lib/thumb/v7e-m+fp/hard/libnosys.a
END GROUP
START GROUP
LOAD /Applications/STM32CubeIDE.app/Contents/Eclipse/plugins/com.st.stm32cube.ide.mcu.externaltools.gnu-tools-for-stm32.13.3.rel1.macos64_1.0.0.202411102158/tools/bin/../lib/gcc/arm-none-eabi/13.3.1/thumb/v7e-m+fp/hard/libgcc.a
LOAD /Applications/STM32CubeIDE.app/Contents/Eclipse/plugins/com.st.stm32cube.ide.mcu.externaltools.gnu-tools-for-stm32.13.3.rel1.macos64_1.0.0.202411102158/tools/bin/../lib/gcc/arm-none-eabi/13.3.1/../../../../arm-none-eabi/lib/thumb/v7e-m+fp/hard/libc_nano.a
LOAD /Applications/STM32CubeIDE.app/Contents/Eclipse/plugins/com.st.stm32cube.ide.mcu.externaltools.gnu-tools-for-stm32.13.3.rel1.macos64_1.0.0.202411102158/tools/bin/../lib/gcc/arm-none-eabi/13.3.1/../../../../arm-none-eabi/lib/thumb/v7e-m+fp/hard/libnosys.a
END GROUP
LOAD /Applications/STM32CubeIDE.app/Contents/Eclipse/plugins/com.st.stm32cube.ide.mcu.externaltools.gnu-tools-for-stm32.13.3.rel1.macos64_1.0.0.202411102158/tools/bin/../lib/gcc/arm-none-eabi/13.3.1/thumb/v7e-m+fp/hard/crtend.o
LOAD /Applications/STM32CubeIDE.app/Contents/Eclipse/plugins/com.st.stm32cube.ide.mcu.externaltools.gnu-tools-for-stm32.13.3.rel1.macos64_1.0.0.202411102158/tools/bin/../lib/gcc/arm-none-eabi/13.3.1/thumb/v7e-m+fp/hard/crtn.o
                0x20030000                        _estack = 0x20030000
                0x00000400                        _Min_Heap_Size = 0x400
                0x00001000                        _Min_Stack_Size = 0x1000

.isr_vector     0x08000000      0x13c
                0x08000000                        . = ALIGN (0x4)
 *(.isr_vector)
 .isr_vector    0x08000000      0x13c ./Application/User/Startup/startup_stm32wb55rgvx.o
                0x08000000                g_pfnVectors
                0x0800013c                        . = ALIGN (0x4)

.text           0x08000140     0xfa20
                0x08000140                        . = ALIGN (0x4)
 *(.text)
 .text          0x08000140       0x40 /Applications/STM32CubeIDE.app/Contents/Eclipse/plugins/com.st.stm32cube.ide.mcu.externaltools.gnu-tools-for-stm32.13.3.rel1.macos64_1.0.0.202411102158/tools/bin/../lib/gcc/arm-none-eabi/13.3.1/thumb/v7e-m+fp/hard/crtbegin.o
 .text          0x08000180       0x14 /Applications/STM32CubeIDE.app/Contents/Eclipse/plugins/com.st.stm32cube.ide.mcu.externaltools.gnu-tools-for-stm32.13.3.rel1.macos64_1.0.0.202411102158/tools/bin/../lib/gcc/arm-none-eabi/13.3.1/../../../../arm-none-eabi/lib/thumb/v7e-m+fp/hard/libc_nano.a(libc_a-strcmp.o)
                0x08000180                strcmp
 *fill*         0x08000194        0xc 
 .text          0x080001a0       0xa0 /Applications/STM32CubeIDE.app/Contents/Eclipse/plugins/com.st.stm32cube.ide.mcu.externaltools.gnu-tools-for-stm32.13.3.rel1.macos64_1.0.0.202411102158/tools/bin/../lib/gcc/arm-none-eabi/13.3.1/../../../../arm-none-eabi/lib/thumb/v7e-m+fp/hard/libc_nano.a(libc_a-memchr.o)
                0x080001a0                memchr
 .text          0x08000240       0x10 /Applications/STM32CubeIDE.app/Contents/Eclipse/plugins/com.st.stm32cube.ide.mcu.externaltools.gnu-tools-for-stm32.13.3.rel1.macos64_1.0.0.202411102158/tools/bin/../lib/gcc/arm-none-eabi/13.3.1/../../../../arm-none-eabi/lib/thumb/v7e-m+fp/hard/libc_nano.a(libc_a-strlen.o)
                0x08000240                strlen
 .text          0x08000250      0x378 /Applications/STM32CubeIDE.app/Contents/Eclipse/plugins/com.st.stm32cube.ide.mcu.externaltools.gnu-tools-for-stm32.13.3.rel1.macos64_1.0.0.202411102158/tools/bin/../lib/gcc/arm-none-eabi/13.3.1/thumb/v7e-m+fp/hard/libgcc.a(_arm_addsubdf3.o)
                0x08000250                __aeabi_drsub
                0x08000258                __subdf3
                0x08000258                __aeabi_dsub
                0x0800025c                __aeabi_dadd
                0x0800025c                __adddf3
                0x080004d4                __aeabi_ui2d
                0x080004d4                __floatunsidf
                0x080004f4                __floatsidf
                0x080004f4                __aeabi_i2d
                0x08000518                __extendsfdf2
                0x08000518                __aeabi_f2d
                0x0800055c                __aeabi_ul2d
                0x0800055c                __floatundidf
                0x0800056c                __aeabi_l2d
                0x0800056c                __floatdidf
 .text          0x080005c8      0x424 /Applications/STM32CubeIDE.app/Contents/Eclipse/plugins/com.st.stm32cube.ide.mcu.externaltools.gnu-tools-for-stm32.13.3.rel1.macos64_1.0.0.202411102158/tools/bin/../lib/gcc/arm-none-eabi/13.3.1/thumb/v7e-m+fp/hard/libgcc.a(_arm_muldivdf3.o)
                0x080005c8                __aeabi_dmul
                0x080005c8                __muldf3
                0x0800081c                __aeabi_ddiv
                0x0800081c                __divdf3
 .text          0x080009ec      0x110 /Applications/STM32CubeIDE.app/Contents/Eclipse/plugins/com.st.stm32cube.ide.mcu.externaltools.gnu-tools-for-stm32.13.3.rel1.macos64_1.0.0.202411102158/tools/bin/../lib/gcc/arm-none-eabi/13.3.1/thumb/v7e-m+fp/hard/libgcc.a(_arm_cmpdf2.o)
                0x080009ec                __gedf2
                0x080009ec                __gtdf2
                0x080009f4                __ledf2
                0x080009f4                __ltdf2
                0x080009fc                __cmpdf2
                0x080009fc                __eqdf2
                0x080009fc                __nedf2
                0x08000a78                __aeabi_cdrcmple
                0x08000a88                __aeabi_cdcmple
                0x08000a88                __aeabi_cdcmpeq
                0x08000a98                __aeabi_dcmpeq
                0x08000aac                __aeabi_dcmplt
                0x08000ac0                __aeabi_dcmple
                0x08000ad4                __aeabi_dcmpge
                0x08000ae8                __aeabi_dcmpgt
 .text          0x08000afc       0x2c /Applications/STM32CubeIDE.app/Contents/Eclipse/plugins/com.st.stm32cube.ide.mcu.externaltools.gnu-tools-for-stm32.13.3.rel1.macos64_1.0.0.202411102158/tools/bin/../lib/gcc/arm-none-eabi/13.3.1/thumb/v7e-m+fp/hard/libgcc.a(_arm_unorddf2.o)
                0x08000afc                __aeabi_dcmpun
                0x08000afc                __unorddf2
 .text          0x08000b28       0x50 /Applications/STM32CubeIDE.app/Contents/Eclipse/plugins/com.st.stm32cube.ide.mcu.externaltools.gnu-tools-for-stm32.13.3.rel1.macos64_1.0.0.202411102158/tools/bin/../lib/gcc/arm-none-eabi/13.3.1/thumb/v7e-m+fp/hard/libgcc.a(_arm_fixdfsi.o)
                0x08000b28                __fixdfsi
                0x08000b28                __aeabi_d2iz
 .text          0x08000b78       0x30 /Applications/STM32CubeIDE.app/Contents/Eclipse/plugins/com.st.stm32cube.ide.mcu.externaltools.gnu-tools-for-stm32.13.3.rel1.macos64_1.0.0.202411102158/tools/bin/../lib/gcc/arm-none-eabi/13.3.1/thumb/v7e-m+fp/hard/libgcc.a(_aeabi_uldivmod.o)
                0x08000b78                __aeabi_uldivmod
 .text          0x08000ba8      0x2f8 /Applications/STM32CubeIDE.app/Contents/Eclipse/plugins/com.st.stm32cube.ide.mcu.externaltools.gnu-tools-for-stm32.13.3.rel1.macos64_1.0.0.202411102158/tools/bin/../lib/gcc/arm-none-eabi/13.3.1/thumb/v7e-m+fp/hard/libgcc.a(_udivmoddi4.o)
                0x08000ba8                __udivmoddi4
 .text          0x08000ea0        0x4 /Applications/STM32CubeIDE.app/Contents/Eclipse/plugins/com.st.stm32cube.ide.mcu.externaltools.gnu-tools-for-stm32.13.3.rel1.macos64_1.0.0.202411102158/tools/bin/../lib/gcc/arm-none-eabi/13.3.1/thumb/v7e-m+fp/hard/libgcc.a(_dvmd_tls.o)
                0x08000ea0                __aeabi_ldiv0
                0x08000ea0                __aeabi_idiv0
 *(.text*)
 .text.LL_EXTI_EnableIT_32_63
                0x08000ea4       0x28 ./Application/User/Core/app_debug.o
 .text.LL_AHB2_GRP1_EnableClock
                0x08000ecc       0x32 ./Application/User/Core/app_debug.o
 .text.LL_C2_AHB2_GRP1_EnableClock
                0x08000efe       0x38 ./Application/User/Core/app_debug.o
 .text.APPD_Init
                0x08000f36       0x24 ./Application/User/Core/app_debug.o
                0x08000f36                APPD_Init
 *fill*         0x08000f5a        0x2 
 .text.APPD_EnableCPU2
                0x08000f5c       0x38 ./Application/User/Core/app_debug.o
                0x08000f5c                APPD_EnableCPU2
 .text.APPD_SetCPU2GpioConfig
                0x08000f94      0x144 ./Application/User/Core/app_debug.o
 .text.APPD_BleDtbCfg
                0x080010d8        0xe ./Application/User/Core/app_debug.o
 .text.DbgOutputInit
                0x080010e6        0xc ./Application/User/Core/app_debug.o
                0x080010e6                DbgOutputInit
 .text.DbgOutputTraces
                0x080010f2       0x22 ./Application/User/Core/app_debug.o
                0x080010f2                DbgOutputTraces
 .text.LL_C2_PWR_SetPowerMode
                0x08001114       0x2c ./Application/User/Core/app_entry.o
 .text.LL_EXTI_EnableIT_32_63
                0x08001140       0x28 ./Application/User/Core/app_entry.o
 .text.LL_RCC_HSE_SetCapacitorTuning
                0x08001168       0x3c ./Application/User/Core/app_entry.o
 .text.LL_RCC_SetClkAfterWakeFromStop
                0x080011a4       0x28 ./Application/User/Core/app_entry.o
 .text.LL_RCC_ForceBackupDomainReset
                0x080011cc       0x22 ./Application/User/Core/app_entry.o
 .text.LL_RCC_ReleaseBackupDomainReset
                0x080011ee       0x22 ./Application/User/Core/app_entry.o
 .text.LL_RCC_IsActiveFlag_PINRST
                0x08001210       0x26 ./Application/User/Core/app_entry.o
 .text.LL_RCC_IsActiveFlag_SFTRST
                0x08001236       0x26 ./Application/User/Core/app_entry.o
 .text.LL_AHB3_GRP1_EnableClock
                0x0800125c       0x32 ./Application/User/Core/app_entry.o
 *fill*         0x0800128e        0x2 
 .text.LL_DBGMCU_GetDeviceID
                0x08001290       0x1c ./Application/User/Core/app_entry.o
 .text.LL_DBGMCU_GetRevisionID
                0x080012ac       0x1c ./Application/User/Core/app_entry.o
 .text.LL_C1_IPCC_DisableTransmitChannel
                0x080012c8       0x24 ./Application/User/Core/app_entry.o
 .text.LL_C1_IPCC_DisableReceiveChannel
                0x080012ec       0x22 ./Application/User/Core/app_entry.o
 .text.LL_C2_IPCC_DisableTransmitChannel
                0x0800130e       0x24 ./Application/User/Core/app_entry.o
 .text.LL_C2_IPCC_DisableReceiveChannel
                0x08001332       0x22 ./Application/User/Core/app_entry.o
 .text.LL_C1_IPCC_ClearFlag_CHx
                0x08001354       0x1c ./Application/User/Core/app_entry.o
 .text.LL_C2_IPCC_ClearFlag_CHx
                0x08001370       0x1c ./Application/User/Core/app_entry.o
 .text.LL_LPM_EnableSleep
                0x0800138c       0x20 ./Application/User/Core/app_entry.o
 .text.LL_RTC_EnableWriteProtection
                0x080013ac       0x1a ./Application/User/Core/app_entry.o
 .text.LL_RTC_DisableWriteProtection
                0x080013c6       0x20 ./Application/User/Core/app_entry.o
 .text.LL_RTC_WAKEUP_SetClock
                0x080013e6       0x26 ./Application/User/Core/app_entry.o
 .text.MX_APPE_Config
                0x0800140c       0x1c ./Application/User/Core/app_entry.o
                0x0800140c                MX_APPE_Config
 .text.MX_APPE_Init
                0x08001428       0x38 ./Application/User/Core/app_entry.o
                0x08001428                MX_APPE_Init
 .text.Init_Smps
                0x08001460        0xe ./Application/User/Core/app_entry.o
                0x08001460                Init_Smps
 .text.Init_Exti
                0x0800146e        0xe ./Application/User/Core/app_entry.o
                0x0800146e                Init_Exti
 .text.Reset_Device
                0x0800147c       0x10 ./Application/User/Core/app_entry.o
 .text.Reset_BackupDomain
                0x0800148c       0x2e ./Application/User/Core/app_entry.o
 *fill*         0x080014ba        0x2 
 .text.Reset_IPCC
                0x080014bc       0x44 ./Application/User/Core/app_entry.o
 .text.Config_HSE
                0x08001500       0x28 ./Application/User/Core/app_entry.o
 .text.System_Init
                0x08001528       0x14 ./Application/User/Core/app_entry.o
 .text.Init_Rtc
                0x0800153c       0x20 ./Application/User/Core/app_entry.o
 .text.SystemPower_Config
                0x0800155c       0x1a ./Application/User/Core/app_entry.o
 *fill*         0x08001576        0x2 
 .text.appe_Tl_Init
                0x08001578       0x6c ./Application/User/Core/app_entry.o
 .text.APPE_SysStatusNot
                0x080015e4       0x16 ./Application/User/Core/app_entry.o
 *fill*         0x080015fa        0x2 
 .text.APPE_SysUserEvtRx
                0x080015fc      0x118 ./Application/User/Core/app_entry.o
 .text.APPE_SysEvtError
                0x08001714       0x4c ./Application/User/Core/app_entry.o
 .text.APPE_SysEvtReadyProcessing
                0x08001760       0xc0 ./Application/User/Core/app_entry.o
 .text.Led_Init
                0x08001820       0x20 ./Application/User/Core/app_entry.o
 .text.Button_Init
                0x08001840       0x20 ./Application/User/Core/app_entry.o
 .text.HAL_Delay
                0x08001860       0x4a ./Application/User/Core/app_entry.o
                0x08001860                HAL_Delay
 .text.MX_APPE_Process
                0x080018aa       0x10 ./Application/User/Core/app_entry.o
                0x080018aa                MX_APPE_Process
 .text.UTIL_SEQ_Idle
                0x080018ba        0xe ./Application/User/Core/app_entry.o
                0x080018ba                UTIL_SEQ_Idle
 .text.shci_notify_asynch_evt
                0x080018c8       0x1a ./Application/User/Core/app_entry.o
                0x080018c8                shci_notify_asynch_evt
 .text.shci_cmd_resp_release
                0x080018e2       0x16 ./Application/User/Core/app_entry.o
                0x080018e2                shci_cmd_resp_release
 .text.shci_cmd_resp_wait
                0x080018f8       0x16 ./Application/User/Core/app_entry.o
                0x080018f8                shci_cmd_resp_wait
 .text.HAL_GPIO_EXTI_Callback
                0x0800190e       0x3a ./Application/User/Core/app_entry.o
                0x0800190e                HAL_GPIO_EXTI_Callback
 .text.RxUART_Init
                0x08001948       0x1c ./Application/User/Core/app_entry.o
 .text.RxCpltCallback
                0x08001964       0x70 ./Application/User/Core/app_entry.o
 .text.UartCmdExecute
                0x080019d4       0xa4 ./Application/User/Core/app_entry.o
 .text.LL_EXTI_EnableIT_0_31
                0x08001a78       0x28 ./Application/User/Core/hw_timerserver.o
 .text.LL_EXTI_EnableRisingTrig_0_31
                0x08001aa0       0x24 ./Application/User/Core/hw_timerserver.o
 .text.ReadRtcSsrValue
                0x08001ac4       0x40 ./Application/User/Core/hw_timerserver.o
 .text.LinkTimerAfter
                0x08001b04       0x8c ./Application/User/Core/hw_timerserver.o
 .text.LinkTimerBefore
                0x08001b90       0xc0 ./Application/User/Core/hw_timerserver.o
 .text.linkTimer
                0x08001c50      0x154 ./Application/User/Core/hw_timerserver.o
 .text.UnlinkTimer
                0x08001da4      0x108 ./Application/User/Core/hw_timerserver.o
 .text.ReturnTimeElapsed
                0x08001eac       0x80 ./Application/User/Core/hw_timerserver.o
 .text.RestartWakeupCounter
                0x08001f2c       0xb0 ./Application/User/Core/hw_timerserver.o
 .text.RescheduleTimerList
                0x08001fdc      0x134 ./Application/User/Core/hw_timerserver.o
 .text.HW_TS_RTC_Wakeup_Handler
                0x08002110      0x190 ./Application/User/Core/hw_timerserver.o
                0x08002110                HW_TS_RTC_Wakeup_Handler
 .text.HW_TS_Init
                0x080022a0      0x1b4 ./Application/User/Core/hw_timerserver.o
                0x080022a0                HW_TS_Init
 .text.HW_TS_Stop
                0x08002454      0x108 ./Application/User/Core/hw_timerserver.o
                0x08002454                HW_TS_Stop
 .text.HW_TS_Start
                0x0800255c      0x10c ./Application/User/Core/hw_timerserver.o
                0x0800255c                HW_TS_Start
 .text.HW_TS_RTC_Int_AppNot
                0x08002668       0x1a ./Application/User/Core/hw_timerserver.o
                0x08002668                HW_TS_RTC_Int_AppNot
 *fill*         0x08002682        0x2 
 .text.HW_UART_Receive_IT
                0x08002684       0x48 ./Application/User/Core/hw_uart.o
                0x08002684                HW_UART_Receive_IT
 .text.HW_UART_Transmit_DMA
                0x080026cc       0x8c ./Application/User/Core/hw_uart.o
                0x080026cc                HW_UART_Transmit_DMA
 .text.HAL_UART_RxCpltCallback
                0x08002758       0x3c ./Application/User/Core/hw_uart.o
                0x08002758                HAL_UART_RxCpltCallback
 .text.HAL_UART_TxCpltCallback
                0x08002794       0x3c ./Application/User/Core/hw_uart.o
                0x08002794                HAL_UART_TxCpltCallback
 .text.LL_RCC_LSE_SetDriveCapability
                0x080027d0       0x2c ./Application/User/Core/main.o
 .text.LL_AHB1_GRP1_EnableClock
                0x080027fc       0x32 ./Application/User/Core/main.o
 .text.LL_AHB2_GRP1_EnableClock
                0x0800282e       0x32 ./Application/User/Core/main.o
 .text.main     0x08002860       0x32 ./Application/User/Core/main.o
                0x08002860                main
 *fill*         0x08002892        0x2 
 .text.SystemClock_Config
                0x08002894       0xb8 ./Application/User/Core/main.o
                0x08002894                SystemClock_Config
 .text.PeriphCommonClock_Config
                0x0800294c       0x40 ./Application/User/Core/main.o
                0x0800294c                PeriphCommonClock_Config
 .text.MX_IPCC_Init
                0x0800298c       0x28 ./Application/User/Core/main.o
 .text.MX_USART1_UART_Init
                0x080029b4       0x9c ./Application/User/Core/main.o
                0x080029b4                MX_USART1_UART_Init
 .text.MX_RF_Init
                0x08002a50        0xe ./Application/User/Core/main.o
 *fill*         0x08002a5e        0x2 
 .text.MX_RTC_Init
                0x08002a60       0x68 ./Application/User/Core/main.o
 .text.MX_DMA_Init
                0x08002ac8       0x3a ./Application/User/Core/main.o
 .text.MX_GPIO_Init
                0x08002b02       0x1a ./Application/User/Core/main.o
 .text.Error_Handler
                0x08002b1c        0xe ./Application/User/Core/main.o
                0x08002b1c                Error_Handler
 .text.LL_RCC_EnableRTC
                0x08002b2a       0x22 ./Application/User/Core/stm32wbxx_hal_msp.o
 .text.LL_AHB2_GRP1_EnableClock
                0x08002b4c       0x32 ./Application/User/Core/stm32wbxx_hal_msp.o
 .text.LL_AHB3_GRP1_EnableClock
                0x08002b7e       0x32 ./Application/User/Core/stm32wbxx_hal_msp.o
 .text.LL_APB1_GRP1_EnableClock
                0x08002bb0       0x32 ./Application/User/Core/stm32wbxx_hal_msp.o
 .text.LL_APB1_GRP2_EnableClock
                0x08002be2       0x32 ./Application/User/Core/stm32wbxx_hal_msp.o
 .text.LL_APB2_GRP1_EnableClock
                0x08002c14       0x32 ./Application/User/Core/stm32wbxx_hal_msp.o
 .text.HAL_MspInit
                0x08002c46       0x20 ./Application/User/Core/stm32wbxx_hal_msp.o
                0x08002c46                HAL_MspInit
 *fill*         0x08002c66        0x2 
 .text.HAL_IPCC_MspInit
                0x08002c68       0x48 ./Application/User/Core/stm32wbxx_hal_msp.o
                0x08002c68                HAL_IPCC_MspInit
 .text.HAL_UART_MspInit
                0x08002cb0      0x1e8 ./Application/User/Core/stm32wbxx_hal_msp.o
                0x08002cb0                HAL_UART_MspInit
 .text.HAL_RTC_MspInit
                0x08002e98       0x70 ./Application/User/Core/stm32wbxx_hal_msp.o
                0x08002e98                HAL_RTC_MspInit
 .text.NMI_Handler
                0x08002f08        0xe ./Application/User/Core/stm32wbxx_it.o
                0x08002f08                NMI_Handler
 .text.HardFault_Handler
                0x08002f16        0x8 ./Application/User/Core/stm32wbxx_it.o
                0x08002f16                HardFault_Handler
 .text.MemManage_Handler
                0x08002f1e        0x8 ./Application/User/Core/stm32wbxx_it.o
                0x08002f1e                MemManage_Handler
 .text.BusFault_Handler
                0x08002f26        0x8 ./Application/User/Core/stm32wbxx_it.o
                0x08002f26                BusFault_Handler
 .text.UsageFault_Handler
                0x08002f2e        0x8 ./Application/User/Core/stm32wbxx_it.o
                0x08002f2e                UsageFault_Handler
 .text.SVC_Handler
                0x08002f36        0xe ./Application/User/Core/stm32wbxx_it.o
                0x08002f36                SVC_Handler
 .text.DebugMon_Handler
                0x08002f44        0xe ./Application/User/Core/stm32wbxx_it.o
                0x08002f44                DebugMon_Handler
 .text.PendSV_Handler
                0x08002f52        0xe ./Application/User/Core/stm32wbxx_it.o
                0x08002f52                PendSV_Handler
 .text.SysTick_Handler
                0x08002f60        0xc ./Application/User/Core/stm32wbxx_it.o
                0x08002f60                SysTick_Handler
 .text.RTC_WKUP_IRQHandler
                0x08002f6c        0xc ./Application/User/Core/stm32wbxx_it.o
                0x08002f6c                RTC_WKUP_IRQHandler
 .text.DMA1_Channel4_IRQHandler
                0x08002f78       0x14 ./Application/User/Core/stm32wbxx_it.o
                0x08002f78                DMA1_Channel4_IRQHandler
 .text.USART1_IRQHandler
                0x08002f8c       0x14 ./Application/User/Core/stm32wbxx_it.o
                0x08002f8c                USART1_IRQHandler
 .text.LPUART1_IRQHandler
                0x08002fa0       0x14 ./Application/User/Core/stm32wbxx_it.o
                0x08002fa0                LPUART1_IRQHandler
 .text.IPCC_C1_RX_IRQHandler
                0x08002fb4        0xc ./Application/User/Core/stm32wbxx_it.o
                0x08002fb4                IPCC_C1_RX_IRQHandler
 .text.IPCC_C1_TX_IRQHandler
                0x08002fc0        0xc ./Application/User/Core/stm32wbxx_it.o
                0x08002fc0                IPCC_C1_TX_IRQHandler
 .text.HSEM_IRQHandler
                0x08002fcc        0xc ./Application/User/Core/stm32wbxx_it.o
                0x08002fcc                HSEM_IRQHandler
 .text.DMA2_Channel4_IRQHandler
                0x08002fd8       0x14 ./Application/User/Core/stm32wbxx_it.o
                0x08002fd8                DMA2_Channel4_IRQHandler
 .text.EXTI4_IRQHandler
                0x08002fec        0xe ./Application/User/Core/stm32wbxx_it.o
                0x08002fec                EXTI4_IRQHandler
 .text.EXTI0_IRQHandler
                0x08002ffa        0xe ./Application/User/Core/stm32wbxx_it.o
                0x08002ffa                EXTI0_IRQHandler
 .text.EXTI1_IRQHandler
                0x08003008        0xe ./Application/User/Core/stm32wbxx_it.o
                0x08003008                EXTI1_IRQHandler
 .text._getpid  0x08003016       0x10 ./Application/User/Core/syscalls.o
                0x08003016                _getpid
 .text._kill    0x08003026       0x20 ./Application/User/Core/syscalls.o
                0x08003026                _kill
 .text._exit    0x08003046       0x16 ./Application/User/Core/syscalls.o
                0x08003046                _exit
 .text._read    0x0800305c       0x3a ./Application/User/Core/syscalls.o
                0x0800305c                _read
 .text._close   0x08003096       0x18 ./Application/User/Core/syscalls.o
                0x08003096                _close
 .text._fstat   0x080030ae       0x20 ./Application/User/Core/syscalls.o
                0x080030ae                _fstat
 .text._isatty  0x080030ce       0x16 ./Application/User/Core/syscalls.o
                0x080030ce                _isatty
 .text._lseek   0x080030e4       0x1a ./Application/User/Core/syscalls.o
                0x080030e4                _lseek
 *fill*         0x080030fe        0x2 
 .text._sbrk    0x08003100       0x6c ./Application/User/Core/sysmem.o
                0x08003100                _sbrk
 .text.LL_FLASH_GetUDN
                0x0800316c       0x18 ./Application/User/STM32_WPAN/App/app_ble.o
 .text.LL_FLASH_GetDeviceID
                0x08003184       0x18 ./Application/User/STM32_WPAN/App/app_ble.o
 .text.LL_FLASH_GetSTCompanyID
                0x0800319c       0x18 ./Application/User/STM32_WPAN/App/app_ble.o
 .text.APP_BLE_Init
                0x080031b4      0x120 ./Application/User/STM32_WPAN/App/app_ble.o
                0x080031b4                APP_BLE_Init
 .text.SVCCTL_App_Notification
                0x080032d4      0x2f0 ./Application/User/STM32_WPAN/App/app_ble.o
                0x080032d4                SVCCTL_App_Notification
 .text.APP_BLE_Get_Client_Connection_Status
                0x080035c4       0x30 ./Application/User/STM32_WPAN/App/app_ble.o
                0x080035c4                APP_BLE_Get_Client_Connection_Status
 .text.APP_BLE_Key_Button1_Action
                0x080035f4        0xc ./Application/User/STM32_WPAN/App/app_ble.o
                0x080035f4                APP_BLE_Key_Button1_Action
 .text.APP_BLE_Key_Button2_Action
                0x08003600        0xe ./Application/User/STM32_WPAN/App/app_ble.o
                0x08003600                APP_BLE_Key_Button2_Action
 .text.APP_BLE_Key_Button3_Action
                0x0800360e        0xe ./Application/User/STM32_WPAN/App/app_ble.o
                0x0800360e                APP_BLE_Key_Button3_Action
 .text.Ble_Tl_Init
                0x0800361c       0x2c ./Application/User/STM32_WPAN/App/app_ble.o
 .text.Ble_Hci_Gap_Gatt_Init
                0x08003648      0x2f8 ./Application/User/STM32_WPAN/App/app_ble.o
 .text.Scan_Request
                0x08003940       0x70 ./Application/User/STM32_WPAN/App/app_ble.o
 .text.BleGetBdAddress
                0x080039b0       0x88 ./Application/User/STM32_WPAN/App/app_ble.o
 .text.Update_Anchor_Advertising
                0x08003a38       0x80 ./Application/User/STM32_WPAN/App/app_ble.o
                0x08003a38                Update_Anchor_Advertising
 .text.hci_notify_asynch_evt
                0x08003ab8       0x18 ./Application/User/STM32_WPAN/App/app_ble.o
                0x08003ab8                hci_notify_asynch_evt
 .text.hci_cmd_resp_release
                0x08003ad0       0x16 ./Application/User/STM32_WPAN/App/app_ble.o
                0x08003ad0                hci_cmd_resp_release
 .text.hci_cmd_resp_wait
                0x08003ae6       0x16 ./Application/User/STM32_WPAN/App/app_ble.o
                0x08003ae6                hci_cmd_resp_wait
 .text.BLE_UserEvtRx
                0x08003afc       0x38 ./Application/User/STM32_WPAN/App/app_ble.o
 .text.BLE_StatusNot
                0x08003b34       0x36 ./Application/User/STM32_WPAN/App/app_ble.o
 *fill*         0x08003b6a        0x2 
 .text.P2PC_APP_Init
                0x08003b6c       0x8c ./Application/User/STM32_WPAN/App/p2p_client_app.o
                0x08003b6c                P2PC_APP_Init
 .text.P2PC_APP_Notification
                0x08003bf8       0x64 ./Application/User/STM32_WPAN/App/p2p_client_app.o
                0x08003bf8                P2PC_APP_Notification
 .text.P2PC_APP_SW1_Button_Action
                0x08003c5c       0x10 ./Application/User/STM32_WPAN/App/p2p_client_app.o
                0x08003c5c                P2PC_APP_SW1_Button_Action
 .text.Event_Handler
                0x08003c6c      0x584 ./Application/User/STM32_WPAN/App/p2p_client_app.o
 .text.Gatt_Notification
                0x080041f0       0x6c ./Application/User/STM32_WPAN/App/p2p_client_app.o
 .text.Write_Char
                0x0800425c       0x74 ./Application/User/STM32_WPAN/App/p2p_client_app.o
 .text.Button_Trigger_Received
                0x080042d0       0x3c ./Application/User/STM32_WPAN/App/p2p_client_app.o
 .text.Update_Service
                0x0800430c      0x160 ./Application/User/STM32_WPAN/App/p2p_client_app.o
 .text.LL_PWR_EnableBootC2
                0x0800446c       0x20 ./Application/User/STM32_WPAN/Target/hw_ipcc.o
 .text.LL_C2_EXTI_EnableEvent_32_63
                0x0800448c       0x28 ./Application/User/STM32_WPAN/Target/hw_ipcc.o
 .text.LL_EXTI_EnableRisingTrig_32_63
                0x080044b4       0x24 ./Application/User/STM32_WPAN/Target/hw_ipcc.o
 .text.LL_AHB3_GRP1_EnableClock
                0x080044d8       0x32 ./Application/User/STM32_WPAN/Target/hw_ipcc.o
 .text.LL_C2_AHB3_GRP1_EnableClock
                0x0800450a       0x38 ./Application/User/STM32_WPAN/Target/hw_ipcc.o
 .text.LL_C1_IPCC_EnableIT_TXF
                0x08004542       0x20 ./Application/User/STM32_WPAN/Target/hw_ipcc.o
 .text.LL_C1_IPCC_EnableIT_RXO
                0x08004562       0x20 ./Application/User/STM32_WPAN/Target/hw_ipcc.o
 .text.LL_C1_IPCC_EnableTransmitChannel
                0x08004582       0x26 ./Application/User/STM32_WPAN/Target/hw_ipcc.o
 .text.LL_C1_IPCC_DisableTransmitChannel
                0x080045a8       0x24 ./Application/User/STM32_WPAN/Target/hw_ipcc.o
 .text.LL_C1_IPCC_EnableReceiveChannel
                0x080045cc       0x24 ./Application/User/STM32_WPAN/Target/hw_ipcc.o
 .text.LL_C1_IPCC_ClearFlag_CHx
                0x080045f0       0x1c ./Application/User/STM32_WPAN/Target/hw_ipcc.o
 .text.LL_C1_IPCC_SetFlag_CHx
                0x0800460c       0x1e ./Application/User/STM32_WPAN/Target/hw_ipcc.o
 .text.LL_C1_IPCC_IsActiveFlag_CHx
                0x0800462a       0x2a ./Application/User/STM32_WPAN/Target/hw_ipcc.o
 .text.LL_C2_IPCC_IsActiveFlag_CHx
                0x08004654       0x2a ./Application/User/STM32_WPAN/Target/hw_ipcc.o
 *fill*         0x0800467e        0x2 
 .text.HW_IPCC_Rx_Handler
                0x08004680       0x6c ./Application/User/STM32_WPAN/Target/hw_ipcc.o
                0x08004680                HW_IPCC_Rx_Handler
 .text.HW_IPCC_Tx_Handler
                0x080046ec       0x6c ./Application/User/STM32_WPAN/Target/hw_ipcc.o
                0x080046ec                HW_IPCC_Tx_Handler
 .text.HW_IPCC_Enable
                0x08004758       0x28 ./Application/User/STM32_WPAN/Target/hw_ipcc.o
                0x08004758                HW_IPCC_Enable
 .text.HW_IPCC_Init
                0x08004780       0x2c ./Application/User/STM32_WPAN/Target/hw_ipcc.o
                0x08004780                HW_IPCC_Init
 .text.HW_IPCC_BLE_Init
                0x080047ac       0x34 ./Application/User/STM32_WPAN/Target/hw_ipcc.o
                0x080047ac                HW_IPCC_BLE_Init
 .text.HW_IPCC_BLE_SendCmd
                0x080047e0       0x14 ./Application/User/STM32_WPAN/Target/hw_ipcc.o
                0x080047e0                HW_IPCC_BLE_SendCmd
 .text.HW_IPCC_BLE_EvtHandler
                0x080047f4       0x18 ./Application/User/STM32_WPAN/Target/hw_ipcc.o
 .text.HW_IPCC_BLE_AclDataEvtHandler
                0x0800480c       0x38 ./Application/User/STM32_WPAN/Target/hw_ipcc.o
 .text.HW_IPCC_SYS_Init
                0x08004844       0x34 ./Application/User/STM32_WPAN/Target/hw_ipcc.o
                0x08004844                HW_IPCC_SYS_Init
 .text.HW_IPCC_SYS_SendCmd
                0x08004878       0x3c ./Application/User/STM32_WPAN/Target/hw_ipcc.o
                0x08004878                HW_IPCC_SYS_SendCmd
 .text.HW_IPCC_SYS_CmdEvtHandler
                0x080048b4       0x38 ./Application/User/STM32_WPAN/Target/hw_ipcc.o
 .text.HW_IPCC_SYS_EvtHandler
                0x080048ec       0x18 ./Application/User/STM32_WPAN/Target/hw_ipcc.o
 .text.HW_IPCC_MM_SendFreeBuf
                0x08004904       0x5c ./Application/User/STM32_WPAN/Target/hw_ipcc.o
                0x08004904                HW_IPCC_MM_SendFreeBuf
 .text.HW_IPCC_MM_FreeBufHandler
                0x08004960       0x48 ./Application/User/STM32_WPAN/Target/hw_ipcc.o
 .text.HW_IPCC_TRACES_Init
                0x080049a8       0x34 ./Application/User/STM32_WPAN/Target/hw_ipcc.o
                0x080049a8                HW_IPCC_TRACES_Init
 .text.HW_IPCC_TRACES_EvtHandler
                0x080049dc       0x18 ./Application/User/STM32_WPAN/Target/hw_ipcc.o
 .text.data_initializers
                0x080049f4       0x18 ./Application/User/Startup/startup_stm32wb55rgvx.o
 .text.Reset_Handler
                0x08004a0c       0x54 ./Application/User/Startup/startup_stm32wb55rgvx.o
                0x08004a0c                Reset_Handler
 .text.Default_Handler
                0x08004a60        0x2 ./Application/User/Startup/startup_stm32wb55rgvx.o
                0x08004a60                DMA2_Channel3_IRQHandler
                0x08004a60                EXTI2_IRQHandler
                0x08004a60                TIM1_CC_IRQHandler
                0x08004a60                TSC_IRQHandler
                0x08004a60                USB_HP_IRQHandler
                0x08004a60                EXTI3_IRQHandler
                0x08004a60                LPTIM2_IRQHandler
                0x08004a60                I2C3_ER_IRQHandler
                0x08004a60                FPU_IRQHandler
                0x08004a60                TIM1_UP_TIM16_IRQHandler
                0x08004a60                AES1_IRQHandler
                0x08004a60                SPI1_IRQHandler
                0x08004a60                PWR_SOTF_BLEACT_802ACT_RFPHASE_IRQHandler
                0x08004a60                DMA2_Channel2_IRQHandler
                0x08004a60                ADC1_IRQHandler
                0x08004a60                PKA_IRQHandler
                0x08004a60                DMA1_Channel7_IRQHandler
                0x08004a60                LCD_IRQHandler
                0x08004a60                DMA2_Channel1_IRQHandler
                0x08004a60                QUADSPI_IRQHandler
                0x08004a60                I2C1_EV_IRQHandler
                0x08004a60                DMAMUX1_OVR_IRQHandler
                0x08004a60                DMA1_Channel6_IRQHandler
                0x08004a60                RCC_IRQHandler
                0x08004a60                DMA1_Channel1_IRQHandler
                0x08004a60                Default_Handler
                0x08004a60                DMA2_Channel7_IRQHandler
                0x08004a60                EXTI15_10_IRQHandler
                0x08004a60                C2SEV_PWR_C2H_IRQHandler
                0x08004a60                AES2_IRQHandler
                0x08004a60                I2C3_EV_IRQHandler
                0x08004a60                EXTI9_5_IRQHandler
                0x08004a60                PVD_PVM_IRQHandler
                0x08004a60                SPI2_IRQHandler
                0x08004a60                DMA2_Channel5_IRQHandler
                0x08004a60                CRS_IRQHandler
                0x08004a60                DMA1_Channel5_IRQHandler
                0x08004a60                USB_LP_IRQHandler
                0x08004a60                RNG_IRQHandler
                0x08004a60                TIM1_TRG_COM_TIM17_IRQHandler
                0x08004a60                TAMP_STAMP_LSECSS_IRQHandler
                0x08004a60                DMA1_Channel3_IRQHandler
                0x08004a60                COMP_IRQHandler
                0x08004a60                WWDG_IRQHandler
                0x08004a60                DMA2_Channel6_IRQHandler
                0x08004a60                TIM2_IRQHandler
                0x08004a60                TIM1_BRK_IRQHandler
                0x08004a60                DMA1_Channel2_IRQHandler
                0x08004a60                FLASH_IRQHandler
                0x08004a60                I2C1_ER_IRQHandler
                0x08004a60                LPTIM1_IRQHandler
                0x08004a60                SAI1_IRQHandler
                0x08004a60                RTC_Alarm_IRQHandler
 .text.LL_AHB2_GRP1_EnableClock
                0x08004a62       0x32 ./Drivers/BSP/P-NUCLEO-WB55.Nucleo/stm32wbxx_nucleo.o
 .text.BSP_LED_Init
                0x08004a94       0x74 ./Drivers/BSP/P-NUCLEO-WB55.Nucleo/stm32wbxx_nucleo.o
                0x08004a94                BSP_LED_Init
 .text.BSP_LED_On
                0x08004b08       0x34 ./Drivers/BSP/P-NUCLEO-WB55.Nucleo/stm32wbxx_nucleo.o
                0x08004b08                BSP_LED_On
 .text.BSP_LED_Off
                0x08004b3c       0x34 ./Drivers/BSP/P-NUCLEO-WB55.Nucleo/stm32wbxx_nucleo.o
                0x08004b3c                BSP_LED_Off
 .text.BSP_PB_Init
                0x08004b70       0xe0 ./Drivers/BSP/P-NUCLEO-WB55.Nucleo/stm32wbxx_nucleo.o
                0x08004b70                BSP_PB_Init
 .text.SystemInit
                0x08004c50       0xac ./Drivers/CMSIS/system_stm32wbxx.o
                0x08004c50                SystemInit
 .text.LL_DBGMCU_EnableDBGSleepMode
                0x08004cfc       0x20 ./Drivers/STM32WBxx_HAL_Driver/stm32wbxx_hal.o
 .text.LL_DBGMCU_EnableDBGStopMode
                0x08004d1c       0x20 ./Drivers/STM32WBxx_HAL_Driver/stm32wbxx_hal.o
 .text.HAL_Init
                0x08004d3c       0x40 ./Drivers/STM32WBxx_HAL_Driver/stm32wbxx_hal.o
                0x08004d3c                HAL_Init
 .text.HAL_InitTick
                0x08004d7c       0x74 ./Drivers/STM32WBxx_HAL_Driver/stm32wbxx_hal.o
                0x08004d7c                HAL_InitTick
 .text.HAL_IncTick
                0x08004df0       0x28 ./Drivers/STM32WBxx_HAL_Driver/stm32wbxx_hal.o
                0x08004df0                HAL_IncTick
 .text.HAL_GetTick
                0x08004e18       0x18 ./Drivers/STM32WBxx_HAL_Driver/stm32wbxx_hal.o
                0x08004e18                HAL_GetTick
 .text.HAL_GetTickPrio
                0x08004e30       0x18 ./Drivers/STM32WBxx_HAL_Driver/stm32wbxx_hal.o
                0x08004e30                HAL_GetTickPrio
 .text.HAL_GetTickFreq
                0x08004e48       0x18 ./Drivers/STM32WBxx_HAL_Driver/stm32wbxx_hal.o
                0x08004e48                HAL_GetTickFreq
 .text.HAL_DBGMCU_EnableDBGSleepMode
                0x08004e60        0xc ./Drivers/STM32WBxx_HAL_Driver/stm32wbxx_hal.o
                0x08004e60                HAL_DBGMCU_EnableDBGSleepMode
 .text.HAL_DBGMCU_EnableDBGStopMode
                0x08004e6c        0xc ./Drivers/STM32WBxx_HAL_Driver/stm32wbxx_hal.o
                0x08004e6c                HAL_DBGMCU_EnableDBGStopMode
 .text.__NVIC_SetPriorityGrouping
                0x08004e78       0x48 ./Drivers/STM32WBxx_HAL_Driver/stm32wbxx_hal_cortex.o
 .text.__NVIC_GetPriorityGrouping
                0x08004ec0       0x1c ./Drivers/STM32WBxx_HAL_Driver/stm32wbxx_hal_cortex.o
 .text.__NVIC_EnableIRQ
                0x08004edc       0x3c ./Drivers/STM32WBxx_HAL_Driver/stm32wbxx_hal_cortex.o
 .text.__NVIC_DisableIRQ
                0x08004f18       0x48 ./Drivers/STM32WBxx_HAL_Driver/stm32wbxx_hal_cortex.o
 .text.__NVIC_SetPendingIRQ
                0x08004f60       0x3c ./Drivers/STM32WBxx_HAL_Driver/stm32wbxx_hal_cortex.o
 .text.__NVIC_ClearPendingIRQ
                0x08004f9c       0x3c ./Drivers/STM32WBxx_HAL_Driver/stm32wbxx_hal_cortex.o
 .text.__NVIC_SetPriority
                0x08004fd8       0x54 ./Drivers/STM32WBxx_HAL_Driver/stm32wbxx_hal_cortex.o
 .text.NVIC_EncodePriority
                0x0800502c       0x66 ./Drivers/STM32WBxx_HAL_Driver/stm32wbxx_hal_cortex.o
 *fill*         0x08005092        0x2 
 .text.SysTick_Config
                0x08005094       0x44 ./Drivers/STM32WBxx_HAL_Driver/stm32wbxx_hal_cortex.o
 .text.HAL_NVIC_SetPriorityGrouping
                0x080050d8       0x16 ./Drivers/STM32WBxx_HAL_Driver/stm32wbxx_hal_cortex.o
                0x080050d8                HAL_NVIC_SetPriorityGrouping
 .text.HAL_NVIC_SetPriority
                0x080050ee       0x34 ./Drivers/STM32WBxx_HAL_Driver/stm32wbxx_hal_cortex.o
                0x080050ee                HAL_NVIC_SetPriority
 .text.HAL_NVIC_EnableIRQ
                0x08005122       0x1c ./Drivers/STM32WBxx_HAL_Driver/stm32wbxx_hal_cortex.o
                0x08005122                HAL_NVIC_EnableIRQ
 .text.HAL_NVIC_DisableIRQ
                0x0800513e       0x1c ./Drivers/STM32WBxx_HAL_Driver/stm32wbxx_hal_cortex.o
                0x0800513e                HAL_NVIC_DisableIRQ
 .text.HAL_SYSTICK_Config
                0x0800515a       0x18 ./Drivers/STM32WBxx_HAL_Driver/stm32wbxx_hal_cortex.o
                0x0800515a                HAL_SYSTICK_Config
 .text.HAL_NVIC_SetPendingIRQ
                0x08005172       0x1c ./Drivers/STM32WBxx_HAL_Driver/stm32wbxx_hal_cortex.o
                0x08005172                HAL_NVIC_SetPendingIRQ
 .text.HAL_NVIC_ClearPendingIRQ
                0x0800518e       0x1c ./Drivers/STM32WBxx_HAL_Driver/stm32wbxx_hal_cortex.o
                0x0800518e                HAL_NVIC_ClearPendingIRQ
 *fill*         0x080051aa        0x2 
 .text.HAL_DMA_Init
                0x080051ac      0x150 ./Drivers/STM32WBxx_HAL_Driver/stm32wbxx_hal_dma.o
                0x080051ac                HAL_DMA_Init
 .text.HAL_DMA_Start_IT
                0x080052fc       0xf6 ./Drivers/STM32WBxx_HAL_Driver/stm32wbxx_hal_dma.o
                0x080052fc                HAL_DMA_Start_IT
 .text.HAL_DMA_Abort
                0x080053f2       0xbe ./Drivers/STM32WBxx_HAL_Driver/stm32wbxx_hal_dma.o
                0x080053f2                HAL_DMA_Abort
 .text.HAL_DMA_Abort_IT
                0x080054b0       0xbe ./Drivers/STM32WBxx_HAL_Driver/stm32wbxx_hal_dma.o
                0x080054b0                HAL_DMA_Abort_IT
 .text.HAL_DMA_IRQHandler
                0x0800556e      0x15e ./Drivers/STM32WBxx_HAL_Driver/stm32wbxx_hal_dma.o
                0x0800556e                HAL_DMA_IRQHandler
 .text.DMA_SetConfig
                0x080056cc       0x7c ./Drivers/STM32WBxx_HAL_Driver/stm32wbxx_hal_dma.o
 .text.DMA_CalcDMAMUXChannelBaseAndMask
                0x08005748       0x7c ./Drivers/STM32WBxx_HAL_Driver/stm32wbxx_hal_dma.o
 .text.DMA_CalcDMAMUXRequestGenBaseAndMask
                0x080057c4       0x4c ./Drivers/STM32WBxx_HAL_Driver/stm32wbxx_hal_dma.o
 .text.HAL_DMAEx_ConfigMuxSync
                0x08005810       0x80 ./Drivers/STM32WBxx_HAL_Driver/stm32wbxx_hal_dma_ex.o
                0x08005810                HAL_DMAEx_ConfigMuxSync
 .text.HAL_EXTI_GenerateSWI
                0x08005890       0x44 ./Drivers/STM32WBxx_HAL_Driver/stm32wbxx_hal_exti.o
                0x08005890                HAL_EXTI_GenerateSWI
 .text.HAL_GPIO_Init
                0x080058d4      0x2e0 ./Drivers/STM32WBxx_HAL_Driver/stm32wbxx_hal_gpio.o
                0x080058d4                HAL_GPIO_Init
 .text.HAL_GPIO_WritePin
                0x08005bb4       0x30 ./Drivers/STM32WBxx_HAL_Driver/stm32wbxx_hal_gpio.o
                0x08005bb4                HAL_GPIO_WritePin
 .text.HAL_GPIO_EXTI_IRQHandler
                0x08005be4       0x30 ./Drivers/STM32WBxx_HAL_Driver/stm32wbxx_hal_gpio.o
                0x08005be4                HAL_GPIO_EXTI_IRQHandler
 .text.HAL_HSEM_IRQHandler
                0x08005c14       0x34 ./Drivers/STM32WBxx_HAL_Driver/stm32wbxx_hal_hsem.o
                0x08005c14                HAL_HSEM_IRQHandler
 .text.HAL_HSEM_FreeCallback
                0x08005c48       0x14 ./Drivers/STM32WBxx_HAL_Driver/stm32wbxx_hal_hsem.o
                0x08005c48                HAL_HSEM_FreeCallback
 .text.HAL_IPCC_Init
                0x08005c5c       0x64 ./Drivers/STM32WBxx_HAL_Driver/stm32wbxx_hal_ipcc.o
                0x08005c5c                HAL_IPCC_Init
 .text.HAL_IPCC_RxCallback
                0x08005cc0       0x1a ./Drivers/STM32WBxx_HAL_Driver/stm32wbxx_hal_ipcc.o
                0x08005cc0                HAL_IPCC_RxCallback
 .text.HAL_IPCC_TxCallback
                0x08005cda       0x1a ./Drivers/STM32WBxx_HAL_Driver/stm32wbxx_hal_ipcc.o
                0x08005cda                HAL_IPCC_TxCallback
 .text.IPCC_SetDefaultCallbacks
                0x08005cf4       0x4c ./Drivers/STM32WBxx_HAL_Driver/stm32wbxx_hal_ipcc.o
                0x08005cf4                IPCC_SetDefaultCallbacks
 .text.IPCC_Reset_Register
                0x08005d40       0x28 ./Drivers/STM32WBxx_HAL_Driver/stm32wbxx_hal_ipcc.o
                0x08005d40                IPCC_Reset_Register
 .text.HAL_PWR_EnableBkUpAccess
                0x08005d68       0x20 ./Drivers/STM32WBxx_HAL_Driver/stm32wbxx_hal_pwr.o
                0x08005d68                HAL_PWR_EnableBkUpAccess
 .text.HAL_PWREx_GetVoltageRange
                0x08005d88       0x1c ./Drivers/STM32WBxx_HAL_Driver/stm32wbxx_hal_pwr_ex.o
                0x08005d88                HAL_PWREx_GetVoltageRange
 .text.LL_RCC_HSE_IsEnabledDiv2
                0x08005da4       0x24 ./Drivers/STM32WBxx_HAL_Driver/stm32wbxx_hal_rcc.o
 .text.LL_RCC_HSE_Enable
                0x08005dc8       0x1e ./Drivers/STM32WBxx_HAL_Driver/stm32wbxx_hal_rcc.o
 .text.LL_RCC_HSE_Disable
                0x08005de6       0x1e ./Drivers/STM32WBxx_HAL_Driver/stm32wbxx_hal_rcc.o
 .text.LL_RCC_HSE_IsReady
                0x08005e04       0x24 ./Drivers/STM32WBxx_HAL_Driver/stm32wbxx_hal_rcc.o
 .text.LL_RCC_HSI_Enable
                0x08005e28       0x1e ./Drivers/STM32WBxx_HAL_Driver/stm32wbxx_hal_rcc.o
 .text.LL_RCC_HSI_Disable
                0x08005e46       0x1e ./Drivers/STM32WBxx_HAL_Driver/stm32wbxx_hal_rcc.o
 .text.LL_RCC_HSI_IsReady
                0x08005e64       0x24 ./Drivers/STM32WBxx_HAL_Driver/stm32wbxx_hal_rcc.o
 .text.LL_RCC_HSI_SetCalibTrimming
                0x08005e88       0x2a ./Drivers/STM32WBxx_HAL_Driver/stm32wbxx_hal_rcc.o
 .text.LL_RCC_HSI48_Enable
                0x08005eb2       0x22 ./Drivers/STM32WBxx_HAL_Driver/stm32wbxx_hal_rcc.o
 .text.LL_RCC_HSI48_Disable
                0x08005ed4       0x22 ./Drivers/STM32WBxx_HAL_Driver/stm32wbxx_hal_rcc.o
 .text.LL_RCC_HSI48_IsReady
                0x08005ef6       0x24 ./Drivers/STM32WBxx_HAL_Driver/stm32wbxx_hal_rcc.o
 .text.LL_RCC_LSE_Enable
                0x08005f1a       0x22 ./Drivers/STM32WBxx_HAL_Driver/stm32wbxx_hal_rcc.o
 .text.LL_RCC_LSE_Disable
                0x08005f3c       0x22 ./Drivers/STM32WBxx_HAL_Driver/stm32wbxx_hal_rcc.o
 .text.LL_RCC_LSE_EnableBypass
                0x08005f5e       0x22 ./Drivers/STM32WBxx_HAL_Driver/stm32wbxx_hal_rcc.o
 .text.LL_RCC_LSE_DisableBypass
                0x08005f80       0x22 ./Drivers/STM32WBxx_HAL_Driver/stm32wbxx_hal_rcc.o
 .text.LL_RCC_LSE_IsReady
                0x08005fa2       0x24 ./Drivers/STM32WBxx_HAL_Driver/stm32wbxx_hal_rcc.o
 .text.LL_RCC_LSI1_Enable
                0x08005fc6       0x22 ./Drivers/STM32WBxx_HAL_Driver/stm32wbxx_hal_rcc.o
 .text.LL_RCC_LSI1_Disable
                0x08005fe8       0x22 ./Drivers/STM32WBxx_HAL_Driver/stm32wbxx_hal_rcc.o
 .text.LL_RCC_LSI1_IsReady
                0x0800600a       0x24 ./Drivers/STM32WBxx_HAL_Driver/stm32wbxx_hal_rcc.o
 .text.LL_RCC_LSI2_Enable
                0x0800602e       0x22 ./Drivers/STM32WBxx_HAL_Driver/stm32wbxx_hal_rcc.o
 .text.LL_RCC_LSI2_Disable
                0x08006050       0x22 ./Drivers/STM32WBxx_HAL_Driver/stm32wbxx_hal_rcc.o
 .text.LL_RCC_LSI2_IsReady
                0x08006072       0x24 ./Drivers/STM32WBxx_HAL_Driver/stm32wbxx_hal_rcc.o
 .text.LL_RCC_LSI2_SetTrimming
                0x08006096       0x2e ./Drivers/STM32WBxx_HAL_Driver/stm32wbxx_hal_rcc.o
 .text.LL_RCC_MSI_Enable
                0x080060c4       0x1e ./Drivers/STM32WBxx_HAL_Driver/stm32wbxx_hal_rcc.o
 .text.LL_RCC_MSI_Disable
                0x080060e2       0x1e ./Drivers/STM32WBxx_HAL_Driver/stm32wbxx_hal_rcc.o
 .text.LL_RCC_MSI_IsReady
                0x08006100       0x22 ./Drivers/STM32WBxx_HAL_Driver/stm32wbxx_hal_rcc.o
 .text.LL_RCC_MSI_SetRange
                0x08006122       0x28 ./Drivers/STM32WBxx_HAL_Driver/stm32wbxx_hal_rcc.o
 .text.LL_RCC_MSI_GetRange
                0x0800614a       0x2a ./Drivers/STM32WBxx_HAL_Driver/stm32wbxx_hal_rcc.o
 .text.LL_RCC_MSI_SetCalibTrimming
                0x08006174       0x2a ./Drivers/STM32WBxx_HAL_Driver/stm32wbxx_hal_rcc.o
 .text.LL_RCC_SetSysClkSource
                0x0800619e       0x28 ./Drivers/STM32WBxx_HAL_Driver/stm32wbxx_hal_rcc.o
 .text.LL_RCC_GetSysClkSource
                0x080061c6       0x18 ./Drivers/STM32WBxx_HAL_Driver/stm32wbxx_hal_rcc.o
 .text.LL_RCC_SetAHBPrescaler
                0x080061de       0x28 ./Drivers/STM32WBxx_HAL_Driver/stm32wbxx_hal_rcc.o
 .text.LL_C2_RCC_SetAHBPrescaler
                0x08006206       0x2c ./Drivers/STM32WBxx_HAL_Driver/stm32wbxx_hal_rcc.o
 .text.LL_RCC_SetAHB4Prescaler
                0x08006232       0x2e ./Drivers/STM32WBxx_HAL_Driver/stm32wbxx_hal_rcc.o
 .text.LL_RCC_SetAPB1Prescaler
                0x08006260       0x28 ./Drivers/STM32WBxx_HAL_Driver/stm32wbxx_hal_rcc.o
 .text.LL_RCC_SetAPB2Prescaler
                0x08006288       0x28 ./Drivers/STM32WBxx_HAL_Driver/stm32wbxx_hal_rcc.o
 .text.LL_RCC_GetAHBPrescaler
                0x080062b0       0x18 ./Drivers/STM32WBxx_HAL_Driver/stm32wbxx_hal_rcc.o
 .text.LL_RCC_GetAHB4Prescaler
                0x080062c8       0x1c ./Drivers/STM32WBxx_HAL_Driver/stm32wbxx_hal_rcc.o
 .text.LL_RCC_GetAPB1Prescaler
                0x080062e4       0x18 ./Drivers/STM32WBxx_HAL_Driver/stm32wbxx_hal_rcc.o
 .text.LL_RCC_GetAPB2Prescaler
                0x080062fc       0x18 ./Drivers/STM32WBxx_HAL_Driver/stm32wbxx_hal_rcc.o
 .text.LL_RCC_PLL_Enable
                0x08006314       0x1e ./Drivers/STM32WBxx_HAL_Driver/stm32wbxx_hal_rcc.o
 .text.LL_RCC_PLL_Disable
                0x08006332       0x1e ./Drivers/STM32WBxx_HAL_Driver/stm32wbxx_hal_rcc.o
 .text.LL_RCC_PLL_IsReady
                0x08006350       0x24 ./Drivers/STM32WBxx_HAL_Driver/stm32wbxx_hal_rcc.o
 .text.LL_RCC_PLL_GetN
                0x08006374       0x1a ./Drivers/STM32WBxx_HAL_Driver/stm32wbxx_hal_rcc.o
 .text.LL_RCC_PLL_GetR
                0x0800638e       0x18 ./Drivers/STM32WBxx_HAL_Driver/stm32wbxx_hal_rcc.o
 .text.LL_RCC_PLL_GetDivider
                0x080063a6       0x18 ./Drivers/STM32WBxx_HAL_Driver/stm32wbxx_hal_rcc.o
 .text.LL_RCC_PLL_GetMainSource
                0x080063be       0x18 ./Drivers/STM32WBxx_HAL_Driver/stm32wbxx_hal_rcc.o
 .text.LL_RCC_IsActiveFlag_HPRE
                0x080063d6       0x24 ./Drivers/STM32WBxx_HAL_Driver/stm32wbxx_hal_rcc.o
 .text.LL_RCC_IsActiveFlag_C2HPRE
                0x080063fa       0x26 ./Drivers/STM32WBxx_HAL_Driver/stm32wbxx_hal_rcc.o
 .text.LL_RCC_IsActiveFlag_SHDHPRE
                0x08006420       0x26 ./Drivers/STM32WBxx_HAL_Driver/stm32wbxx_hal_rcc.o
 .text.LL_RCC_IsActiveFlag_PPRE1
                0x08006446       0x24 ./Drivers/STM32WBxx_HAL_Driver/stm32wbxx_hal_rcc.o
 .text.LL_RCC_IsActiveFlag_PPRE2
                0x0800646a       0x24 ./Drivers/STM32WBxx_HAL_Driver/stm32wbxx_hal_rcc.o
 *fill*         0x0800648e        0x2 
 .text.HAL_RCC_OscConfig
                0x08006490      0x6e8 ./Drivers/STM32WBxx_HAL_Driver/stm32wbxx_hal_rcc.o
                0x08006490                HAL_RCC_OscConfig
 .text.HAL_RCC_ClockConfig
                0x08006b78      0x280 ./Drivers/STM32WBxx_HAL_Driver/stm32wbxx_hal_rcc.o
                0x08006b78                HAL_RCC_ClockConfig
 .text.HAL_RCC_GetSysClockFreq
                0x08006df8       0xd8 ./Drivers/STM32WBxx_HAL_Driver/stm32wbxx_hal_rcc.o
                0x08006df8                HAL_RCC_GetSysClockFreq
 .text.HAL_RCC_GetHCLKFreq
                0x08006ed0       0x28 ./Drivers/STM32WBxx_HAL_Driver/stm32wbxx_hal_rcc.o
                0x08006ed0                HAL_RCC_GetHCLKFreq
 .text.HAL_RCC_GetPCLK1Freq
                0x08006ef8       0x2c ./Drivers/STM32WBxx_HAL_Driver/stm32wbxx_hal_rcc.o
                0x08006ef8                HAL_RCC_GetPCLK1Freq
 .text.HAL_RCC_GetPCLK2Freq
                0x08006f24       0x2c ./Drivers/STM32WBxx_HAL_Driver/stm32wbxx_hal_rcc.o
                0x08006f24                HAL_RCC_GetPCLK2Freq
 .text.RCC_SetFlashLatencyFromMSIRange
                0x08006f50       0x70 ./Drivers/STM32WBxx_HAL_Driver/stm32wbxx_hal_rcc.o
 .text.RCC_SetFlashLatency
                0x08006fc0       0xf8 ./Drivers/STM32WBxx_HAL_Driver/stm32wbxx_hal_rcc.o
 .text.LL_RCC_LSE_IsEnabled
                0x080070b8       0x24 ./Drivers/STM32WBxx_HAL_Driver/stm32wbxx_hal_rcc_ex.o
 .text.LL_RCC_LSE_IsReady
                0x080070dc       0x24 ./Drivers/STM32WBxx_HAL_Driver/stm32wbxx_hal_rcc_ex.o
 .text.LL_RCC_SetRFWKPClockSource
                0x08007100       0x2c ./Drivers/STM32WBxx_HAL_Driver/stm32wbxx_hal_rcc_ex.o
 .text.LL_RCC_SetSMPSClockSource
                0x0800712c       0x28 ./Drivers/STM32WBxx_HAL_Driver/stm32wbxx_hal_rcc_ex.o
 .text.LL_RCC_SetSMPSPrescaler
                0x08007154       0x28 ./Drivers/STM32WBxx_HAL_Driver/stm32wbxx_hal_rcc_ex.o
 .text.LL_RCC_SetUSARTClockSource
                0x0800717c       0x2c ./Drivers/STM32WBxx_HAL_Driver/stm32wbxx_hal_rcc_ex.o
 .text.LL_RCC_SetLPUARTClockSource
                0x080071a8       0x2c ./Drivers/STM32WBxx_HAL_Driver/stm32wbxx_hal_rcc_ex.o
 .text.LL_RCC_SetI2CClockSource
                0x080071d4       0x3a ./Drivers/STM32WBxx_HAL_Driver/stm32wbxx_hal_rcc_ex.o
 .text.LL_RCC_SetLPTIMClockSource
                0x0800720e       0x34 ./Drivers/STM32WBxx_HAL_Driver/stm32wbxx_hal_rcc_ex.o
 .text.LL_RCC_SetSAIClockSource
                0x08007242       0x2c ./Drivers/STM32WBxx_HAL_Driver/stm32wbxx_hal_rcc_ex.o
 .text.LL_RCC_SetRNGClockSource
                0x0800726e       0x2c ./Drivers/STM32WBxx_HAL_Driver/stm32wbxx_hal_rcc_ex.o
 .text.LL_RCC_SetCLK48ClockSource
                0x0800729a       0x2c ./Drivers/STM32WBxx_HAL_Driver/stm32wbxx_hal_rcc_ex.o
 .text.LL_RCC_SetUSBClockSource
                0x080072c6       0x16 ./Drivers/STM32WBxx_HAL_Driver/stm32wbxx_hal_rcc_ex.o
 .text.LL_RCC_SetADCClockSource
                0x080072dc       0x2c ./Drivers/STM32WBxx_HAL_Driver/stm32wbxx_hal_rcc_ex.o
 .text.LL_RCC_SetRTCClockSource
                0x08007308       0x2c ./Drivers/STM32WBxx_HAL_Driver/stm32wbxx_hal_rcc_ex.o
 .text.LL_RCC_GetRTCClockSource
                0x08007334       0x1a ./Drivers/STM32WBxx_HAL_Driver/stm32wbxx_hal_rcc_ex.o
 .text.LL_RCC_ForceBackupDomainReset
                0x0800734e       0x22 ./Drivers/STM32WBxx_HAL_Driver/stm32wbxx_hal_rcc_ex.o
 .text.LL_RCC_ReleaseBackupDomainReset
                0x08007370       0x22 ./Drivers/STM32WBxx_HAL_Driver/stm32wbxx_hal_rcc_ex.o
 .text.LL_RCC_PLLSAI1_Enable
                0x08007392       0x1e ./Drivers/STM32WBxx_HAL_Driver/stm32wbxx_hal_rcc_ex.o
 .text.LL_RCC_PLLSAI1_Disable
                0x080073b0       0x1e ./Drivers/STM32WBxx_HAL_Driver/stm32wbxx_hal_rcc_ex.o
 .text.LL_RCC_PLLSAI1_IsReady
                0x080073ce       0x24 ./Drivers/STM32WBxx_HAL_Driver/stm32wbxx_hal_rcc_ex.o
 .text.HAL_RCCEx_PeriphCLKConfig
                0x080073f2      0x2ec ./Drivers/STM32WBxx_HAL_Driver/stm32wbxx_hal_rcc_ex.o
                0x080073f2                HAL_RCCEx_PeriphCLKConfig
 .text.RCCEx_PLLSAI1_ConfigNP
                0x080076de       0xb6 ./Drivers/STM32WBxx_HAL_Driver/stm32wbxx_hal_rcc_ex.o
 .text.RCCEx_PLLSAI1_ConfigNQ
                0x08007794       0xb6 ./Drivers/STM32WBxx_HAL_Driver/stm32wbxx_hal_rcc_ex.o
 .text.RCCEx_PLLSAI1_ConfigNR
                0x0800784a       0xb6 ./Drivers/STM32WBxx_HAL_Driver/stm32wbxx_hal_rcc_ex.o
 .text.HAL_RTC_Init
                0x08007900      0x110 ./Drivers/STM32WBxx_HAL_Driver/stm32wbxx_hal_rtc.o
                0x08007900                HAL_RTC_Init
 .text.HAL_RTC_WaitForSynchro
                0x08007a10       0x4c ./Drivers/STM32WBxx_HAL_Driver/stm32wbxx_hal_rtc.o
                0x08007a10                HAL_RTC_WaitForSynchro
 .text.RTC_EnterInitMode
                0x08007a5c       0x70 ./Drivers/STM32WBxx_HAL_Driver/stm32wbxx_hal_rtc.o
                0x08007a5c                RTC_EnterInitMode
 .text.RTC_ExitInitMode
                0x08007acc       0x4c ./Drivers/STM32WBxx_HAL_Driver/stm32wbxx_hal_rtc.o
                0x08007acc                RTC_ExitInitMode
 .text.HAL_RTCEx_SetWakeUpTimer_IT
                0x08007b18      0x198 ./Drivers/STM32WBxx_HAL_Driver/stm32wbxx_hal_rtc_ex.o
                0x08007b18                HAL_RTCEx_SetWakeUpTimer_IT
 .text.HAL_RTCEx_EnableBypassShadow
                0x08007cb0       0x6c ./Drivers/STM32WBxx_HAL_Driver/stm32wbxx_hal_rtc_ex.o
                0x08007cb0                HAL_RTCEx_EnableBypassShadow
 .text.LL_RCC_GetUSARTClockSource
                0x08007d1c       0x20 ./Drivers/STM32WBxx_HAL_Driver/stm32wbxx_hal_uart.o
 .text.LL_RCC_GetLPUARTClockSource
                0x08007d3c       0x20 ./Drivers/STM32WBxx_HAL_Driver/stm32wbxx_hal_uart.o
 .text.HAL_UART_Init
                0x08007d5c       0xa0 ./Drivers/STM32WBxx_HAL_Driver/stm32wbxx_hal_uart.o
                0x08007d5c                HAL_UART_Init
 .text.HAL_UART_Receive_IT
                0x08007dfc       0x98 ./Drivers/STM32WBxx_HAL_Driver/stm32wbxx_hal_uart.o
                0x08007dfc                HAL_UART_Receive_IT
 .text.HAL_UART_Transmit_DMA
                0x08007e94      0x100 ./Drivers/STM32WBxx_HAL_Driver/stm32wbxx_hal_uart.o
                0x08007e94                HAL_UART_Transmit_DMA
 .text.HAL_UART_IRQHandler
                0x08007f94      0x684 ./Drivers/STM32WBxx_HAL_Driver/stm32wbxx_hal_uart.o
                0x08007f94                HAL_UART_IRQHandler
 .text.HAL_UART_TxHalfCpltCallback
                0x08008618       0x14 ./Drivers/STM32WBxx_HAL_Driver/stm32wbxx_hal_uart.o
                0x08008618                HAL_UART_TxHalfCpltCallback
 .text.HAL_UART_ErrorCallback
                0x0800862c       0x14 ./Drivers/STM32WBxx_HAL_Driver/stm32wbxx_hal_uart.o
                0x0800862c                HAL_UART_ErrorCallback
 .text.HAL_UARTEx_RxEventCallback
                0x08008640       0x18 ./Drivers/STM32WBxx_HAL_Driver/stm32wbxx_hal_uart.o
                0x08008640                HAL_UARTEx_RxEventCallback
 .text.UART_SetConfig
                0x08008658      0x450 ./Drivers/STM32WBxx_HAL_Driver/stm32wbxx_hal_uart.o
                0x08008658                UART_SetConfig
 .text.UART_AdvFeatureConfig
                0x08008aa8      0x144 ./Drivers/STM32WBxx_HAL_Driver/stm32wbxx_hal_uart.o
                0x08008aa8                UART_AdvFeatureConfig
 .text.UART_CheckIdleState
                0x08008bec      0x154 ./Drivers/STM32WBxx_HAL_Driver/stm32wbxx_hal_uart.o
                0x08008bec                UART_CheckIdleState
 .text.UART_WaitOnFlagUntilTimeout
                0x08008d40       0xda ./Drivers/STM32WBxx_HAL_Driver/stm32wbxx_hal_uart.o
                0x08008d40                UART_WaitOnFlagUntilTimeout
 *fill*         0x08008e1a        0x2 
 .text.UART_Start_Receive_IT
                0x08008e1c      0x244 ./Drivers/STM32WBxx_HAL_Driver/stm32wbxx_hal_uart.o
                0x08008e1c                UART_Start_Receive_IT
 .text.UART_EndTxTransfer
                0x08009060       0x82 ./Drivers/STM32WBxx_HAL_Driver/stm32wbxx_hal_uart.o
 .text.UART_EndRxTransfer
                0x080090e2       0xcc ./Drivers/STM32WBxx_HAL_Driver/stm32wbxx_hal_uart.o
 .text.UART_DMATransmitCplt
                0x080091ae       0x9a ./Drivers/STM32WBxx_HAL_Driver/stm32wbxx_hal_uart.o
 .text.UART_DMATxHalfCplt
                0x08009248       0x1c ./Drivers/STM32WBxx_HAL_Driver/stm32wbxx_hal_uart.o
 .text.UART_DMAError
                0x08009264       0x80 ./Drivers/STM32WBxx_HAL_Driver/stm32wbxx_hal_uart.o
 .text.UART_DMAAbortOnError
                0x080092e4       0x24 ./Drivers/STM32WBxx_HAL_Driver/stm32wbxx_hal_uart.o
 .text.UART_EndTransmit_IT
                0x08009308       0x56 ./Drivers/STM32WBxx_HAL_Driver/stm32wbxx_hal_uart.o
 *fill*         0x0800935e        0x2 
 .text.UART_RxISR_8BIT
                0x08009360      0x1b8 ./Drivers/STM32WBxx_HAL_Driver/stm32wbxx_hal_uart.o
 .text.UART_RxISR_16BIT
                0x08009518      0x1b8 ./Drivers/STM32WBxx_HAL_Driver/stm32wbxx_hal_uart.o
 .text.UART_RxISR_8BIT_FIFOEN
                0x080096d0      0x364 ./Drivers/STM32WBxx_HAL_Driver/stm32wbxx_hal_uart.o
 .text.UART_RxISR_16BIT_FIFOEN
                0x08009a34      0x36c ./Drivers/STM32WBxx_HAL_Driver/stm32wbxx_hal_uart.o
 .text.HAL_UARTEx_WakeupCallback
                0x08009da0       0x14 ./Drivers/STM32WBxx_HAL_Driver/stm32wbxx_hal_uart_ex.o
                0x08009da0                HAL_UARTEx_WakeupCallback
 .text.HAL_UARTEx_RxFifoFullCallback
                0x08009db4       0x14 ./Drivers/STM32WBxx_HAL_Driver/stm32wbxx_hal_uart_ex.o
                0x08009db4                HAL_UARTEx_RxFifoFullCallback
 .text.HAL_UARTEx_TxFifoEmptyCallback
                0x08009dc8       0x14 ./Drivers/STM32WBxx_HAL_Driver/stm32wbxx_hal_uart_ex.o
                0x08009dc8                HAL_UARTEx_TxFifoEmptyCallback
 .text.HAL_UARTEx_DisableFifoMode
                0x08009ddc       0x72 ./Drivers/STM32WBxx_HAL_Driver/stm32wbxx_hal_uart_ex.o
                0x08009ddc                HAL_UARTEx_DisableFifoMode
 .text.HAL_UARTEx_SetTxFifoThreshold
                0x08009e4e       0x7c ./Drivers/STM32WBxx_HAL_Driver/stm32wbxx_hal_uart_ex.o
                0x08009e4e                HAL_UARTEx_SetTxFifoThreshold
 .text.HAL_UARTEx_SetRxFifoThreshold
                0x08009eca       0x7c ./Drivers/STM32WBxx_HAL_Driver/stm32wbxx_hal_uart_ex.o
                0x08009eca                HAL_UARTEx_SetRxFifoThreshold
 *fill*         0x08009f46        0x2 
 .text.UARTEx_SetNbDataToProcess
                0x08009f48       0x9c ./Drivers/STM32WBxx_HAL_Driver/stm32wbxx_hal_uart_ex.o
 .text.aci_gap_set_discoverable
                0x08009fe4      0x1f4 ./Middlewares/STM32_WPAN/ble_gap_aci.o
                0x08009fe4                aci_gap_set_discoverable
 .text.aci_gap_set_io_capability
                0x0800a1d8       0xa8 ./Middlewares/STM32_WPAN/ble_gap_aci.o
                0x0800a1d8                aci_gap_set_io_capability
 .text.aci_gap_set_authentication_requirement
                0x0800a280      0x188 ./Middlewares/STM32_WPAN/ble_gap_aci.o
                0x0800a280                aci_gap_set_authentication_requirement
 .text.aci_gap_init
                0x0800a408      0x15a ./Middlewares/STM32_WPAN/ble_gap_aci.o
                0x0800a408                aci_gap_init
 .text.aci_gap_update_adv_data
                0x0800a562       0xe4 ./Middlewares/STM32_WPAN/ble_gap_aci.o
                0x0800a562                aci_gap_update_adv_data
 .text.aci_gap_configure_filter_accept_list
                0x0800a646       0x48 ./Middlewares/STM32_WPAN/ble_gap_aci.o
                0x0800a646                aci_gap_configure_filter_accept_list
 .text.aci_gap_start_observation_proc
                0x0800a68e      0x150 ./Middlewares/STM32_WPAN/ble_gap_aci.o
                0x0800a68e                aci_gap_start_observation_proc
 .text.aci_gatt_init
                0x0800a7de       0x4a ./Middlewares/STM32_WPAN/ble_gatt_aci.o
                0x0800a7de                aci_gatt_init
 .text.aci_gatt_update_char_value
                0x0800a828      0x152 ./Middlewares/STM32_WPAN/ble_gatt_aci.o
                0x0800a828                aci_gatt_update_char_value
 .text.aci_gatt_disc_all_primary_services
                0x0800a97a       0xb0 ./Middlewares/STM32_WPAN/ble_gatt_aci.o
                0x0800a97a                aci_gatt_disc_all_primary_services
 .text.aci_gatt_disc_all_char_of_service
                0x0800aa2a      0x102 ./Middlewares/STM32_WPAN/ble_gatt_aci.o
                0x0800aa2a                aci_gatt_disc_all_char_of_service
 .text.aci_gatt_disc_all_char_desc
                0x0800ab2c      0x102 ./Middlewares/STM32_WPAN/ble_gatt_aci.o
                0x0800ab2c                aci_gatt_disc_all_char_desc
 .text.aci_gatt_write_char_desc
                0x0800ac2e      0x13e ./Middlewares/STM32_WPAN/ble_gatt_aci.o
                0x0800ac2e                aci_gatt_write_char_desc
 .text.aci_gatt_write_without_resp
                0x0800ad6c      0x138 ./Middlewares/STM32_WPAN/ble_gatt_aci.o
                0x0800ad6c                aci_gatt_write_without_resp
 .text.aci_hal_write_config_data
                0x0800aea4      0x10a ./Middlewares/STM32_WPAN/ble_hal_aci.o
                0x0800aea4                aci_hal_write_config_data
 .text.aci_hal_set_tx_power_level
                0x0800afae       0xce ./Middlewares/STM32_WPAN/ble_hal_aci.o
                0x0800afae                aci_hal_set_tx_power_level
 .text.hci_reset
                0x0800b07c       0x48 ./Middlewares/STM32_WPAN/ble_hci_le.o
                0x0800b07c                hci_reset
 .text.DbgTrace_TxCpltCallback
                0x0800b0c4       0x70 ./Middlewares/STM32_WPAN/dbg_trace.o
 .text.DbgTraceInit
                0x0800b134       0x2c ./Middlewares/STM32_WPAN/dbg_trace.o
                0x0800b134                DbgTraceInit
 .text._write   0x0800b160       0x20 ./Middlewares/STM32_WPAN/dbg_trace.o
                0x0800b160                _write
 .text.DbgTraceWrite
                0x0800b180       0xb0 ./Middlewares/STM32_WPAN/dbg_trace.o
                0x0800b180                DbgTraceWrite
 .text.hci_init
                0x0800b230       0x38 ./Middlewares/STM32_WPAN/hci_tl.o
                0x0800b230                hci_init
 .text.hci_user_evt_proc
                0x0800b268       0x9c ./Middlewares/STM32_WPAN/hci_tl.o
                0x0800b268                hci_user_evt_proc
 .text.hci_send_req
                0x0800b304      0x108 ./Middlewares/STM32_WPAN/hci_tl.o
                0x0800b304                hci_send_req
 .text.TlInit   0x0800b40c       0x60 ./Middlewares/STM32_WPAN/hci_tl.o
 .text.SendCmd  0x0800b46c       0x4c ./Middlewares/STM32_WPAN/hci_tl.o
 .text.NotifyCmdStatus
                0x0800b4b8       0x40 ./Middlewares/STM32_WPAN/hci_tl.o
 .text.TlEvtReceived
                0x0800b4f8       0x48 ./Middlewares/STM32_WPAN/hci_tl.o
 .text.hci_register_io_bus
                0x0800b540       0x28 ./Middlewares/STM32_WPAN/hci_tl_if.o
                0x0800b540                hci_register_io_bus
 .text.Osal_MemCpy
                0x0800b568       0x20 ./Middlewares/STM32_WPAN/osal.o
                0x0800b568                Osal_MemCpy
 .text.Osal_MemSet
                0x0800b588       0x20 ./Middlewares/STM32_WPAN/osal.o
                0x0800b588                Osal_MemSet
 .text.OTP_Read
                0x0800b5a8       0x50 ./Middlewares/STM32_WPAN/otp.o
                0x0800b5a8                OTP_Read
 .text.SHCI_C2_BLE_Init
                0x0800b5f8       0x2e ./Middlewares/STM32_WPAN/shci.o
                0x0800b5f8                SHCI_C2_BLE_Init
 .text.SHCI_C2_DEBUG_Init
                0x0800b626       0x2e ./Middlewares/STM32_WPAN/shci.o
                0x0800b626                SHCI_C2_DEBUG_Init
 .text.SHCI_C2_Config
                0x0800b654       0x2a ./Middlewares/STM32_WPAN/shci.o
                0x0800b654                SHCI_C2_Config
 *fill*         0x0800b67e        0x2 
 .text.SHCI_GetWirelessFwInfo
                0x0800b680      0x15c ./Middlewares/STM32_WPAN/shci.o
                0x0800b680                SHCI_GetWirelessFwInfo
 .text.shci_init
                0x0800b7dc       0x38 ./Middlewares/STM32_WPAN/shci_tl.o
                0x0800b7dc                shci_init
 .text.shci_user_evt_proc
                0x0800b814       0x9c ./Middlewares/STM32_WPAN/shci_tl.o
                0x0800b814                shci_user_evt_proc
 .text.shci_send
                0x0800b8b0       0x84 ./Middlewares/STM32_WPAN/shci_tl.o
                0x0800b8b0                shci_send
 .text.TlInit   0x0800b934       0x64 ./Middlewares/STM32_WPAN/shci_tl.o
 .text.Cmd_SetStatus
                0x0800b998       0x50 ./Middlewares/STM32_WPAN/shci_tl.o
 .text.TlCmdEvtReceived
                0x0800b9e8       0x16 ./Middlewares/STM32_WPAN/shci_tl.o
 *fill*         0x0800b9fe        0x2 
 .text.TlUserEvtReceived
                0x0800ba00       0x24 ./Middlewares/STM32_WPAN/shci_tl.o
 .text.shci_register_io_bus
                0x0800ba24       0x28 ./Middlewares/STM32_WPAN/shci_tl_if.o
                0x0800ba24                shci_register_io_bus
 .text.LST_init_head
                0x0800ba4c       0x20 ./Middlewares/STM32_WPAN/stm_list.o
                0x0800ba4c                LST_init_head
 .text.LST_is_empty
                0x0800ba6c       0x44 ./Middlewares/STM32_WPAN/stm_list.o
                0x0800ba6c                LST_is_empty
 .text.LST_insert_head
                0x0800bab0       0x4c ./Middlewares/STM32_WPAN/stm_list.o
                0x0800bab0                LST_insert_head
 .text.LST_insert_tail
                0x0800bafc       0x4c ./Middlewares/STM32_WPAN/stm_list.o
                0x0800bafc                LST_insert_tail
 .text.LST_remove_node
                0x0800bb48       0x42 ./Middlewares/STM32_WPAN/stm_list.o
                0x0800bb48                LST_remove_node
 .text.LST_remove_head
                0x0800bb8a       0x3e ./Middlewares/STM32_WPAN/stm_list.o
                0x0800bb8a                LST_remove_head
 .text.CircularQueue_Init
                0x0800bbc8       0x64 ./Middlewares/STM32_WPAN/stm_queue.o
                0x0800bbc8                CircularQueue_Init
 .text.CircularQueue_Add
                0x0800bc2c      0x44c ./Middlewares/STM32_WPAN/stm_queue.o
                0x0800bc2c                CircularQueue_Add
 .text.CircularQueue_Remove
                0x0800c078      0x1de ./Middlewares/STM32_WPAN/stm_queue.o
                0x0800c078                CircularQueue_Remove
 .text.CircularQueue_Sense
                0x0800c256      0x16a ./Middlewares/STM32_WPAN/stm_queue.o
                0x0800c256                CircularQueue_Sense
 .text.BAS_Init
                0x0800c3c0        0xe ./Middlewares/STM32_WPAN/svc_ctl.o
                0x0800c3c0                BAS_Init
 .text.BLS_Init
                0x0800c3ce        0xe ./Middlewares/STM32_WPAN/svc_ctl.o
                0x0800c3ce                BLS_Init
 .text.CRS_STM_Init
                0x0800c3dc        0xe ./Middlewares/STM32_WPAN/svc_ctl.o
                0x0800c3dc                CRS_STM_Init
 .text.DIS_Init
                0x0800c3ea        0xe ./Middlewares/STM32_WPAN/svc_ctl.o
                0x0800c3ea                DIS_Init
 .text.EDS_STM_Init
                0x0800c3f8        0xe ./Middlewares/STM32_WPAN/svc_ctl.o
                0x0800c3f8                EDS_STM_Init
 .text.HIDS_Init
                0x0800c406        0xe ./Middlewares/STM32_WPAN/svc_ctl.o
                0x0800c406                HIDS_Init
 .text.HRS_Init
                0x0800c414        0xe ./Middlewares/STM32_WPAN/svc_ctl.o
                0x0800c414                HRS_Init
 .text.HTS_Init
                0x0800c422        0xe ./Middlewares/STM32_WPAN/svc_ctl.o
                0x0800c422                HTS_Init
 .text.IAS_Init
                0x0800c430        0xe ./Middlewares/STM32_WPAN/svc_ctl.o
                0x0800c430                IAS_Init
 .text.LLS_Init
                0x0800c43e        0xe ./Middlewares/STM32_WPAN/svc_ctl.o
                0x0800c43e                LLS_Init
 .text.TPS_Init
                0x0800c44c        0xe ./Middlewares/STM32_WPAN/svc_ctl.o
                0x0800c44c                TPS_Init
 .text.MOTENV_STM_Init
                0x0800c45a        0xe ./Middlewares/STM32_WPAN/svc_ctl.o
                0x0800c45a                MOTENV_STM_Init
 .text.P2PS_STM_Init
                0x0800c468        0xe ./Middlewares/STM32_WPAN/svc_ctl.o
                0x0800c468                P2PS_STM_Init
 .text.ZDD_STM_Init
                0x0800c476        0xe ./Middlewares/STM32_WPAN/svc_ctl.o
                0x0800c476                ZDD_STM_Init
 .text.OTAS_STM_Init
                0x0800c484        0xe ./Middlewares/STM32_WPAN/svc_ctl.o
                0x0800c484                OTAS_STM_Init
 .text.MESH_Init
                0x0800c492        0xe ./Middlewares/STM32_WPAN/svc_ctl.o
                0x0800c492                MESH_Init
 .text.BVOPUS_STM_Init
                0x0800c4a0        0xe ./Middlewares/STM32_WPAN/svc_ctl.o
                0x0800c4a0                BVOPUS_STM_Init
 .text.SVCCTL_InitCustomSvc
                0x0800c4ae        0xe ./Middlewares/STM32_WPAN/svc_ctl.o
                0x0800c4ae                SVCCTL_InitCustomSvc
 .text.SVCCTL_Init
                0x0800c4bc       0x20 ./Middlewares/STM32_WPAN/svc_ctl.o
                0x0800c4bc                SVCCTL_Init
 .text.SVCCTL_SvcInit
                0x0800c4dc       0x50 ./Middlewares/STM32_WPAN/svc_ctl.o
                0x0800c4dc                SVCCTL_SvcInit
 .text.SVCCTL_RegisterCltHandler
                0x0800c52c       0x34 ./Middlewares/STM32_WPAN/svc_ctl.o
                0x0800c52c                SVCCTL_RegisterCltHandler
 .text.SVCCTL_UserEvtRx
                0x0800c560       0xe0 ./Middlewares/STM32_WPAN/svc_ctl.o
                0x0800c560                SVCCTL_UserEvtRx
 .text.TL_Enable
                0x0800c640        0xc ./Middlewares/STM32_WPAN/tl_mbox.o
                0x0800c640                TL_Enable
 .text.TL_Init  0x0800c64c       0x74 ./Middlewares/STM32_WPAN/tl_mbox.o
                0x0800c64c                TL_Init
 .text.TL_BLE_Init
                0x0800c6c0       0x68 ./Middlewares/STM32_WPAN/tl_mbox.o
                0x0800c6c0                TL_BLE_Init
 .text.TL_BLE_SendCmd
                0x0800c728       0x38 ./Middlewares/STM32_WPAN/tl_mbox.o
                0x0800c728                TL_BLE_SendCmd
 .text.HW_IPCC_BLE_RxEvtNot
                0x0800c760       0x60 ./Middlewares/STM32_WPAN/tl_mbox.o
                0x0800c760                HW_IPCC_BLE_RxEvtNot
 .text.HW_IPCC_BLE_AclDataAckNot
                0x0800c7c0       0x1c ./Middlewares/STM32_WPAN/tl_mbox.o
                0x0800c7c0                HW_IPCC_BLE_AclDataAckNot
 .text.TL_SYS_Init
                0x0800c7dc       0x54 ./Middlewares/STM32_WPAN/tl_mbox.o
                0x0800c7dc                TL_SYS_Init
 .text.TL_SYS_SendCmd
                0x0800c830       0x38 ./Middlewares/STM32_WPAN/tl_mbox.o
                0x0800c830                TL_SYS_SendCmd
 .text.HW_IPCC_SYS_CmdEvtNot
                0x0800c868       0x2c ./Middlewares/STM32_WPAN/tl_mbox.o
                0x0800c868                HW_IPCC_SYS_CmdEvtNot
 .text.HW_IPCC_SYS_EvtNot
                0x0800c894       0x44 ./Middlewares/STM32_WPAN/tl_mbox.o
                0x0800c894                HW_IPCC_SYS_EvtNot
 .text.TL_MM_Init
                0x0800c8d8       0x78 ./Middlewares/STM32_WPAN/tl_mbox.o
                0x0800c8d8                TL_MM_Init
 .text.TL_MM_EvtDone
                0x0800c950       0x30 ./Middlewares/STM32_WPAN/tl_mbox.o
                0x0800c950                TL_MM_EvtDone
 .text.SendFreeBuf
                0x0800c980       0x40 ./Middlewares/STM32_WPAN/tl_mbox.o
 .text.TL_TRACES_Init
                0x0800c9c0       0x24 ./Middlewares/STM32_WPAN/tl_mbox.o
                0x0800c9c0                TL_TRACES_Init
 .text.HW_IPCC_TRACES_EvtNot
                0x0800c9e4       0x34 ./Middlewares/STM32_WPAN/tl_mbox.o
                0x0800c9e4                HW_IPCC_TRACES_EvtNot
 .text.TL_TRACES_EvtReceived
                0x0800ca18       0x14 ./Middlewares/STM32_WPAN/tl_mbox.o
                0x0800ca18                TL_TRACES_EvtReceived
 .text.OutputDbgTrace
                0x0800ca2c       0xbc ./Middlewares/STM32_WPAN/tl_mbox.o
 .text.UTIL_LPM_Init
                0x0800cae8       0x24 ./Utilities/stm32_lpm.o
                0x0800cae8                UTIL_LPM_Init
 .text.UTIL_LPM_SetStopMode
                0x0800cb0c       0x60 ./Utilities/stm32_lpm.o
                0x0800cb0c                UTIL_LPM_SetStopMode
 .text.UTIL_LPM_SetOffMode
                0x0800cb6c       0x60 ./Utilities/stm32_lpm.o
                0x0800cb6c                UTIL_LPM_SetOffMode
 .text.UTIL_SEQ_Run
                0x0800cbcc      0x304 ./Utilities/stm32_seq.o
                0x0800cbcc                UTIL_SEQ_Run
 .text.UTIL_SEQ_RegTask
                0x0800ced0       0x44 ./Utilities/stm32_seq.o
                0x0800ced0                UTIL_SEQ_RegTask
 .text.UTIL_SEQ_SetTask
                0x0800cf14       0x58 ./Utilities/stm32_seq.o
                0x0800cf14                UTIL_SEQ_SetTask
 .text.UTIL_SEQ_PauseTask
                0x0800cf6c       0x40 ./Utilities/stm32_seq.o
                0x0800cf6c                UTIL_SEQ_PauseTask
 .text.UTIL_SEQ_ResumeTask
                0x0800cfac       0x40 ./Utilities/stm32_seq.o
                0x0800cfac                UTIL_SEQ_ResumeTask
 .text.UTIL_SEQ_SetEvt
                0x0800cfec       0x40 ./Utilities/stm32_seq.o
                0x0800cfec                UTIL_SEQ_SetEvt
 .text.UTIL_SEQ_WaitEvt
                0x0800d02c       0x94 ./Utilities/stm32_seq.o
                0x0800d02c                UTIL_SEQ_WaitEvt
 .text.UTIL_SEQ_EvtIdle
                0x0800d0c0       0x1c ./Utilities/stm32_seq.o
                0x0800d0c0                UTIL_SEQ_EvtIdle
 .text.UTIL_SEQ_PreIdle
                0x0800d0dc        0xe ./Utilities/stm32_seq.o
                0x0800d0dc                UTIL_SEQ_PreIdle
 .text.UTIL_SEQ_PostIdle
                0x0800d0ea        0xe ./Utilities/stm32_seq.o
                0x0800d0ea                UTIL_SEQ_PostIdle
 .text.UTIL_SEQ_PreTask
                0x0800d0f8       0x14 ./Utilities/stm32_seq.o
                0x0800d0f8                UTIL_SEQ_PreTask
 .text.UTIL_SEQ_PostTask
                0x0800d10c       0x14 ./Utilities/stm32_seq.o
                0x0800d10c                UTIL_SEQ_PostTask
 .text.UTIL_SEQ_CatchWarning
                0x0800d120       0x16 ./Utilities/stm32_seq.o
                0x0800d120                UTIL_SEQ_CatchWarning
 .text.SEQ_BitPosition
                0x0800d136       0x30 ./Utilities/stm32_seq.o
                0x0800d136                SEQ_BitPosition
 .text.__cvt    0x0800d166       0xca /Applications/STM32CubeIDE.app/Contents/Eclipse/plugins/com.st.stm32cube.ide.mcu.externaltools.gnu-tools-for-stm32.13.3.rel1.macos64_1.0.0.202411102158/tools/bin/../lib/gcc/arm-none-eabi/13.3.1/../../../../arm-none-eabi/lib/thumb/v7e-m+fp/hard/libc_nano.a(libc_a-nano-vfprintf_float.o)
                0x0800d166                __cvt
 .text.__exponent
                0x0800d230       0x74 /Applications/STM32CubeIDE.app/Contents/Eclipse/plugins/com.st.stm32cube.ide.mcu.externaltools.gnu-tools-for-stm32.13.3.rel1.macos64_1.0.0.202411102158/tools/bin/../lib/gcc/arm-none-eabi/13.3.1/../../../../arm-none-eabi/lib/thumb/v7e-m+fp/hard/libc_nano.a(libc_a-nano-vfprintf_float.o)
                0x0800d230                __exponent
 .text._printf_float
                0x0800d2a4      0x454 /Applications/STM32CubeIDE.app/Contents/Eclipse/plugins/com.st.stm32cube.ide.mcu.externaltools.gnu-tools-for-stm32.13.3.rel1.macos64_1.0.0.202411102158/tools/bin/../lib/gcc/arm-none-eabi/13.3.1/../../../../arm-none-eabi/lib/thumb/v7e-m+fp/hard/libc_nano.a(libc_a-nano-vfprintf_float.o)
                0x0800d2a4                _printf_float
 .text._printf_common
                0x0800d6f8       0xda /Applications/STM32CubeIDE.app/Contents/Eclipse/plugins/com.st.stm32cube.ide.mcu.externaltools.gnu-tools-for-stm32.13.3.rel1.macos64_1.0.0.202411102158/tools/bin/../lib/gcc/arm-none-eabi/13.3.1/../../../../arm-none-eabi/lib/thumb/v7e-m+fp/hard/libc_nano.a(libc_a-nano-vfprintf_i.o)
                0x0800d6f8                _printf_common
 *fill*         0x0800d7d2        0x2 
 .text._printf_i
                0x0800d7d4      0x23c /Applications/STM32CubeIDE.app/Contents/Eclipse/plugins/com.st.stm32cube.ide.mcu.externaltools.gnu-tools-for-stm32.13.3.rel1.macos64_1.0.0.202411102158/tools/bin/../lib/gcc/arm-none-eabi/13.3.1/../../../../arm-none-eabi/lib/thumb/v7e-m+fp/hard/libc_nano.a(libc_a-nano-vfprintf_i.o)
                0x0800d7d4                _printf_i
 .text.std      0x0800da10       0x6c /Applications/STM32CubeIDE.app/Contents/Eclipse/plugins/com.st.stm32cube.ide.mcu.externaltools.gnu-tools-for-stm32.13.3.rel1.macos64_1.0.0.202411102158/tools/bin/../lib/gcc/arm-none-eabi/13.3.1/../../../../arm-none-eabi/lib/thumb/v7e-m+fp/hard/libc_nano.a(libc_a-findfp.o)
 .text.stdio_exit_handler
                0x0800da7c       0x18 /Applications/STM32CubeIDE.app/Contents/Eclipse/plugins/com.st.stm32cube.ide.mcu.externaltools.gnu-tools-for-stm32.13.3.rel1.macos64_1.0.0.202411102158/tools/bin/../lib/gcc/arm-none-eabi/13.3.1/../../../../arm-none-eabi/lib/thumb/v7e-m+fp/hard/libc_nano.a(libc_a-findfp.o)
 .text.cleanup_stdio
                0x0800da94       0x40 /Applications/STM32CubeIDE.app/Contents/Eclipse/plugins/com.st.stm32cube.ide.mcu.externaltools.gnu-tools-for-stm32.13.3.rel1.macos64_1.0.0.202411102158/tools/bin/../lib/gcc/arm-none-eabi/13.3.1/../../../../arm-none-eabi/lib/thumb/v7e-m+fp/hard/libc_nano.a(libc_a-findfp.o)
 .text.global_stdio_init.part.0
                0x0800dad4       0x3c /Applications/STM32CubeIDE.app/Contents/Eclipse/plugins/com.st.stm32cube.ide.mcu.externaltools.gnu-tools-for-stm32.13.3.rel1.macos64_1.0.0.202411102158/tools/bin/../lib/gcc/arm-none-eabi/13.3.1/../../../../arm-none-eabi/lib/thumb/v7e-m+fp/hard/libc_nano.a(libc_a-findfp.o)
 .text.__sfp_lock_acquire
                0x0800db10        0xc /Applications/STM32CubeIDE.app/Contents/Eclipse/plugins/com.st.stm32cube.ide.mcu.externaltools.gnu-tools-for-stm32.13.3.rel1.macos64_1.0.0.202411102158/tools/bin/../lib/gcc/arm-none-eabi/13.3.1/../../../../arm-none-eabi/lib/thumb/v7e-m+fp/hard/libc_nano.a(libc_a-findfp.o)
                0x0800db10                __sfp_lock_acquire
 .text.__sfp_lock_release
                0x0800db1c        0xc /Applications/STM32CubeIDE.app/Contents/Eclipse/plugins/com.st.stm32cube.ide.mcu.externaltools.gnu-tools-for-stm32.13.3.rel1.macos64_1.0.0.202411102158/tools/bin/../lib/gcc/arm-none-eabi/13.3.1/../../../../arm-none-eabi/lib/thumb/v7e-m+fp/hard/libc_nano.a(libc_a-findfp.o)
                0x0800db1c                __sfp_lock_release
 .text.__sinit  0x0800db28       0x30 /Applications/STM32CubeIDE.app/Contents/Eclipse/plugins/com.st.stm32cube.ide.mcu.externaltools.gnu-tools-for-stm32.13.3.rel1.macos64_1.0.0.202411102158/tools/bin/../lib/gcc/arm-none-eabi/13.3.1/../../../../arm-none-eabi/lib/thumb/v7e-m+fp/hard/libc_nano.a(libc_a-findfp.o)
                0x0800db28                __sinit
 .text._fwalk_sglue
                0x0800db58       0x3c /Applications/STM32CubeIDE.app/Contents/Eclipse/plugins/com.st.stm32cube.ide.mcu.externaltools.gnu-tools-for-stm32.13.3.rel1.macos64_1.0.0.202411102158/tools/bin/../lib/gcc/arm-none-eabi/13.3.1/../../../../arm-none-eabi/lib/thumb/v7e-m+fp/hard/libc_nano.a(libc_a-fwalk.o)
                0x0800db58                _fwalk_sglue
 .text.printf   0x0800db94       0x24 /Applications/STM32CubeIDE.app/Contents/Eclipse/plugins/com.st.stm32cube.ide.mcu.externaltools.gnu-tools-for-stm32.13.3.rel1.macos64_1.0.0.202411102158/tools/bin/../lib/gcc/arm-none-eabi/13.3.1/../../../../arm-none-eabi/lib/thumb/v7e-m+fp/hard/libc_nano.a(libc_a-printf.o)
                0x0800db94                printf
                0x0800db94                iprintf
 .text._puts_r  0x0800dbb8       0xaa /Applications/STM32CubeIDE.app/Contents/Eclipse/plugins/com.st.stm32cube.ide.mcu.externaltools.gnu-tools-for-stm32.13.3.rel1.macos64_1.0.0.202411102158/tools/bin/../lib/gcc/arm-none-eabi/13.3.1/../../../../arm-none-eabi/lib/thumb/v7e-m+fp/hard/libc_nano.a(libc_a-puts.o)
                0x0800dbb8                _puts_r
 *fill*         0x0800dc62        0x2 
 .text.puts     0x0800dc64       0x10 /Applications/STM32CubeIDE.app/Contents/Eclipse/plugins/com.st.stm32cube.ide.mcu.externaltools.gnu-tools-for-stm32.13.3.rel1.macos64_1.0.0.202411102158/tools/bin/../lib/gcc/arm-none-eabi/13.3.1/../../../../arm-none-eabi/lib/thumb/v7e-m+fp/hard/libc_nano.a(libc_a-puts.o)
                0x0800dc64                puts
 .text.memset   0x0800dc74       0x10 /Applications/STM32CubeIDE.app/Contents/Eclipse/plugins/com.st.stm32cube.ide.mcu.externaltools.gnu-tools-for-stm32.13.3.rel1.macos64_1.0.0.202411102158/tools/bin/../lib/gcc/arm-none-eabi/13.3.1/../../../../arm-none-eabi/lib/thumb/v7e-m+fp/hard/libc_nano.a(libc_a-memset.o)
                0x0800dc74                memset
 .text.__errno  0x0800dc84        0xc /Applications/STM32CubeIDE.app/Contents/Eclipse/plugins/com.st.stm32cube.ide.mcu.externaltools.gnu-tools-for-stm32.13.3.rel1.macos64_1.0.0.202411102158/tools/bin/../lib/gcc/arm-none-eabi/13.3.1/../../../../arm-none-eabi/lib/thumb/v7e-m+fp/hard/libc_nano.a(libc_a-errno.o)
                0x0800dc84                __errno
 .text.__libc_init_array
                0x0800dc90       0x48 /Applications/STM32CubeIDE.app/Contents/Eclipse/plugins/com.st.stm32cube.ide.mcu.externaltools.gnu-tools-for-stm32.13.3.rel1.macos64_1.0.0.202411102158/tools/bin/../lib/gcc/arm-none-eabi/13.3.1/../../../../arm-none-eabi/lib/thumb/v7e-m+fp/hard/libc_nano.a(libc_a-init.o)
                0x0800dc90                __libc_init_array
 .text.__retarget_lock_init_recursive
                0x0800dcd8        0x2 /Applications/STM32CubeIDE.app/Contents/Eclipse/plugins/com.st.stm32cube.ide.mcu.externaltools.gnu-tools-for-stm32.13.3.rel1.macos64_1.0.0.202411102158/tools/bin/../lib/gcc/arm-none-eabi/13.3.1/../../../../arm-none-eabi/lib/thumb/v7e-m+fp/hard/libc_nano.a(libc_a-lock.o)
                0x0800dcd8                __retarget_lock_init_recursive
 .text.__retarget_lock_acquire_recursive
                0x0800dcda        0x2 /Applications/STM32CubeIDE.app/Contents/Eclipse/plugins/com.st.stm32cube.ide.mcu.externaltools.gnu-tools-for-stm32.13.3.rel1.macos64_1.0.0.202411102158/tools/bin/../lib/gcc/arm-none-eabi/13.3.1/../../../../arm-none-eabi/lib/thumb/v7e-m+fp/hard/libc_nano.a(libc_a-lock.o)
                0x0800dcda                __retarget_lock_acquire_recursive
 .text.__retarget_lock_release_recursive
                0x0800dcdc        0x2 /Applications/STM32CubeIDE.app/Contents/Eclipse/plugins/com.st.stm32cube.ide.mcu.externaltools.gnu-tools-for-stm32.13.3.rel1.macos64_1.0.0.202411102158/tools/bin/../lib/gcc/arm-none-eabi/13.3.1/../../../../arm-none-eabi/lib/thumb/v7e-m+fp/hard/libc_nano.a(libc_a-lock.o)
                0x0800dcdc                __retarget_lock_release_recursive
 *fill*         0x0800dcde        0x2 
 .text._localeconv_r
                0x0800dce0        0x8 /Applications/STM32CubeIDE.app/Contents/Eclipse/plugins/com.st.stm32cube.ide.mcu.externaltools.gnu-tools-for-stm32.13.3.rel1.macos64_1.0.0.202411102158/tools/bin/../lib/gcc/arm-none-eabi/13.3.1/../../../../arm-none-eabi/lib/thumb/v7e-m+fp/hard/libc_nano.a(libc_a-localeconv.o)
                0x0800dce0                _localeconv_r
 .text.memcpy   0x0800dce8       0x1c /Applications/STM32CubeIDE.app/Contents/Eclipse/plugins/com.st.stm32cube.ide.mcu.externaltools.gnu-tools-for-stm32.13.3.rel1.macos64_1.0.0.202411102158/tools/bin/../lib/gcc/arm-none-eabi/13.3.1/../../../../arm-none-eabi/lib/thumb/v7e-m+fp/hard/libc_nano.a(libc_a-memcpy-stub.o)
                0x0800dce8                memcpy
 .text.quorem   0x0800dd04      0x110 /Applications/STM32CubeIDE.app/Contents/Eclipse/plugins/com.st.stm32cube.ide.mcu.externaltools.gnu-tools-for-stm32.13.3.rel1.macos64_1.0.0.202411102158/tools/bin/../lib/gcc/arm-none-eabi/13.3.1/../../../../arm-none-eabi/lib/thumb/v7e-m+fp/hard/libc_nano.a(libc_a-dtoa.o)
 *fill*         0x0800de14        0x4 
 .text._dtoa_r  0x0800de18      0xba0 /Applications/STM32CubeIDE.app/Contents/Eclipse/plugins/com.st.stm32cube.ide.mcu.externaltools.gnu-tools-for-stm32.13.3.rel1.macos64_1.0.0.202411102158/tools/bin/../lib/gcc/arm-none-eabi/13.3.1/../../../../arm-none-eabi/lib/thumb/v7e-m+fp/hard/libc_nano.a(libc_a-dtoa.o)
                0x0800de18                _dtoa_r
 .text.__sfputc_r
                0x0800e9b8       0x2e /Applications/STM32CubeIDE.app/Contents/Eclipse/plugins/com.st.stm32cube.ide.mcu.externaltools.gnu-tools-for-stm32.13.3.rel1.macos64_1.0.0.202411102158/tools/bin/../lib/gcc/arm-none-eabi/13.3.1/../../../../arm-none-eabi/lib/thumb/v7e-m+fp/hard/libc_nano.a(libc_a-nano-vfprintf.o)
 .text.__sfputs_r
                0x0800e9e6       0x24 /Applications/STM32CubeIDE.app/Contents/Eclipse/plugins/com.st.stm32cube.ide.mcu.externaltools.gnu-tools-for-stm32.13.3.rel1.macos64_1.0.0.202411102158/tools/bin/../lib/gcc/arm-none-eabi/13.3.1/../../../../arm-none-eabi/lib/thumb/v7e-m+fp/hard/libc_nano.a(libc_a-nano-vfprintf.o)
                0x0800e9e6                __sfputs_r
 *fill*         0x0800ea0a        0x2 
 .text._vfprintf_r
                0x0800ea0c      0x230 /Applications/STM32CubeIDE.app/Contents/Eclipse/plugins/com.st.stm32cube.ide.mcu.externaltools.gnu-tools-for-stm32.13.3.rel1.macos64_1.0.0.202411102158/tools/bin/../lib/gcc/arm-none-eabi/13.3.1/../../../../arm-none-eabi/lib/thumb/v7e-m+fp/hard/libc_nano.a(libc_a-nano-vfprintf.o)
                0x0800ea0c                _vfiprintf_r
                0x0800ea0c                _vfprintf_r