../Drivers/STM32WBxx_HAL_Driver/Inc/stm32wbxx_ll_rcc.h:1679:22:LL_RCC_LSE_SetDriveCapability	16	static
../Drivers/STM32WBxx_HAL_Driver/Inc/stm32wbxx_ll_bus.h:364:22:LL_AHB1_GRP1_EnableClock	24	static
../Drivers/STM32WBxx_HAL_Driver/Inc/stm32wbxx_ll_bus.h:539:22:LL_AHB2_GRP1_EnableClock	24	static
../Core/Src/main.c:77:5:compare_neighbors	24	static
../Core/Src/main.c:82:9:classify_knn	144	static
../Core/Src/main.c:143:5:main	32	static
../Core/Src/main.c:215:6:SystemClock_Config	112	static
../Core/Src/main.c:266:6:PeriphCommonClock_Config	88	static
../Core/Src/main.c:291:13:MX_IPCC_Init	8	static
../Core/Src/main.c:317:6:MX_LPUART1_UART_Init	8	static
../Core/Src/main.c:365:6:MX_USART1_UART_Init	8	static
../Core/Src/main.c:413:13:MX_RF_Init	4	static
../Core/Src/main.c:434:13:MX_RTC_Init	8	static
../Core/Src/main.c:475:13:MX_DMA_Init	8	static
../Core/Src/main.c:498:13:MX_GPIO_Init	32	static
../Core/Src/main.c:530:6:Error_Handler	4	static,ignoring_inline_asm
